Archive member included to satisfy reference by file (symbol)

C:/msys64/opt/wonderful/thirdparty/blocksds/external/nflib/lib\libnflib.a(nf_sprite256.c.o)
                              build/fnaf_ds/source/game.c.o (NF_InitSpriteBuffers)
C:/msys64/opt/wonderful/thirdparty/blocksds/external/nflib/lib\libnflib.a(nf_sound.c.o)
                              build/fnaf_ds/source/init.c.o (NF_InitRawSoundBuffers)
C:/msys64/opt/wonderful/thirdparty/blocksds/external/nflib/lib\libnflib.a(nf_affinebg.c.o)
                              build/fnaf_ds/source/init.c.o (NF_InitAffineBgSys)
C:/msys64/opt/wonderful/thirdparty/blocksds/external/nflib/lib\libnflib.a(nf_2d.c.o)
                              build/fnaf_ds/source/game.c.o (NF_Set2D)
C:/msys64/opt/wonderful/thirdparty/blocksds/external/nflib/lib\libnflib.a(nf_collision.c.o)
                              build/fnaf_ds/source/init.c.o (NF_InitCmapBuffers)
C:/msys64/opt/wonderful/thirdparty/blocksds/external/nflib/lib\libnflib.a(nf_tiledbg.c.o)
                              build/fnaf_ds/source/game.c.o (NF_InitTiledBgBuffers)
C:/msys64/opt/wonderful/thirdparty/blocksds/external/nflib/lib\libnflib.a(nf_text.c.o)
                              build/fnaf_ds/source/game.c.o (NF_InitTextSys)
C:/msys64/opt/wonderful/thirdparty/blocksds/external/nflib/lib\libnflib.a(nf_basic.c.o)
                              C:/msys64/opt/wonderful/thirdparty/blocksds/external/nflib/lib\libnflib.a(nf_sprite256.c.o) (NF_Error)
C:/msys64/opt/wonderful/thirdparty/blocksds/core/libs/libnds/lib\libnds9.a(cp15.s.o)
                              C:/msys64/opt/wonderful/thirdparty/blocksds/core/sys/crts/ds_arm9_crt0.o (CP15_FlushICache)
C:/msys64/opt/wonderful/thirdparty/blocksds/core/libs/libnds/lib\libnds9.a(mpu_setup.s.o)
                              C:/msys64/opt/wonderful/thirdparty/blocksds/core/sys/crts/ds_arm9_crt0.o (__libnds_mpu_setup)
C:/msys64/opt/wonderful/thirdparty/blocksds/core/libs/libnds/lib\libnds9.a(dma.s.o)
                              C:/msys64/opt/wonderful/thirdparty/blocksds/external/nflib/lib\libnflib.a(nf_basic.c.o) (dmaSetParams)
C:/msys64/opt/wonderful/thirdparty/blocksds/core/libs/libnds/lib\libnds9.a(memcpy.s.o)
                              C:/msys64/opt/wonderful/thirdparty/blocksds/external/nflib/lib\libnflib.a(nf_sprite256.c.o) (memcpy)
C:/msys64/opt/wonderful/thirdparty/blocksds/core/libs/libnds/lib\libnds9.a(memset.s.o)
                              C:/msys64/opt/wonderful/thirdparty/blocksds/external/nflib/lib\libnflib.a(nf_sprite256.c.o) (memset)
C:/msys64/opt/wonderful/thirdparty/blocksds/core/libs/libnds/lib\libnds9.a(console.c.o)
                              build/fnaf_ds/source/init.c.o (consoleDemoInit)
C:/msys64/opt/wonderful/thirdparty/blocksds/core/libs/libnds/lib\libnds9.a(chdir.c.o)
                              C:/msys64/opt/wonderful/thirdparty/blocksds/external/nflib/lib\libnflib.a(nf_basic.c.o) (chdir)
C:/msys64/opt/wonderful/thirdparty/blocksds/core/libs/libnds/lib\libnds9.a(crt0_argv.c.o)
                              C:/msys64/opt/wonderful/thirdparty/blocksds/core/sys/crts/ds_arm9_crt0.o (build_argv)
C:/msys64/opt/wonderful/thirdparty/blocksds/core/libs/libnds/lib\libnds9.a(fatfs.c.o)
                              C:/msys64/opt/wonderful/thirdparty/blocksds/core/libs/libnds/lib\libnds9.a(chdir.c.o) (fatfs_error_to_posix)
C:/msys64/opt/wonderful/thirdparty/blocksds/core/libs/libnds/lib\libnds9.a(filesystem.c.o)
                              C:/msys64/opt/wonderful/thirdparty/blocksds/external/nflib/lib\libnflib.a(nf_basic.c.o) (access)
C:/msys64/opt/wonderful/thirdparty/blocksds/core/libs/libnds/lib\libnds9.a(iob.c.o)
                              C:/msys64/opt/wonderful/thirdparty/blocksds/core/libs/libnds/lib\libnds9.a(console.c.o) (stderr)
C:/msys64/opt/wonderful/thirdparty/blocksds/core/libs/libnds/lib\libnds9.a(nitrofs.c.o)
                              C:/msys64/opt/wonderful/thirdparty/blocksds/core/libs/libnds/lib\libnds9.a(filesystem.c.o) (nitrofs_use_for_path)
C:/msys64/opt/wonderful/thirdparty/blocksds/core/libs/libnds/lib\libnds9.a(sound.c.o)
                              build/fnaf_ds/source/init.c.o (soundEnable)
C:/msys64/opt/wonderful/thirdparty/blocksds/core/libs/libnds/lib\libnds9.a(card.c.o)
                              C:/msys64/opt/wonderful/thirdparty/blocksds/core/libs/libnds/lib\libnds9.a(nitrofs.c.o) (cardReadArm7)
C:/msys64/opt/wonderful/thirdparty/blocksds/core/libs/libnds/lib\libnds9.a(dldi.c.o)
                              C:/msys64/opt/wonderful/thirdparty/blocksds/core/libs/libnds/lib\libnds9.a(nitrofs.c.o) (dldiGetMode)
C:/msys64/opt/wonderful/thirdparty/blocksds/core/libs/libnds/lib\libnds9.a(nandfs.c.o)
                              C:/msys64/opt/wonderful/thirdparty/blocksds/core/libs/libnds/lib\libnds9.a(fatfs.c.o) (nand_WriteProtect)
C:/msys64/opt/wonderful/thirdparty/blocksds/core/libs/libnds/lib\libnds9.a(sdmmc.c.o)
[...]
Memory Configuration

Name             Origin             Length             Attributes
ewram            0x02000000         0x00380000
dtcm             0x02ff0000         0x00004000
itcm             0x01000000         0x00008000
*default*        0x00000000         0xffffffff

Linker script and memory map

                0x00000000                        PROVIDE (__dtcm_data_size = 0x0)
                0x00000001                        ASSERT (((__dtcm_data_size & 0x3) == 0x0), __dtcm_data_size must be a multiple of 4)
                0x00004000                        PROVIDE (__dldi_size = 0x4000)
                0x00000040                        PROVIDE (__dtcm_reserved_size = 0x40)
                0x00000001                        ASSERT (((__dtcm_reserved_size & 0x3) == 0x0), __dtcm_reserved_size must be a multiple of 4)
                0x00000100                        PROVIDE (__svc_stack_size = 0x100)
                0x00000001                        ASSERT (((__svc_stack_size & 0x3) == 0x0), __svc_stack_size must be a multiple of 4)
                0x00000100                        PROVIDE (__irq_stack_size = 0x100)
                0x00000001                        ASSERT (((__irq_stack_size & 0x3) == 0x0), __irq_stack_size must be a multiple of 4)
                0x00000000                        PROVIDE (__usr_stack_size = 0x0)
                0x00000001                        ASSERT (((__usr_stack_size & 0x3) == 0x0), __usr_stack_size must be a multiple of 4)
                0x02380000                        __ewram_end = (ORIGIN (ewram) + LENGTH (ewram))
                0x02380000                        __eheap_end = (ORIGIN (ewram) + LENGTH (ewram))
                0x02ff0000                        __dtcm_start = ORIGIN (dtcm)
                0x02ff4000                        __dtcm_top = (ORIGIN (dtcm) + LENGTH (dtcm))
                0x02ff3ff8                        __irq_flags = (__dtcm_top - 0x8)
                0x02ff3ffc                        __irq_vector = (__dtcm_top - 0x4)
                0x02ff3fc0                        __sp_svc = (__dtcm_top - __dtcm_reserved_size)
                0x02ff3ec0                        __sp_irq = (__sp_svc - __svc_stack_size)
                0x02ff3dc0                        __sp_usr = ((__sp_irq - __irq_stack_size) - __dtcm_data_size)
                0x02ff0000                        __dtcm_data_start = (__dtcm_data_size > 0x0)?__sp_usr:ORIGIN (dtcm)
                0x02ff3dc0                        __dtcm_data_top = (__dtcm_data_size > 0x0)?(__sp_irq - __irq_stack_size):(__sp_usr - __usr_stack_size)
                0x0000000e                        __dldi_log2_size = (LOG2CEIL ((__dldi_size + 0x1)) - 0x1)

.secure         0x02000000      0x800
 *(.secure)
 .secure        0x02000000      0x800 C:/msys64/opt/wonderful/thirdparty/blocksds/core/libs/libnds/lib\libnds9.a(securearea.c.o)
                0x02000000                __secure_area__

.crt0           0x02000800      0x2f0
                0x02000800                        __text_start = .
 *(.crt0)
 .crt0          0x02000800      0x2f0 C:/msys64/opt/wonderful/thirdparty/blocksds/core/sys/crts/ds_arm9_crt0.o
                0x02000800                _start
                0x02000af0                        . = ALIGN (0x4)

.dldi           0x02000b00     0x4000
                0x02000b00                        __dldi_start = .
 *(.dldi)
 .dldi          0x02000b00       0x88 C:/msys64/opt/wonderful/thirdparty/blocksds/core/libs/libnds/lib\libnds9.a(dldi_stub.s.o)
                0x02000b00                _io_dldi_stub
                0x02000b88                        . = ALIGN (0x4)
                0x02000b88                        __dldi_data_end = .
                0x02004b00                        __dldi_end = (__dldi_data_end > __dldi_start)?(__dldi_start + __dldi_size):__dldi_start
                0x02004b00                        . = __dldi_end
 *fill*         0x02000b88     0x3f78 00
                0x02004b00                        . = ALIGN (0x4)

.plt
 *(.plt)

.init           0x02004b00        0x8
 *(SORT_NONE(.init))
 .init          0x02004b00        0x8 C:/msys64/opt/wonderful/toolchain/gcc-arm-none-eabi/lib/gcc/arm-none-eabi/15.2.1/thumb/arm946e-s/crtn.o

.text           0x02004b08    0x117b8
 *(EXCLUDE_FILE(*.twl* *.itcm*) .text)
 .text          0x02004b08       0x14 C:/msys64/opt/wonderful/toolchain/gcc-arm-none-eabi/lib/gcc/arm-none-eabi/15.2.1/../../../../arm-none-eabi/lib/thumb/arm946e-s\libc.a(strcmp.S.o)
                0x02004b08                strcmp
 .text          0x02004b1c        0xe C:/msys64/opt/wonderful/toolchain/gcc-arm-none-eabi/lib/gcc/arm-none-eabi/15.2.1/../../../../arm-none-eabi/lib/thumb/arm946e-s\libc.a(strlen.S.o)
                0x02004b1c                strlen
 *fill*         0x02004b2a        0x2 ff
 .text          0x02004b2c       0x14 C:/msys64/opt/wonderful/toolchain/gcc-arm-none-eabi/lib/gcc/arm-none-eabi/15.2.1/thumb/arm946e-s\libgcc.a(_thumb1_case_uqi.o)
                0x02004b2c                __gnu_thumb1_case_uqi
 .text          0x02004b40       0x14 C:/msys64/opt/wonderful/toolchain/gcc-arm-none-eabi/lib/gcc/arm-none-eabi/15.2.1/thumb/arm946e-s\libgcc.a(_thumb1_case_uhi.o)
                0x02004b40                __gnu_thumb1_case_uhi
 .text          0x02004b54      0x26c C:/msys64/opt/wonderful/toolchain/gcc-arm-none-eabi/lib/gcc/arm-none-eabi/15.2.1/thumb/arm946e-s\libgcc.a(_arm_muldf3.o)
                0x02004b54                __muldf3
                0x02004b54                __aeabi_dmul
 .text          0x02004dc0      0x214 C:/msys64/opt/wonderful/toolchain/gcc-arm-none-eabi/lib/gcc/arm-none-eabi/15.2.1/thumb/arm946e-s\libgcc.a(_udivsi3.o)
                0x02004dc0                __aeabi_uidiv
                0x02004dc0                __udivsi3
                0x02004fb4                __aeabi_uidivmod
 .text          0x02004fd4      0x248 C:/msys64/opt/wonderful/toolchain/gcc-arm-none-eabi/lib/gcc/arm-none-eabi/15.2.1/thumb/arm946e-s\libgcc.a(_divsi3.o)
                0x02004fd4                __divsi3
                0x02004fd4                __aeabi_idiv
                0x020051fc                __aeabi_idivmod
 .text          0x0200521c        0x4 C:/msys64/opt/wonderful/toolchain/gcc-arm-none-eabi/lib/gcc/arm-none-eabi/15.2.1/thumb/arm946e-s\libgcc.a(_dvmd_tls.o)
                0x0200521c                __aeabi_idiv0
                0x0200521c                __aeabi_ldiv0
 .text          0x02005220       0x18 C:/msys64/opt/wonderful/toolchain/gcc-arm-none-eabi/lib/gcc/arm-none-eabi/15.2.1/thumb/arm946e-s\libgcc.a(_lshrdi3.o)
                0x02005220                __lshrdi3
                0x02005220                __aeabi_llsr
 .text          0x02005238       0x1c C:/msys64/opt/wonderful/toolchain/gcc-arm-none-eabi/lib/gcc/arm-none-eabi/15.2.1/thumb/arm946e-s\libgcc.a(_ashrdi3.o)
                0x02005238                __aeabi_lasr
                0x02005238                __ashrdi3
 .text          0x02005254       0x18 C:/msys64/opt/wonderful/toolchain/gcc-arm-none-eabi/lib/gcc/arm-none-eabi/15.2.1/thumb/arm946e-s\libgcc.a(_ashldi3.o)
                0x02005254                __aeabi_llsl
                0x02005254                __ashldi3
 .text          0x0200526c      0x3c0 C:/msys64/opt/wonderful/toolchain/gcc-arm-none-eabi/lib/gcc/arm-none-eabi/15.2.1/thumb/arm946e-s\libgcc.a(_arm_addsubdf3.o)
                0x0200526c                __aeabi_drsub
                0x02005274                __aeabi_dsub
                0x02005274                __subdf3
                0x02005278                __aeabi_dadd
                0x02005278                __adddf3
                0x02005524                __floatunsidf
                0x02005524                __aeabi_ui2d
                0x02005548                __floatsidf
                0x02005548                __aeabi_i2d
                0x02005570                __aeabi_f2d
                0x02005570                __extendsfdf2
                0x020055b8                __floatundidf
                0x020055b8                __aeabi_ul2d
                0x020055cc                __floatdidf
                0x020055cc                __aeabi_l2d
 .text          0x0200562c      0x12c C:/msys64/opt/wonderful/toolchain/gcc-arm-none-eabi/lib/gcc/arm-none-eabi/15.2.1/thumb/arm946e-s\libgcc.a(_arm_cmpdf2.o)
                0x0200562c                __gtdf2
                0x0200562c                __gedf2
                0x02005634                __ltdf2
                0x02005634                __ledf2
                0x0200563c                __nedf2
                0x0200563c                __eqdf2
                0x0200563c                __cmpdf2
                0x020056c4                __aeabi_cdrcmple
                0x020056e0                __aeabi_cdcmpeq
                0x020056e0                __aeabi_cdcmple
                0x020056f4                __aeabi_dcmpeq
                0x02005708                __aeabi_dcmplt
                0x0200571c                __aeabi_dcmple
                0x02005730                __aeabi_dcmpge
                0x02005744                __aeabi_dcmpgt
 .text          0x02005758       0xa0 C:/msys64/opt/wonderful/toolchain/gcc-arm-none-eabi/lib/gcc/arm-none-eabi/15.2.1/thumb/arm946e-s\libgcc.a(_arm_truncdfsf2.o)
                0x02005758                __truncdfsf2
                0x02005758                __aeabi_d2f
 .text          0x020057f8      0x250 C:/msys64/opt/wonderful/toolchain/gcc-arm-none-eabi/lib/gcc/arm-none-eabi/15.2.1/thumb/arm946e-s\libgcc.a(_arm_addsubsf3.o)
                0x020057f8                __aeabi_frsub
                0x02005800                __subsf3
                0x02005800                __aeabi_fsub
                0x02005804                __aeabi_fadd
                0x02005804                __addsf3
                0x02005994                __aeabi_ui2f
                0x02005994                __floatunsisf
                0x0200599c                __aeabi_i2f
                0x0200599c                __floatsisf
                0x020059bc                __aeabi_ul2f
                0x020059bc                __floatundisf
                0x020059cc                __aeabi_l2f
                0x020059cc                __floatdisf
 .text          0x02005a48       0xfc C:/msys64/opt/wonderful/toolchain/gcc-arm-none-eabi/lib/gcc/arm-none-eabi/15.2.1/thumb/arm946e-s\libgcc.a(_arm_cmpsf2.o)
                0x02005a48                __gesf2
                0x02005a48                __gtsf2
                0x02005a50                __lesf2
                0x02005a50                __ltsf2
                0x02005a58                __nesf2
                0x02005a58                __eqsf2
                0x02005a58                __cmpsf2
                0x02005abc                __aeabi_cfrcmple
                0x02005acc                __aeabi_cfcmpeq
                0x02005acc                __aeabi_cfcmple
                0x02005ae0                __aeabi_fcmpeq
                0x02005af4                __aeabi_fcmplt
                0x02005b08                __aeabi_fcmple
                0x02005b1c                __aeabi_fcmpge
                0x02005b30                __aeabi_fcmpgt
 .text          0x02005b44       0x5c C:/msys64/opt/wonderful/toolchain/gcc-arm-none-eabi/lib/gcc/arm-none-eabi/15.2.1/thumb/arm946e-s\libgcc.a(_arm_fixsfsi.o)
                0x02005b44                __aeabi_f2iz
                0x02005b44                __fixsfsi
 .text          0x02005ba0        0x8 C:/msys64/opt/wonderful/toolchain/gcc-arm-none-eabi/lib/gcc/arm-none-eabi/15.2.1/thumb/arm946e-s\libgcc.a(_clzsi2.o)
                0x02005ba0                __clzsi2
 .text          0x02005ba8       0x14 C:/msys64/opt/wonderful/toolchain/gcc-arm-none-eabi/lib/gcc/arm-none-eabi/15.2.1/thumb/arm946e-s\libgcc.a(_clzdi2.o)
                0x02005ba8                __clzdi2
 .text          0x02005bbc       0xd4 C:/msys64/opt/wonderful/toolchain/gcc-arm-none-eabi/lib/gcc/arm-none-eabi/15.2.1/thumb/arm946e-s\libgcc.a(_aeabi_ldivmod.o)
                0x02005bbc                __aeabi_ldivmod
 .text          0x02005c90       0x3c C:/msys64/opt/wonderful/toolchain/gcc-arm-none-eabi/lib/gcc/arm-none-eabi/15.2.1/thumb/arm946e-s\libgcc.a(_aeabi_uldivmod.o)
                0x02005c90                __aeabi_uldivmod
 .text          0x02005ccc      0x190 C:/msys64/opt/wonderful/toolchain/gcc-arm-none-eabi/lib/gcc/arm-none-eabi/15.2.1/thumb/arm946e-s\libgcc.a(_udivmoddi4.o)
                0x02005ccc                __udivmoddi4
 .text          0x02005e5c       0x14 C:/msys64/opt/wonderful/toolchain/gcc-arm-none-eabi/lib/gcc/arm-none-eabi/15.2.1/thumb/arm946e-s\libgcc.a(muldi3.o)
                0x02005e5c                __muldi3
                0x02005e5c                __aeabi_lmul
 *(EXCLUDE_FILE(*.twl* *.itcm*) .stub)
 *(EXCLUDE_FILE(*.twl* *.itcm*) .text.*)
 .text.daTimeShit
                0x02005e70       0x50 build/fnaf_ds/source/daTime.c.o
                0x02005e70                daTimeShit
 .text.onCreate
                0x02005ec0      0x48c build/fnaf_ds/source/game.c.o
                0x02005ec0                onCreate
 .text.onPostCreate
                0x0200634c       0x60 build/fnaf_ds/source/game.c.o
                0x0200634c                onPostCreate
 .text.onUpdate
                0x020063ac      0x76c build/fnaf_ds/source/game.c.o
                0x020063ac                onUpdate
 .text.initEverything
                0x02006b18       0xe0 build/fnaf_ds/source/init.c.o
                0x02006b18                initEverything
 .text.startup.main
                0x02006bf8        0xc build/fnaf_ds/source/main.c.o
                0x02006bf8                main
 .text.menuCreate
                0x02006c04      0x284 build/fnaf_ds/source/mainmenu.c.o
                0x02006c04                menuCreate
 .text.menuUpdate
                0x02006e88      0x310 build/fnaf_ds/source/mainmenu.c.o
                0x02006e88                menuUpdate
 .text.newspaperStuff
                0x02007198       0x88 build/fnaf_ds/source/newspaper.c.o
                0x02007198                newspaperStuff
 .text.NF_InitSpriteBuffers
                0x02007220       0x5c C:/msys64/opt/wonderful/thirdparty/blocksds/external/nflib/lib\libnflib.a(nf_sprite256.c.o)
                0x02007220                NF_InitSpriteBuffers
 .text.NF_ResetSpriteBuffers
                0x0200727c       0x34 C:/msys64/opt/wonderful/thirdparty/blocksds/external/nflib/lib\libnflib.a(nf_sprite256.c.o)
                0x0200727c                NF_ResetSpriteBuffers
 .text.NF_InitSpriteSys
                0x020072b0      0x1f8 C:/msys64/opt/wonderful/thirdparty/blocksds/external/nflib/lib\libnflib.a(nf_sprite256.c.o)
                0x020072b0                NF_InitSpriteSys
 .text.NF_LoadSpriteGfx
                0x020074a8       0x94 C:/msys64/opt/wonderful/thirdparty/blocksds/external/nflib/lib\libnflib.a(nf_sprite256.c.o)
                0x020074a8                NF_LoadSpriteGfx
 .text.NF_UnloadSpriteGfx
                0x0200753c       0x64 C:/msys64/opt/wonderful/thirdparty/blocksds/external/nflib/lib\libnflib.a(nf_sprite256.c.o)
                0x0200753c                NF_UnloadSpriteGfx
 .text.NF_LoadSpritePal
                0x020075a0       0x7c C:/msys64/opt/wonderful/thirdparty/blocksds/external/nflib/lib\libnflib.a(nf_sprite256.c.o)
                0x020075a0                NF_LoadSpritePal
 .text.NF_UnloadSpritePal
                0x0200761c       0x5c C:/msys64/opt/wonderful/thirdparty/blocksds/external/nflib/lib\libnflib.a(nf_sprite256.c.o)
                0x0200761c                NF_UnloadSpritePal
 .text.NF_VramSpriteGfx
                0x02007678      0x27c C:/msys64/opt/wonderful/thirdparty/blocksds/external/nflib/lib\libnflib.a(nf_sprite256.c.o)
                0x02007678                NF_VramSpriteGfx
 .text.NF_VramSpriteGfxDefrag
                0x020078f4      0x200 C:/msys64/opt/wonderful/thirdparty/blocksds/external/nflib/lib\libnflib.a(nf_sprite256.c.o)
                0x020078f4                NF_VramSpriteGfxDefrag
 .text.NF_FreeSpriteGfx
                0x02007af4       0xd4 C:/msys64/opt/wonderful/thirdparty/blocksds/external/nflib/lib\libnflib.a(nf_sprite256.c.o)
                0x02007af4                NF_FreeSpriteGfx
 .text.NF_VramSpritePal
                0x02007bc8       0xb0 C:/msys64/opt/wonderful/thirdparty/blocksds/external/nflib/lib\libnflib.a(nf_sprite256.c.o)
                0x02007bc8                NF_VramSpritePal
 .text.NF_CreateSprite
                0x02007c78      0x1c8 C:/msys64/opt/wonderful/thirdparty/blocksds/external/nflib/lib\libnflib.a(nf_sprite256.c.o)
                0x02007c78                NF_CreateSprite
 .text.NF_DeleteSprite
                0x02007e40       0x84 C:/msys64/opt/wonderful/thirdparty/blocksds/external/nflib/lib\libnflib.a(nf_sprite256.c.o)
                0x02007e40                NF_DeleteSprite
 .text.NF_SpriteOamSet
                0x02007ec4       0xc0 C:/msys64/opt/wonderful/thirdparty/blocksds/external/nflib/lib\libnflib.a(nf_sprite256.c.o)
                0x02007ec4                NF_SpriteOamSet
 .text.NF_InitRawSoundBuffers
                0x02007f84       0x34 C:/msys64/opt/wonderful/thirdparty/blocksds/external/nflib/lib\libnflib.a(nf_sound.c.o)
                0x02007f84                NF_InitRawSoundBuffers
 .text.NF_ResetRawSoundBuffers
                0x02007fb8       0x44 C:/msys64/opt/wonderful/thirdparty/blocksds/external/nflib/lib\libnflib.a(nf_sound.c.o)
                0x02007fb8                NF_ResetRawSoundBuffers
 .text.NF_LoadRawSound
                0x02007ffc       0xa8 C:/msys64/opt/wonderful/thirdparty/blocksds/external/nflib/lib\libnflib.a(nf_sound.c.o)
                0x02007ffc                NF_LoadRawSound
 .text.NF_UnloadRawSound
                0x020080a4       0x58 C:/msys64/opt/wonderful/thirdparty/blocksds/external/nflib/lib\libnflib.a(nf_sound.c.o)
                0x020080a4                NF_UnloadRawSound
 .text.NF_PlayRawSound
                0x020080fc       0x70 C:/msys64/opt/wonderful/thirdparty/blocksds/external/nflib/lib\libnflib.a(nf_sound.c.o)
                0x020080fc                NF_PlayRawSound
 .text.NF_InitAffineBgSys
                0x0200816c       0xd0 C:/msys64/opt/wonderful/thirdparty/blocksds/external/nflib/lib\libnflib.a(nf_affinebg.c.o)
                0x0200816c                NF_InitAffineBgSys
 .text.NF_Set2D
                0x0200823c       0x64 C:/msys64/opt/wonderful/thirdparty/blocksds/external/nflib/lib\libnflib.a(nf_2d.c.o)
                0x0200823c                NF_Set2D
 .text.NF_ShowBg
                0x020082a0       0x74 C:/msys64/opt/wonderful/thirdparty/blocksds/external/nflib/lib\libnflib.a(nf_2d.c.o)
                0x020082a0                NF_ShowBg
 .text.NF_HideBg
                0x02008314       0x9c C:/msys64/opt/wonderful/thirdparty/blocksds/external/nflib/lib\libnflib.a(nf_2d.c.o)
                0x02008314                NF_HideBg
 .text.NF_ScrollBg
                0x020083b0      0x2fc C:/msys64/opt/wonderful/thirdparty/blocksds/external/nflib/lib\libnflib.a(nf_2d.c.o)
                0x020083b0                NF_ScrollBg
 .text.NF_SpriteFrame
                0x020086ac       0xbc C:/msys64/opt/wonderful/thirdparty/blocksds/external/nflib/lib\libnflib.a(nf_2d.c.o)
                0x020086ac                NF_SpriteFrame
 .text.NF_EnableSpriteRotScale
                0x02008768       0x74 C:/msys64/opt/wonderful/thirdparty/blocksds/external/nflib/lib\libnflib.a(nf_2d.c.o)
                0x02008768                NF_EnableSpriteRotScale
 .text.NF_SpriteRotScale
                0x020087dc       0xa8 C:/msys64/opt/wonderful/thirdparty/blocksds/external/nflib/lib\libnflib.a(nf_2d.c.o)
                0x020087dc                NF_SpriteRotScale
 .text.NF_InitCmapBuffers
                0x02008884       0xb4 C:/msys64/opt/wonderful/thirdparty/blocksds/external/nflib/lib\libnflib.a(nf_collision.c.o)
                0x02008884                NF_InitCmapBuffers
 .text.NF_InitTiledBgBuffers
                0x02008938       0x98 C:/msys64/opt/wonderful/thirdparty/blocksds/external/nflib/lib\libnflib.a(nf_tiledbg.c.o)
                0x02008938                NF_InitTiledBgBuffers
 .text.NF_ResetTiledBgBuffers
                0x020089d0       0x5c C:/msys64/opt/wonderful/thirdparty/blocksds/external/nflib/lib\libnflib.a(nf_tiledbg.c.o)
                0x020089d0                NF_ResetTiledBgBuffers
 .text.NF_InitTiledBgSys
                0x02008a2c      0x148 C:/msys64/opt/wonderful/thirdparty/blocksds/external/nflib/lib\libnflib.a(nf_tiledbg.c.o)
                0x02008a2c                NF_InitTiledBgSys
 .text.NF_LoadTiledBg
                0x02008b74      0x1a4 C:/msys64/opt/wonderful/thirdparty/blocksds/external/nflib/lib\libnflib.a(nf_tiledbg.c.o)
                0x02008b74                NF_LoadTiledBg
 .text.NF_UnloadTiledBg
                0x02008d18       0x9c C:/msys64/opt/wonderful/thirdparty/blocksds/external/nflib/lib\libnflib.a(nf_tiledbg.c.o)
                0x02008d18                NF_UnloadTiledBg
 .text.NF_DeleteTiledBg
                0x02008db4      0x17c C:/msys64/opt/wonderful/thirdparty/blocksds/external/nflib/lib\libnflib.a(nf_tiledbg.c.o)
                0x02008db4                NF_DeleteTiledBg
 .text.NF_CreateTiledBg
                0x02008f30      0x5ac C:/msys64/opt/wonderful/thirdparty/blocksds/external/nflib/lib\libnflib.a(nf_tiledbg.c.o)
                0x02008f30                NF_CreateTiledBg
 .text.NF_GetTileMapAddress
                0x020094dc       0x90 C:/msys64/opt/wonderful/thirdparty/blocksds/external/nflib/lib\libnflib.a(nf_tiledbg.c.o)
                0x020094dc                NF_GetTileMapAddress
 .text.NF_SetTileOfMap
                0x0200956c       0x44 C:/msys64/opt/wonderful/thirdparty/blocksds/external/nflib/lib\libnflib.a(nf_tiledbg.c.o)
                0x0200956c                NF_SetTileOfMap
 .text.NF_UpdateVramMap
                0x020095b0       0xf8 C:/msys64/opt/wonderful/thirdparty/blocksds/external/nflib/lib\libnflib.a(nf_tiledbg.c.o)
                0x020095b0                NF_UpdateVramMap
 .text.NF_RotateTileGfx
                0x020096a8      0x100 C:/msys64/opt/wonderful/thirdparty/blocksds/external/nflib/lib\libnflib.a(nf_tiledbg.c.o)
                0x020096a8                NF_RotateTileGfx
 .text.NF_InitTextSys
                0x020097a8       0x34 C:/msys64/opt/wonderful/thirdparty/blocksds/external/nflib/lib\libnflib.a(nf_text.c.o)
                0x020097a8                NF_InitTextSys
 .text.NF_LoadTextFont
                0x020097dc      0x1d8 C:/msys64/opt/wonderful/thirdparty/blocksds/external/nflib/lib\libnflib.a(nf_text.c.o)
                0x020097dc                NF_LoadTextFont
 .text.NF_CreateTextLayer
                0x020099b4       0x8c C:/msys64/opt/wonderful/thirdparty/blocksds/external/nflib/lib\libnflib.a(nf_text.c.o)
                0x020099b4                NF_CreateTextLayer
 .text.NF_WriteText
                0x02009a40      0x2a4 C:/msys64/opt/wonderful/thirdparty/blocksds/external/nflib/lib\libnflib.a(nf_text.c.o)
                0x02009a40                NF_WriteText
 .text.NF_UpdateTextLayers
                0x02009ce4       0x38 C:/msys64/opt/wonderful/thirdparty/blocksds/external/nflib/lib\libnflib.a(nf_text.c.o)
                0x02009ce4                NF_UpdateTextLayers
 .text.NF_Error
                0x02009d1c      0x2d8 C:/msys64/opt/wonderful/thirdparty/blocksds/external/nflib/lib\libnflib.a(nf_basic.c.o)
                0x02009d1c                NF_Error
 .text.NF_SetRootFolder
                0x02009ff4      0x1e0 C:/msys64/opt/wonderful/thirdparty/blocksds/external/nflib/lib\libnflib.a(nf_basic.c.o)
                0x02009ff4                NF_SetRootFolder
 .text.NF_DmaMemCopy
                0x0200a1d4       0x70 C:/msys64/opt/wonderful/thirdparty/blocksds/external/nflib/lib\libnflib.a(nf_basic.c.o)
                0x0200a1d4                NF_DmaMemCopy
 .text.NF_FileLoad
                0x0200a244       0xac C:/msys64/opt/wonderful/thirdparty/blocksds/external/nflib/lib\libnflib.a(nf_basic.c.o)
                0x0200a244                NF_FileLoad
 .text.CP15_FlushICache
                0x0200a2f0        0xc C:/msys64/opt/wonderful/thirdparty/blocksds/core/libs/libnds/lib\libnds9.a(cp15.s.o)
                0x0200a2f0                CP15_FlushICache
 .text.CP15_FlushDCache
                0x0200a2fc        0xc C:/msys64/opt/wonderful/thirdparty/blocksds/core/libs/libnds/lib\libnds9.a(cp15.s.o)
                0x0200a2fc                CP15_FlushDCache
 .text.CP15_CleanAndFlushDCache
                0x0200a308       0x34 C:/msys64/opt/wonderful/thirdparty/blocksds/core/libs/libnds/lib\libnds9.a(cp15.s.o)
                0x0200a308                CP15_CleanAndFlushDCache
 .text.__libnds_mpu_setup
                0x0200a33c      0x1c4 C:/msys64/opt/wonderful/thirdparty/blocksds/core/libs/libnds/lib\libnds9.a(mpu_setup.s.o)
                0x0200a33c                __libnds_mpu_setup
 .text.CP15_MPUDisable
                0x0200a500       0x3c C:/msys64/opt/wonderful/thirdparty/blocksds/core/libs/libnds/lib\libnds9.a(mpu_setup.s.o)
                0x0200a500                CP15_MPUDisable
 .text.memUncached
                0x0200a53c       0x20 C:/msys64/opt/wonderful/thirdparty/blocksds/core/libs/libnds/lib\libnds9.a(mpu_setup.s.o)
                0x0200a53c                memUncached
 .text.dmaSetParams
                0x0200a55c       0x1c C:/msys64/opt/wonderful/thirdparty/blocksds/core/libs/libnds/lib\libnds9.a(dma.s.o)
                0x0200a55c                dmaSetParams
 .text.__aeabi_memcpy
                0x0200a578       0xc8 C:/msys64/opt/wonderful/thirdparty/blocksds/core/libs/libnds/lib\libnds9.a(memcpy.s.o)
                0x0200a578                __aeabi_memcpy
                0x0200a5b0                __aeabi_memcpy4
                0x0200a5b0                __aeabi_memcpy8
                0x0200a61c                __ndsabi_memcpy2
 .text.__ndsabi_memcpy1
                0x0200a640       0x14 C:/msys64/opt/wonderful/thirdparty/blocksds/core/libs/libnds/lib\libnds9.a(memcpy.s.o)
                0x0200a640                __ndsabi_memcpy1
 .text.memcpy   0x0200a654       0x10 C:/msys64/opt/wonderful/thirdparty/blocksds/core/libs/libnds/lib\libnds9.a(memcpy.s.o)
                0x0200a654                memcpy
 .text.__aeabi_memset
                0x0200a664       0x9c C:/msys64/opt/wonderful/thirdparty/blocksds/core/libs/libnds/lib\libnds9.a(memset.s.o)
                0x0200a664                __aeabi_memset
                0x0200a688                __aeabi_memset8
                0x0200a688                __aeabi_memset4
                0x0200a694                __ndsabi_wordset4
                0x0200a698                __ndsabi_lwordset4
 .text.__ndsabi_memset1
                0x0200a700       0x10 C:/msys64/opt/wonderful/thirdparty/blocksds/core/libs/libnds/lib\libnds9.a(memset.s.o)
                0x0200a700                __ndsabi_memset1
 .text.memset   0x0200a710       0x1c C:/msys64/opt/wonderful/thirdparty/blocksds/core/libs/libnds/lib\libnds9.a(memset.s.o)
                0x0200a710                memset
 .text.newRow   0x0200a72c       0x88 C:/msys64/opt/wonderful/thirdparty/blocksds/core/libs/libnds/lib\libnds9.a(console.c.o)
 .text.consolePrintChar.part.0
                0x0200a7b4      0x100 C:/msys64/opt/wonderful/thirdparty/blocksds/core/libs/libnds/lib\libnds9.a(console.c.o)
 .text.consolePrintChar
                0x0200a8b4       0x2c C:/msys64/opt/wonderful/thirdparty/blocksds/core/libs/libnds/lib\libnds9.a(console.c.o)
                0x0200a8b4                consolePrintChar
 .text.con_write
                0x0200a8e0      0x330 C:/msys64/opt/wonderful/thirdparty/blocksds/core/libs/libnds/lib\libnds9.a(console.c.o)
 .text.consoleLoadFont
                0x0200ac10      0x24c C:/msys64/opt/wonderful/thirdparty/blocksds/core/libs/libnds/lib\libnds9.a(console.c.o)
                0x0200ac10                consoleLoadFont
 .text.consoleInitEx
                0x0200ae5c      0x19c C:/msys64/opt/wonderful/thirdparty/blocksds/core/libs/libnds/lib\libnds9.a(console.c.o)
                0x0200ae5c                consoleInitEx
 .text.consoleDemoInit
                0x0200aff8       0x48 C:/msys64/opt/wonderful/thirdparty/blocksds/core/libs/libnds/lib\libnds9.a(console.c.o)
                0x0200aff8                consoleDemoInit
 .text.consoleSetCursor
                0x0200b040       0x24 C:/msys64/opt/wonderful/thirdparty/blocksds/core/libs/libnds/lib\libnds9.a(console.c.o)
                0x0200b040                consoleSetCursor
 .text.consoleSetColor
                0x0200b064       0x18 C:/msys64/opt/wonderful/thirdparty/blocksds/core/libs/libnds/lib\libnds9.a(console.c.o)
                0x0200b064                consoleSetColor
 .text.consoleArm7Flush
                0x0200b07c       0x90 C:/msys64/opt/wonderful/thirdparty/blocksds/core/libs/libnds/lib\libnds9.a(console.c.o)
                0x0200b07c                consoleArm7Flush
 .text.chdir    0x0200b10c      0x11c C:/msys64/opt/wonderful/thirdparty/blocksds/core/libs/libnds/lib\libnds9.a(chdir.c.o)
                0x0200b10c                chdir
 .text.build_argv
                0x0200b228       0x58 C:/msys64/opt/wonderful/thirdparty/blocksds/core/libs/libnds/lib\libnds9.a(crt0_argv.c.o)
                0x0200b228                build_argv
 .text.fatfs_error_to_posix
                0x0200b280       0x24 C:/msys64/opt/wonderful/thirdparty/blocksds/core/libs/libnds/lib\libnds9.a(fatfs.c.o)
                0x0200b280                fatfs_error_to_posix
 .text.fatfs_timestamp_to_fattime
                0x0200b2a4       0x28 C:/msys64/opt/wonderful/thirdparty/blocksds/core/libs/libnds/lib\libnds9.a(fatfs.c.o)
                0x0200b2a4                fatfs_timestamp_to_fattime
 .text.get_dirname
                0x0200b2cc       0x98 C:/msys64/opt/wonderful/thirdparty/blocksds/core/libs/libnds/lib\libnds9.a(fatfs.c.o)
                0x0200b2cc                get_dirname
 .text.fatGetDefaultCwd
                0x0200b364       0x70 C:/msys64/opt/wonderful/thirdparty/blocksds/core/libs/libnds/lib\libnds9.a(fatfs.c.o)
                0x0200b364                fatGetDefaultCwd
 .text.nandInit
                0x0200b3d4       0xe0 C:/msys64/opt/wonderful/thirdparty/blocksds/core/libs/libnds/lib\libnds9.a(fatfs.c.o)
                0x0200b3d4                nandInit
 .text.fatInit.part.0
                0x0200b4b4      0x1d0 C:/msys64/opt/wonderful/thirdparty/blocksds/core/libs/libnds/lib\libnds9.a(fatfs.c.o)
 .text.fatInitDefault
                0x0200b684       0x24 C:/msys64/opt/wonderful/thirdparty/blocksds/core/libs/libnds/lib\libnds9.a(fatfs.c.o)
                0x0200b684                fatInitDefault
 .text.fatInitLookupCache
                0x0200b6a8       0x60 C:/msys64/opt/wonderful/thirdparty/blocksds/core/libs/libnds/lib\libnds9.a(fatfs.c.o)
                0x0200b6a8                fatInitLookupCache
 .text.open     0x0200b708       0xfc C:/msys64/opt/wonderful/thirdparty/blocksds/core/libs/libnds/lib\libnds9.a(filesystem.c.o)
                0x0200b708                open
 .text.read     0x0200b804       0x70 C:/msys64/opt/wonderful/thirdparty/blocksds/core/libs/libnds/lib\libnds9.a(filesystem.c.o)
                0x0200b804                read
 .text.write    0x0200b874       0xa0 C:/msys64/opt/wonderful/thirdparty/blocksds/core/libs/libnds/lib\libnds9.a(filesystem.c.o)
                0x0200b874                write
 .text.close    0x0200b914       0x7c C:/msys64/opt/wonderful/thirdparty/blocksds/core/libs/libnds/lib\libnds9.a(filesystem.c.o)
                0x0200b914                close
 .text.lseek    0x0200b990       0x74 C:/msys64/opt/wonderful/thirdparty/blocksds/core/libs/libnds/lib\libnds9.a(filesystem.c.o)
                0x0200b990                lseek
 .text.access   0x0200ba04       0x98 C:/msys64/opt/wonderful/thirdparty/blocksds/core/libs/libnds/lib\libnds9.a(filesystem.c.o)
                0x0200ba04                access
 .text.putc_buffered
                0x0200ba9c       0x94 C:/msys64/opt/wonderful/thirdparty/blocksds/core/libs/libnds/lib\libnds9.a(iob.c.o)
 .text.stderr_putc_buffered
                0x0200bb30       0x20 C:/msys64/opt/wonderful/thirdparty/blocksds/core/libs/libnds/lib\libnds9.a(iob.c.o)
 .text.stdin_getc_keyboard
                0x0200bb50       0xf0 C:/msys64/opt/wonderful/thirdparty/blocksds/core/libs/libnds/lib\libnds9.a(iob.c.o)
 .text.stdout_putc_buffered
                0x0200bc40       0x40 C:/msys64/opt/wonderful/thirdparty/blocksds/core/libs/libnds/lib\libnds9.a(iob.c.o)
 .text.nitrofs_read_internal_cart
                0x0200bc80       0xa4 C:/msys64/opt/wonderful/thirdparty/blocksds/core/libs/libnds/lib\libnds9.a(nitrofs.c.o)
 .text.nitrofs_read_internal
                0x0200bd24       0x54 C:/msys64/opt/wonderful/thirdparty/blocksds/core/libs/libnds/lib\libnds9.a(nitrofs.c.o)
 .text.nitrofs_dir_state_init
                0x0200bd78       0x9c C:/msys64/opt/wonderful/thirdparty/blocksds/core/libs/libnds/lib\libnds9.a(nitrofs.c.o)
 .text.nitrofs_dir_state_next
                0x0200be14       0xb0 C:/msys64/opt/wonderful/thirdparty/blocksds/core/libs/libnds/lib\libnds9.a(nitrofs.c.o)
 .text.nitrofs_dir_step
                0x0200bec4       0xf0 C:/msys64/opt/wonderful/thirdparty/blocksds/core/libs/libnds/lib\libnds9.a(nitrofs.c.o)
 .text.nitrofs_use_for_path
                0x0200bfb4       0x30 C:/msys64/opt/wonderful/thirdparty/blocksds/core/libs/libnds/lib\libnds9.a(nitrofs.c.o)
                0x0200bfb4                nitrofs_use_for_path
 .text.nitrofs_path_resolve
                0x0200bfe4       0x68 C:/msys64/opt/wonderful/thirdparty/blocksds/core/libs/libnds/lib\libnds9.a(nitrofs.c.o)
                0x0200bfe4                nitrofs_path_resolve
 .text.nitrofs_chdir
                0x0200c04c       0x24 C:/msys64/opt/wonderful/thirdparty/blocksds/core/libs/libnds/lib\libnds9.a(nitrofs.c.o)
                0x0200c04c                nitrofs_chdir
 .text.nitrofs_read
                0x0200c070       0x30 C:/msys64/opt/wonderful/thirdparty/blocksds/core/libs/libnds/lib\libnds9.a(nitrofs.c.o)
                0x0200c070                nitrofs_read
 .text.nitrofs_lseek
                0x0200c0a0       0x58 C:/msys64/opt/wonderful/thirdparty/blocksds/core/libs/libnds/lib\libnds9.a(nitrofs.c.o)
                0x0200c0a0                nitrofs_lseek
 .text.nitrofs_close
                0x0200c0f8       0x10 C:/msys64/opt/wonderful/thirdparty/blocksds/core/libs/libnds/lib\libnds9.a(nitrofs.c.o)
                0x0200c0f8                nitrofs_close
 .text.nitroFSOpenById
                0x0200c108       0x6c C:/msys64/opt/wonderful/thirdparty/blocksds/core/libs/libnds/lib\libnds9.a(nitrofs.c.o)
                0x0200c108                nitroFSOpenById
 .text.nitrofs_open
                0x0200c174       0x4c C:/msys64/opt/wonderful/thirdparty/blocksds/core/libs/libnds/lib\libnds9.a(nitrofs.c.o)
                0x0200c174                nitrofs_open
 .text.nitroFSInit
                0x0200c1c0      0x234 C:/msys64/opt/wonderful/thirdparty/blocksds/core/libs/libnds/lib\libnds9.a(nitrofs.c.o)
                0x0200c1c0                nitroFSInit
 .text.soundEnable
                0x0200c3f4       0x10 C:/msys64/opt/wonderful/thirdparty/blocksds/core/libs/libnds/lib\libnds9.a(sound.c.o)
                0x0200c3f4                soundEnable
 .text.soundPlaySampleChannel
                0x0200c404       0x7c C:/msys64/opt/wonderful/thirdparty/blocksds/core/libs/libnds/lib\libnds9.a(sound.c.o)
                0x0200c404                soundPlaySampleChannel
 .text.soundKill
                0x0200c480       0x14 C:/msys64/opt/wonderful/thirdparty/blocksds/core/libs/libnds/lib\libnds9.a(sound.c.o)
                0x0200c480                soundKill
 .text.cardReadArm7
                0x0200c494       0x6c C:/msys64/opt/wonderful/thirdparty/blocksds/core/libs/libnds/lib\libnds9.a(card.c.o)
                0x0200c494                cardReadArm7
 .text.dldi_arm7_read_sectors
                0x0200c500       0x5c C:/msys64/opt/wonderful/thirdparty/blocksds/core/libs/libnds/lib\libnds9.a(dldi.c.o)
 .text.dldi_arm7_shutdown
                0x0200c55c       0x3c C:/msys64/opt/wonderful/thirdparty/blocksds/core/libs/libnds/lib\libnds9.a(dldi.c.o)
 .text.dldi_arm7_clear_status
                0x0200c598       0x3c C:/msys64/opt/wonderful/thirdparty/blocksds/core/libs/libnds/lib\libnds9.a(dldi.c.o)
 .text.dldi_arm7_is_inserted
                0x0200c5d4       0x3c C:/msys64/opt/wonderful/thirdparty/blocksds/core/libs/libnds/lib\libnds9.a(dldi.c.o)
 .text.dldi_arm7_startup
                0x0200c610       0x50 C:/msys64/opt/wonderful/thirdparty/blocksds/core/libs/libnds/lib\libnds9.a(dldi.c.o)
 .text.dldi_arm7_write_sectors
                0x0200c660       0x5c C:/msys64/opt/wonderful/thirdparty/blocksds/core/libs/libnds/lib\libnds9.a(dldi.c.o)
 .text.dldiGetMode
                0x0200c6bc        0xc C:/msys64/opt/wonderful/thirdparty/blocksds/core/libs/libnds/lib\libnds9.a(dldi.c.o)
                0x0200c6bc                dldiGetMode
 .text.dldiGetInternal
                0x0200c6c8       0xac C:/msys64/opt/wonderful/thirdparty/blocksds/core/libs/libnds/lib\libnds9.a(dldi.c.o)
                0x0200c6c8                dldiGetInternal
 .text.dldiGetStubDataEnd
                0x0200c774       0x1c C:/msys64/opt/wonderful/thirdparty/blocksds/core/libs/libnds/lib\libnds9.a(dldi.c.o)
                0x0200c774                dldiGetStubDataEnd
 .text.dldiGetStubEnd
                0x0200c790        0x8 C:/msys64/opt/wonderful/thirdparty/blocksds/core/libs/libnds/lib\libnds9.a(dldi.c.o)
                0x0200c790                dldiGetStubEnd
 .text.get_io_dsinand
                0x0200c798       0x18 C:/msys64/opt/wonderful/thirdparty/blocksds/core/libs/libnds/lib\libnds9.a(nandfs.c.o)
                0x0200c798                get_io_dsinand
 .text.get_io_dsisd
                0x0200c7b0       0x24 C:/msys64/opt/wonderful/thirdparty/blocksds/core/libs/libnds/lib\libnds9.a(sdmmc.c.o)
                0x0200c7b0                get_io_dsisd
 .text.initSystem
                0x0200c7d4      0x128 C:/msys64/opt/wonderful/thirdparty/blocksds/core/libs/libnds/lib\libnds9.a(initSystem.c.o)
                0x0200c7d4                initSystem
 .text.scanKeys
                0x0200c8fc       0xcc C:/msys64/opt/wonderful/thirdparty/blocksds/core/libs/libnds/lib\libnds9.a(keys.c.o)
                0x0200c8fc                scanKeys
 .text.keysHeld
                0x0200c9c8        0xc C:/msys64/opt/wonderful/thirdparty/blocksds/core/libs/libnds/lib\libnds9.a(keys.c.o)
                0x0200c9c8                keysHeld
 .text.keysDown
                0x0200c9d4        0xc C:/msys64/opt/wonderful/thirdparty/blocksds/core/libs/libnds/lib\libnds9.a(keys.c.o)
                0x0200c9d4                keysDown
 .text.touchRead
                0x0200c9e0       0x24 C:/msys64/opt/wonderful/thirdparty/blocksds/core/libs/libnds/lib\libnds9.a(keys.c.o)
                0x0200c9e0                touchRead
 .text.setTransferInputData
                0x0200ca04       0x1c C:/msys64/opt/wonderful/thirdparty/blocksds/core/libs/libnds/lib\libnds9.a(keys.c.o)
                0x0200ca04                setTransferInputData
 .text.systemValueHandler
                0x0200ca20       0xc4 C:/msys64/opt/wonderful/thirdparty/blocksds/core/libs/libnds/lib\libnds9.a(system.c.o)
                0x0200ca20                systemValueHandler
 .text.systemMsgHandler
                0x0200cae4       0x2c C:/msys64/opt/wonderful/thirdparty/blocksds/core/libs/libnds/lib\libnds9.a(system.c.o)
                0x0200cae4                systemMsgHandler
 .text.memBufferIsInMainRam
                0x0200cb10       0x1c C:/msys64/opt/wonderful/thirdparty/blocksds/core/libs/libnds/lib\libnds9.a(system.c.o)
                0x0200cb10                memBufferIsInMainRam
 .text.sinLutLookup
                0x0200cb2c       0x4c C:/msys64/opt/wonderful/thirdparty/blocksds/core/libs/libnds/lib\libnds9.a(trig.c.o)
                0x0200cb2c                sinLutLookup
 .text.sinLerp  0x0200cb78       0x38 C:/msys64/opt/wonderful/thirdparty/blocksds/core/libs/libnds/lib\libnds9.a(trig.c.o)
                0x0200cb78                sinLerp
 .text.cosLerp  0x0200cbb0       0x44 C:/msys64/opt/wonderful/thirdparty/blocksds/core/libs/libnds/lib\libnds9.a(trig.c.o)
                0x0200cbb0                cosLerp
 .text.checkIfText
                0x0200cbf4       0x6c C:/msys64/opt/wonderful/thirdparty/blocksds/core/libs/libnds/lib\libnds9.a(background.c.o)
                0x0200cbf4                checkIfText
 .text.bgUpdate
                0x0200cc60       0xe8 C:/msys64/opt/wonderful/thirdparty/blocksds/core/libs/libnds/lib\libnds9.a(background.c.o)
                0x0200cc60                bgUpdate
 .text.bgInit_call
                0x0200cd48       0xa8 C:/msys64/opt/wonderful/thirdparty/blocksds/core/libs/libnds/lib\libnds9.a(background.c.o)
                0x0200cd48                bgInit_call
 .text.bgInitSub_call
                0x0200cdf0       0xb0 C:/msys64/opt/wonderful/thirdparty/blocksds/core/libs/libnds/lib\libnds9.a(background.c.o)
                0x0200cdf0                bgInitSub_call
 .text.oamInit  0x0200cea0      0x100 C:/msys64/opt/wonderful/thirdparty/blocksds/core/libs/libnds/lib\libnds9.a(sprite.c.o)
                0x0200cea0                oamInit
 .text.oamGfxPtrToOffset
                0x0200cfa0       0x34 C:/msys64/opt/wonderful/thirdparty/blocksds/core/libs/libnds/lib\libnds9.a(sprite.c.o)
                0x0200cfa0                oamGfxPtrToOffset
 .text.oamSet   0x0200cfd4      0x10c C:/msys64/opt/wonderful/thirdparty/blocksds/core/libs/libnds/lib\libnds9.a(sprite.c.o)
                0x0200cfd4                oamSet
 .text.oamUpdate
                0x0200d0e0       0x50 C:/msys64/opt/wonderful/thirdparty/blocksds/core/libs/libnds/lib\libnds9.a(sprite.c.o)
                0x0200d0e0                oamUpdate
 .text.oamRotateScale
                0x0200d130       0x4c C:/msys64/opt/wonderful/thirdparty/blocksds/core/libs/libnds/lib\libnds9.a(sprite.c.o)
                0x0200d130                oamRotateScale
 .text.oamAllocReset
                0x0200d17c       0x1c C:/msys64/opt/wonderful/thirdparty/blocksds/core/libs/libnds/lib\libnds9.a(sprite_alloc.c.o)
                0x0200d17c                oamAllocReset
 .text.setBrightness
                0x0200d198       0x40 C:/msys64/opt/wonderful/thirdparty/blocksds/core/libs/libnds/lib\libnds9.a(video.c.o)
                0x0200d198                setBrightness
 .text.vramDefault
                0x0200d1d8       0xe4 C:/msys64/opt/wonderful/thirdparty/blocksds/core/libs/libnds/lib\libnds9.a(video.c.o)
                0x0200d1d8                vramDefault
 .text.cardPolledTransfer
                0x0200d2bc       0x5c C:/msys64/opt/wonderful/thirdparty/blocksds/core/libs/libnds/lib\libnds9.a(card.c.o)
                0x0200d2bc                cardPolledTransfer
 .text.cardRead
                0x0200d318      0x190 C:/msys64/opt/wonderful/thirdparty/blocksds/core/libs/libnds/lib\libnds9.a(card.c.o)
                0x0200d318                cardRead
 .text.cothread_delete_internal
                0x0200d4a8       0xa0 C:/msys64/opt/wonderful/thirdparty/blocksds/core/libs/libnds/lib\libnds9.a(threads.c.o)
 .text.cothread_main
                0x0200d548       0x1c C:/msys64/opt/wonderful/thirdparty/blocksds/core/libs/libnds/lib\libnds9.a(threads.c.o)
                0x0200d548                cothread_main
 .text.cothread_yield
                0x0200d564       0x20 C:/msys64/opt/wonderful/thirdparty/blocksds/core/libs/libnds/lib\libnds9.a(threads.c.o)
                0x0200d564                cothread_yield
 .text.cothread_yield_irq
                0x0200d584       0xa8 C:/msys64/opt/wonderful/thirdparty/blocksds/core/libs/libnds/lib\libnds9.a(threads.c.o)
                0x0200d584                cothread_yield_irq
 .text.cothread_start
                0x0200d62c      0x114 C:/msys64/opt/wonderful/thirdparty/blocksds/core/libs/libnds/lib\libnds9.a(threads.c.o)
                0x0200d62c                cothread_start
 .text.setExceptionHandler
                0x0200d740       0x18 C:/msys64/opt/wonderful/thirdparty/blocksds/core/libs/libnds/lib\libnds9.a(exceptions.c.o)
                0x0200d740                setExceptionHandler
 .text.libndsCrash
                0x0200d758        0xc C:/msys64/opt/wonderful/thirdparty/blocksds/core/libs/libnds/lib\libnds9.a(exceptions.c.o)
                0x0200d758                libndsCrash
 .text.fifo_buffer_wait_block
                0x0200d764       0x74 C:/msys64/opt/wonderful/thirdparty/blocksds/core/libs/libnds/lib\libnds9.a(fifosystem.c.o)
 .text.fifoFillTxFifoFromBuffer
                0x0200d7d8       0xa0 C:/msys64/opt/wonderful/thirdparty/blocksds/core/libs/libnds/lib\libnds9.a(fifosystem.c.o)
 .text.fifoInternalSendInterrupt
                0x0200d878        0x8 C:/msys64/opt/wonderful/thirdparty/blocksds/core/libs/libnds/lib\libnds9.a(fifosystem.c.o)
 .text.fifoInternalSend
                0x0200d880       0xd8 C:/msys64/opt/wonderful/thirdparty/blocksds/core/libs/libnds/lib\libnds9.a(fifosystem.c.o)
 .text.fifoSendValue32
                0x0200d958       0x3c C:/msys64/opt/wonderful/thirdparty/blocksds/core/libs/libnds/lib\libnds9.a(fifosystem.c.o)
                0x0200d958                fifoSendValue32
 .text.fifoSendDatamsg
                0x0200d994       0x84 C:/msys64/opt/wonderful/thirdparty/blocksds/core/libs/libnds/lib\libnds9.a(fifosystem.c.o)
                0x0200d994                fifoSendDatamsg
 .text.fifoGetDatamsg
                0x0200da18       0xe0 C:/msys64/opt/wonderful/thirdparty/blocksds/core/libs/libnds/lib\libnds9.a(fifosystem.c.o)
                0x0200da18                fifoGetDatamsg
 .text.fifoReadRxFifoAndProcessBuffer
                0x0200daf8      0x344 C:/msys64/opt/wonderful/thirdparty/blocksds/core/libs/libnds/lib\libnds9.a(fifosystem.c.o)
 .text.fifoGetValue32
                0x0200de3c       0x7c C:/msys64/opt/wonderful/thirdparty/blocksds/core/libs/libnds/lib\libnds9.a(fifosystem.c.o)
                0x0200de3c                fifoGetValue32
 .text.fifoInternalRecvInterrupt
                0x0200deb8        0x8 C:/msys64/opt/wonderful/thirdparty/blocksds/core/libs/libnds/lib\libnds9.a(fifosystem.c.o)
 .text.fifoSetValue32Handler
                0x0200dec0       0x80 C:/msys64/opt/wonderful/thirdparty/blocksds/core/libs/libnds/lib\libnds9.a(fifosystem.c.o)
                0x0200dec0                fifoSetValue32Handler
 .text.fifoSetDatamsgHandler
                0x0200df40       0xa8 C:/msys64/opt/wonderful/thirdparty/blocksds/core/libs/libnds/lib\libnds9.a(fifosystem.c.o)
                0x0200df40                fifoSetDatamsgHandler
 .text.fifoCheckValue32
                0x0200dfe8       0x34 C:/msys64/opt/wonderful/thirdparty/blocksds/core/libs/libnds/lib\libnds9.a(fifosystem.c.o)
                0x0200dfe8                fifoCheckValue32
 .text.fifoInit
                0x0200e01c      0x138 C:/msys64/opt/wonderful/thirdparty/blocksds/core/libs/libnds/lib\libnds9.a(fifosystem.c.o)
                0x0200e01c                fifoInit
 .text.fifoMutexAcquire
                0x0200e154       0x34 C:/msys64/opt/wonderful/thirdparty/blocksds/core/libs/libnds/lib\libnds9.a(fifosystem.c.o)
                0x0200e154                fifoMutexAcquire
 .text.fifoMutexRelease
                0x0200e188       0x20 C:/msys64/opt/wonderful/thirdparty/blocksds/core/libs/libnds/lib\libnds9.a(fifosystem.c.o)
                0x0200e188                fifoMutexRelease
 .text.irqSet   0x0200e1a8       0x90 C:/msys64/opt/wonderful/thirdparty/blocksds/core/libs/libnds/lib\libnds9.a(interrupts.c.o)
                0x0200e1a8                irqSet
 .text.irqInit  0x0200e238       0x44 C:/msys64/opt/wonderful/thirdparty/blocksds/core/libs/libnds/lib\libnds9.a(interrupts.c.o)
                0x0200e238                irqInit
 .text.irqEnable
                0x0200e27c       0x64 C:/msys64/opt/wonderful/thirdparty/blocksds/core/libs/libnds/lib\libnds9.a(interrupts.c.o)
                0x0200e27c                irqEnable
 .text.systemErrorExit
                0x0200e2e0        0x4 C:/msys64/opt/wonderful/thirdparty/blocksds/core/libs/libnds/lib\libnds9.a(exit.c.o)
                0x0200e2e0                systemErrorExit
 .text.__libnds_exit
                0x0200e2e4        0x8 C:/msys64/opt/wonderful/thirdparty/blocksds/core/libs/libnds/lib\libnds9.a(exit.c.o)
                0x0200e2e4                __libnds_exit
 .text._exit    0x0200e2ec       0xb8 C:/msys64/opt/wonderful/thirdparty/blocksds/core/libs/libnds/lib\libnds9.a(exit.c.o)
                0x0200e2ec                _exit
 .text.reduceHeapSize
                0x0200e3a4       0x2c C:/msys64/opt/wonderful/thirdparty/blocksds/core/libs/libnds/lib\libnds9.a(heapfuncs.c.o)
                0x0200e3a4                reduceHeapSize
 .text.__retarget_lock_init_recursive
                0x0200e3d0       0x44 C:/msys64/opt/wonderful/thirdparty/blocksds/core/libs/libnds/lib\libnds9.a(locks.c.o)
                0x0200e3d0                __retarget_lock_init_recursive
 .text.__retarget_lock_acquire_recursive
                0x0200e414       0x70 C:/msys64/opt/wonderful/thirdparty/blocksds/core/libs/libnds/lib\libnds9.a(locks.c.o)
                0x0200e414                __retarget_lock_acquire_recursive
 .text.__retarget_lock_release_recursive
                0x0200e484       0x58 C:/msys64/opt/wonderful/thirdparty/blocksds/core/libs/libnds/lib\libnds9.a(locks.c.o)
                0x0200e484                __retarget_lock_release_recursive
 .text.__retarget_lock_init
                0x0200e4dc        0x8 C:/msys64/opt/wonderful/thirdparty/blocksds/core/libs/libnds/lib\libnds9.a(locks.c.o)
                0x0200e4dc                __retarget_lock_init
 .text.__retarget_lock_close
                0x0200e4e4       0x30 C:/msys64/opt/wonderful/thirdparty/blocksds/core/libs/libnds/lib\libnds9.a(locks.c.o)
                0x0200e4e4                __retarget_lock_close
 .text.__retarget_lock_acquire
                0x0200e514        0x8 C:/msys64/opt/wonderful/thirdparty/blocksds/core/libs/libnds/lib\libnds9.a(locks.c.o)
                0x0200e514                __retarget_lock_acquire
 .text.__retarget_lock_release
                0x0200e51c        0x8 C:/msys64/opt/wonderful/thirdparty/blocksds/core/libs/libnds/lib\libnds9.a(locks.c.o)
                0x0200e51c                __retarget_lock_release
 .text.sbrk     0x0200e524       0x44 C:/msys64/opt/wonderful/thirdparty/blocksds/core/libs/libnds/lib\libnds9.a(sbrk.c.o)
                0x0200e524                sbrk
 .text.__ndsabi_coro_make_noctx
                0x0200e568       0x28 C:/msys64/opt/wonderful/thirdparty/blocksds/core/libs/libnds/lib\libnds9.a(coroutine.c.o)
                0x0200e568                __ndsabi_coro_make_noctx
 .text.tchar2uni
                0x0200e590       0xb4 C:/msys64/opt/wonderful/thirdparty/blocksds/core/libs/libnds/lib\libnds9.a(ff.c.o)
 .text.get_ldnumber
                0x0200e644       0xdc C:/msys64/opt/wonderful/thirdparty/blocksds/core/libs/libnds/lib\libnds9.a(ff.c.o)
 .text.put_utf  0x0200e720       0xfc C:/msys64/opt/wonderful/thirdparty/blocksds/core/libs/libnds/lib\libnds9.a(ff.c.o)
 .text.get_fileinfo
                0x0200e81c      0x190 C:/msys64/opt/wonderful/thirdparty/blocksds/core/libs/libnds/lib\libnds9.a(ff.c.o)
 .text.dir_clear
                0x0200e9ac      0x10c C:/msys64/opt/wonderful/thirdparty/blocksds/core/libs/libnds/lib\libnds9.a(ff.c.o)
 .text.unlock_volume.part.0.isra.0
                0x0200eab8        0x8 C:/msys64/opt/wonderful/thirdparty/blocksds/core/libs/libnds/lib\libnds9.a(ff.c.o)
 .text.sync_fs  0x0200eac0       0xb8 C:/msys64/opt/wonderful/thirdparty/blocksds/core/libs/libnds/lib\libnds9.a(ff.c.o)
 .text.move_window
                0x0200eb78       0x78 C:/msys64/opt/wonderful/thirdparty/blocksds/core/libs/libnds/lib\libnds9.a(ff.c.o)
 .text.put_fat.part.0
                0x0200ebf0      0x10c C:/msys64/opt/wonderful/thirdparty/blocksds/core/libs/libnds/lib\libnds9.a(ff.c.o)
 .text.get_fat.isra.0
                0x0200ecfc       0xb8 C:/msys64/opt/wonderful/thirdparty/blocksds/core/libs/libnds/lib\libnds9.a(ff.c.o)
 .text.remove_chain
                0x0200edb4       0x84 C:/msys64/opt/wonderful/thirdparty/blocksds/core/libs/libnds/lib\libnds9.a(ff.c.o)
 .text.create_chain
                0x0200ee38      0x124 C:/msys64/opt/wonderful/thirdparty/blocksds/core/libs/libnds/lib\libnds9.a(ff.c.o)
 .text.dir_next
                0x0200ef5c       0xd4 C:/msys64/opt/wonderful/thirdparty/blocksds/core/libs/libnds/lib\libnds9.a(ff.c.o)
 .text.dir_sdi  0x0200f030       0x9c C:/msys64/opt/wonderful/thirdparty/blocksds/core/libs/libnds/lib\libnds9.a(ff.c.o)
 .text.dir_alloc
                0x0200f0cc       0x4c C:/msys64/opt/wonderful/thirdparty/blocksds/core/libs/libnds/lib\libnds9.a(ff.c.o)
 .text.dir_find
                0x0200f118      0x1d0 C:/msys64/opt/wonderful/thirdparty/blocksds/core/libs/libnds/lib\libnds9.a(ff.c.o)
 .text.follow_path
                0x0200f2e8      0x41c C:/msys64/opt/wonderful/thirdparty/blocksds/core/libs/libnds/lib\libnds9.a(ff.c.o)
 .text.dir_register
                0x0200f704      0x304 C:/msys64/opt/wonderful/thirdparty/blocksds/core/libs/libnds/lib\libnds9.a(ff.c.o)
 .text.validate
                0x0200fa08       0x58 C:/msys64/opt/wonderful/thirdparty/blocksds/core/libs/libnds/lib\libnds9.a(ff.c.o)
 .text.check_fs
                0x0200fa60      0x150 C:/msys64/opt/wonderful/thirdparty/blocksds/core/libs/libnds/lib\libnds9.a(ff.c.o)
 .text.mount_volume
                0x0200fbb0      0x354 C:/msys64/opt/wonderful/thirdparty/blocksds/core/libs/libnds/lib\libnds9.a(ff.c.o)
 .text.f_mount  0x0200ff04       0x9c C:/msys64/opt/wonderful/thirdparty/blocksds/core/libs/libnds/lib\libnds9.a(ff.c.o)
                0x0200ff04                libnds_f_mount
 .text.f_open   0x0200ffa0      0x2c0 C:/msys64/opt/wonderful/thirdparty/blocksds/core/libs/libnds/lib\libnds9.a(ff.c.o)
                0x0200ffa0                libnds_f_open
 .text.f_read   0x02010260      0x298 C:/msys64/opt/wonderful/thirdparty/blocksds/core/libs/libnds/lib\libnds9.a(ff.c.o)
                0x02010260                libnds_f_read
 .text.f_write  0x020104f8      0x2ec C:/msys64/opt/wonderful/thirdparty/blocksds/core/libs/libnds/lib\libnds9.a(ff.c.o)
                0x020104f8                libnds_f_write
 .text.f_sync   0x020107e4       0xd8 C:/msys64/opt/wonderful/thirdparty/blocksds/core/libs/libnds/lib\libnds9.a(ff.c.o)
                0x020107e4                libnds_f_sync
 .text.f_close  0x020108bc       0x30 C:/msys64/opt/wonderful/thirdparty/blocksds/core/libs/libnds/lib\libnds9.a(ff.c.o)
                0x020108bc                libnds_f_close
 .text.f_chdrive
                0x020108ec       0x24 C:/msys64/opt/wonderful/thirdparty/blocksds/core/libs/libnds/lib\libnds9.a(ff.c.o)
                0x020108ec                libnds_f_chdrive
 .text.f_chdir  0x02010910       0xb0 C:/msys64/opt/wonderful/thirdparty/blocksds/core/libs/libnds/lib\libnds9.a(ff.c.o)
                0x02010910                libnds_f_chdir
 .text.f_lseek  0x020109c0      0x310 C:/msys64/opt/wonderful/thirdparty/blocksds/core/libs/libnds/lib\libnds9.a(ff.c.o)
                0x020109c0                libnds_f_lseek
 .text.f_stat   0x02010cd0       0xd8 C:/msys64/opt/wonderful/thirdparty/blocksds/core/libs/libnds/lib\libnds9.a(ff.c.o)
                0x02010cd0                libnds_f_stat
 .text.ff_uni2oem
                0x02010da8       0x40 C:/msys64/opt/wonderful/thirdparty/blocksds/core/libs/libnds/lib\libnds9.a(ffunicode.c.o)
                0x02010da8                libnds_ff_uni2oem
 .text.ff_oem2uni
                0x02010de8       0x2c C:/msys64/opt/wonderful/thirdparty/blocksds/core/libs/libnds/lib\libnds9.a(ffunicode.c.o)
                0x02010de8                libnds_ff_oem2uni
 .text.ff_wtoupper
                0x02010e14       0xcc C:/msys64/opt/wonderful/thirdparty/blocksds/core/libs/libnds/lib\libnds9.a(ffunicode.c.o)
                0x02010e14                libnds_ff_wtoupper
 .text.__aeabi_read_tp
                0x02010ee0        0xc C:/msys64/opt/wonderful/thirdparty/blocksds/core/libs/libnds/lib\libnds9.a(aeabi_read_tp.s.o)
                0x02010ee0                __aeabi_read_tp
 .text.enterException
                0x02010eec       0xd4 C:/msys64/opt/wonderful/thirdparty/blocksds/core/libs/libnds/lib\libnds9.a(exceptionHandler.s.o)
                0x02010eec                enterException
                0x02010f60                exceptionC
                0x02010f64                exceptionStack
                0x02010f68                exceptionRegisters
 .text.__ndsabi_coro_resume
                0x02010fc0       0x18 C:/msys64/opt/wonderful/thirdparty/blocksds/core/libs/libnds/lib\libnds9.a(coroutine.s.o)
                0x02010fc0                __ndsabi_coro_resume
 .text.__ndsabi_coro_yield
                0x02010fd8       0x1c C:/msys64/opt/wonderful/thirdparty/blocksds/core/libs/libnds/lib\libnds9.a(coroutine.s.o)
                0x02010fd8                __ndsabi_coro_yield
 .text.__ndsabi_coro_pop_noctx
                0x02010ff4       0x34 C:/msys64/opt/wonderful/thirdparty/blocksds/core/libs/libnds/lib\libnds9.a(coroutine.s.o)
                0x02010ff4                __ndsabi_coro_pop_noctx
 .text.keyboardShiftState.part.0
                0x02011028       0x78 C:/msys64/opt/wonderful/thirdparty/blocksds/core/libs/libnds/lib\libnds9.a(keyboard.c.o)
 .text.swapKeyGfx.part.0
                0x020110a0      0x134 C:/msys64/opt/wonderful/thirdparty/blocksds/core/libs/libnds/lib\libnds9.a(keyboard.c.o)
 .text.keyboardGetKey
                0x020111d4       0x64 C:/msys64/opt/wonderful/thirdparty/blocksds/core/libs/libnds/lib\libnds9.a(keyboard.c.o)
                0x020111d4                keyboardGetKey
 .text.keyboardUpdate
                0x02011238      0x11c C:/msys64/opt/wonderful/thirdparty/blocksds/core/libs/libnds/lib\libnds9.a(keyboard.c.o)
                0x02011238                keyboardUpdate
 .text.keyboardShow
                0x02011354      0x140 C:/msys64/opt/wonderful/thirdparty/blocksds/core/libs/libnds/lib\libnds9.a(keyboard.c.o)
                0x02011354                keyboardShow
 .text.keyboardHide
                0x02011494       0x90 C:/msys64/opt/wonderful/thirdparty/blocksds/core/libs/libnds/lib\libnds9.a(keyboard.c.o)
                0x02011494                keyboardHide
 .text.cache_initialized
                0x02011524       0x10 C:/msys64/opt/wonderful/thirdparty/blocksds/core/libs/libnds/lib\libnds9.a(cache.c.o)
                0x02011524                cache_initialized
 .text.cache_init
                0x02011534       0xac C:/msys64/opt/wonderful/thirdparty/blocksds/core/libs/libnds/lib\libnds9.a(cache.c.o)
                0x02011534                cache_init
 .text.cache_sector_get
                0x020115e0       0x70 C:/msys64/opt/wonderful/thirdparty/blocksds/core/libs/libnds/lib\libnds9.a(cache.c.o)
                0x020115e0                cache_sector_get
 .text.cache_sector_add
                0x02011650       0xb0 C:/msys64/opt/wonderful/thirdparty/blocksds/core/libs/libnds/lib\libnds9.a(cache.c.o)
                0x02011650                cache_sector_add
 .text.cache_sector_invalidate
                0x02011700       0x4c C:/msys64/opt/wonderful/thirdparty/blocksds/core/libs/libnds/lib\libnds9.a(cache.c.o)
                0x02011700                cache_sector_invalidate
 .text.disk_status
                0x0201174c       0x6c C:/msys64/opt/wonderful/thirdparty/blocksds/core/libs/libnds/lib\libnds9.a(diskio.c.o)
                0x0201174c                libnds_disk_status
 .text.disk_initialize
                0x020117b8       0x74 C:/msys64/opt/wonderful/thirdparty/blocksds/core/libs/libnds/lib\libnds9.a(diskio.c.o)
                0x020117b8                libnds_disk_initialize
 .text.disk_read
                0x0201182c      0x104 C:/msys64/opt/wonderful/thirdparty/blocksds/core/libs/libnds/lib\libnds9.a(diskio.c.o)
                0x0201182c                libnds_disk_read
 .text.disk_write
                0x02011930       0xbc C:/msys64/opt/wonderful/thirdparty/blocksds/core/libs/libnds/lib\libnds9.a(diskio.c.o)
                0x02011930                libnds_disk_write
 .text.disk_ioctl
                0x020119ec       0x48 C:/msys64/opt/wonderful/thirdparty/blocksds/core/libs/libnds/lib\libnds9.a(diskio.c.o)
                0x020119ec                libnds_disk_ioctl
 .text.get_fattime
                0x02011a34       0x1c C:/msys64/opt/wonderful/thirdparty/blocksds/core/libs/libnds/lib\libnds9.a(diskio.c.o)
                0x02011a34                libnds_ff_get_fattime
 .text.ff_mutex_create
                0x02011a50       0x10 C:/msys64/opt/wonderful/thirdparty/blocksds/core/libs/libnds/lib\libnds9.a(ffsystem.c.o)
                0x02011a50                libnds_ff_mutex_create
 .text.ff_mutex_delete
                0x02011a60        0x4 C:/msys64/opt/wonderful/thirdparty/blocksds/core/libs/libnds/lib\libnds9.a(ffsystem.c.o)
                0x02011a60                libnds_ff_mutex_delete
 .text.ff_mutex_take
                0x02011a64       0x18 C:/msys64/opt/wonderful/thirdparty/blocksds/core/libs/libnds/lib\libnds9.a(ffsystem.c.o)
                0x02011a64                libnds_ff_mutex_take
 .text.ff_mutex_give
                0x02011a7c       0x1c C:/msys64/opt/wonderful/thirdparty/blocksds/core/libs/libnds/lib\libnds9.a(ffsystem.c.o)
                0x02011a7c                libnds_ff_mutex_give
 .text.__sassert
                0x02011a98       0x90 C:/msys64/opt/wonderful/thirdparty/blocksds/core/libs/libnds/lib\libnds9.a(sassert.c.o)
                0x02011a98                __sassert
 .text.releaseCrashHandler
                0x02011b28       0x7c C:/msys64/opt/wonderful/thirdparty/blocksds/core/libs/libnds/lib\libnds9.a(exceptions.c.o)
 .text.exceptionStatePrint
                0x02011ba4       0xf4 C:/msys64/opt/wonderful/thirdparty/blocksds/core/libs/libnds/lib\libnds9.a(exceptions.c.o)
                0x02011ba4                exceptionStatePrint
 .text.releaseExceptionHandler
                0x02011c98       0x10 C:/msys64/opt/wonderful/thirdparty/blocksds/core/libs/libnds/lib\libnds9.a(exceptions.c.o)
                0x02011c98                releaseExceptionHandler
 .text.getCPSR  0x02011ca8        0x8 C:/msys64/opt/wonderful/thirdparty/blocksds/core/libs/libnds/lib\libnds9.a(cpu.s.o)
                0x02011ca8                getCPSR
 .text.calloc   0x02011cb0       0xb4 C:/msys64/opt/wonderful/toolchain/gcc-arm-none-eabi/lib/gcc/arm-none-eabi/15.2.1/../../../../arm-none-eabi/lib/thumb/arm946e-s\libc.a(malloc-calloc.c.o)
                0x02011cb0                calloc
 .text.malloc_trim
                0x02011d64       0x9c C:/msys64/opt/wonderful/toolchain/gcc-arm-none-eabi/lib/gcc/arm-none-eabi/15.2.1/../../../../arm-none-eabi/lib/thumb/arm946e-s\libc.a(malloc-free.c.o)
                0x02011d64                malloc_trim
 .text.free     0x02011e00      0x164 C:/msys64/opt/wonderful/toolchain/gcc-arm-none-eabi/lib/gcc/arm-none-eabi/15.2.1/../../../../arm-none-eabi/lib/thumb/arm946e-s\libc.a(malloc-free.c.o)
                0x02011e00                free
                0x02011e00                __malloc_free
 .text.malloc   0x02011f64      0x434 C:/msys64/opt/wonderful/toolchain/gcc-arm-none-eabi/lib/gcc/arm-none-eabi/15.2.1/../../../../arm-none-eabi/lib/thumb/arm946e-s\libc.a(malloc-malloc.c.o)
                0x02011f64                __malloc_malloc
                0x02011f64                malloc
 .text.realloc  0x02012398      0x35c C:/msys64/opt/wonderful/toolchain/gcc-arm-none-eabi/lib/gcc/arm-none-eabi/15.2.1/../../../../arm-none-eabi/lib/thumb/arm946e-s\libc.a(malloc-realloc.c.o)
                0x02012398                realloc
 .text.__libc_init_array
                0x020126f4       0x1c C:/msys64/opt/wonderful/toolchain/gcc-arm-none-eabi/lib/gcc/arm-none-eabi/15.2.1/../../../../arm-none-eabi/lib/thumb/arm946e-s\libc.a(libc_misc_init.c.o)
                0x020126f4                __libc_init_array
 .text.fclose   0x02012710       0x18 C:/msys64/opt/wonderful/toolchain/gcc-arm-none-eabi/lib/gcc/arm-none-eabi/15.2.1/../../../../arm-none-eabi/lib/thumb/arm946e-s\libc.a(libc_stdio_fclose.c.o)
                0x02012710                fclose
 .text.fdopen   0x02012728       0xa0 C:/msys64/opt/wonderful/toolchain/gcc-arm-none-eabi/lib/gcc/arm-none-eabi/15.2.1/../../../../arm-none-eabi/lib/thumb/arm946e-s\libc.a(libc_stdio_fdopen.c.o)
                0x02012728                fdopen
 .text.fflush   0x020127c8       0x10 C:/msys64/opt/wonderful/toolchain/gcc-arm-none-eabi/lib/gcc/arm-none-eabi/15.2.1/../../../../arm-none-eabi/lib/thumb/arm946e-s\libc.a(libc_stdio_fflush.c.o)
                0x020127c8                fflush
 .text.fileno   0x020127d8       0x10 C:/msys64/opt/wonderful/toolchain/gcc-arm-none-eabi/lib/gcc/arm-none-eabi/15.2.1/../../../../arm-none-eabi/lib/thumb/arm946e-s\libc.a(libc_stdio_fileno.c.o)
                0x020127d8                fileno
 .text.fopen    0x020127e8       0x3a C:/msys64/opt/wonderful/toolchain/gcc-arm-none-eabi/lib/gcc/arm-none-eabi/15.2.1/../../../../arm-none-eabi/lib/thumb/arm946e-s\libc.a(libc_stdio_fopen.c.o)
                0x020127e8                fopen
 *fill*         0x02012822        0x2 ff
 .text.fread    0x02012824      0x1b8 C:/msys64/opt/wonderful/toolchain/gcc-arm-none-eabi/lib/gcc/arm-none-eabi/15.2.1/../../../../arm-none-eabi/lib/thumb/arm946e-s\libc.a(libc_stdio_fread.c.o)
                0x02012824                fread
 .text.fseek    0x020129dc       0x40 C:/msys64/opt/wonderful/toolchain/gcc-arm-none-eabi/lib/gcc/arm-none-eabi/15.2.1/../../../../arm-none-eabi/lib/thumb/arm946e-s\libc.a(libc_stdio_fseek.c.o)
                0x020129dc                fseek
 .text.fseeko   0x02012a1c       0x40 C:/msys64/opt/wonderful/toolchain/gcc-arm-none-eabi/lib/gcc/arm-none-eabi/15.2.1/../../../../arm-none-eabi/lib/thumb/arm946e-s\libc.a(libc_stdio_fseeko.c.o)
                0x02012a1c                fseeko
 .text.ftell    0x02012a5c       0x3c C:/msys64/opt/wonderful/toolchain/gcc-arm-none-eabi/lib/gcc/arm-none-eabi/15.2.1/../../../../arm-none-eabi/lib/thumb/arm946e-s\libc.a(libc_stdio_ftell.c.o)
                0x02012a5c                ftell
 .text.fwrite   0x02012a98      0x16e C:/msys64/opt/wonderful/toolchain/gcc-arm-none-eabi/lib/gcc/arm-none-eabi/15.2.1/../../../../arm-none-eabi/lib/thumb/arm946e-s\libc.a(libc_stdio_fwrite.c.o)
                0x02012a98                fwrite
 *fill*         0x02012c06        0x2 ff
 .text.printf   0x02012c08       0x20 C:/msys64/opt/wonderful/toolchain/gcc-arm-none-eabi/lib/gcc/arm-none-eabi/15.2.1/../../../../arm-none-eabi/lib/thumb/arm946e-s\libc.a(libc_stdio_printf.c.o)
                0x02012c08                printf
 .text.putchar  0x02012c28       0x10 C:/msys64/opt/wonderful/toolchain/gcc-arm-none-eabi/lib/gcc/arm-none-eabi/15.2.1/../../../../arm-none-eabi/lib/thumb/arm946e-s\libc.a(libc_stdio_putchar.c.o)
                0x02012c28                putchar_unlocked
                0x02012c28                putchar
 .text.puts     0x02012c38       0x44 C:/msys64/opt/wonderful/toolchain/gcc-arm-none-eabi/lib/gcc/arm-none-eabi/15.2.1/../../../../arm-none-eabi/lib/thumb/arm946e-s\libc.a(libc_stdio_puts.c.o)
                0x02012c38                puts
 .text.rewind   0x02012c7c       0x16 C:/msys64/opt/wonderful/toolchain/gcc-arm-none-eabi/lib/gcc/arm-none-eabi/15.2.1/../../../../arm-none-eabi/lib/thumb/arm946e-s\libc.a(libc_stdio_rewind.c.o)
                0x02012c7c                rewind
 .text.setvbuf  0x02012c92       0x18 C:/msys64/opt/wonderful/toolchain/gcc-arm-none-eabi/lib/gcc/arm-none-eabi/15.2.1/../../../../arm-none-eabi/lib/thumb/arm946e-s\libc.a(libc_stdio_setvbuf.c.o)
                0x02012c92                setvbuf
 *fill*         0x02012caa        0x2 ff
 .text.__stdio_flags
                0x02012cac       0x58 C:/msys64/opt/wonderful/toolchain/gcc-arm-none-eabi/lib/gcc/arm-none-eabi/15.2.1/../../../../arm-none-eabi/lib/thumb/arm946e-s\libc.a(libc_stdio_sflags.c.o)
                0x02012cac                __stdio_flags
 .text.snprintf
                0x02012d04       0x54 C:/msys64/opt/wonderful/toolchain/gcc-arm-none-eabi/lib/gcc/arm-none-eabi/15.2.1/../../../../arm-none-eabi/lib/thumb/arm946e-s\libc.a(libc_stdio_snprintf.c.o)
                0x02012d04                snprintf
 .text.__ultoa_invert
                0x02012d58       0x52 C:/msys64/opt/wonderful/toolchain/gcc-arm-none-eabi/lib/gcc/arm-none-eabi/15.2.1/../../../../arm-none-eabi/lib/thumb/arm946e-s\libc.a(libc_stdio_vfprintf.c.o)
 *fill*         0x02012daa        0x2 ff
 .text.skip_to_arg
                0x02012dac      0x13c C:/msys64/opt/wonderful/toolchain/gcc-arm-none-eabi/lib/gcc/arm-none-eabi/15.2.1/../../../../arm-none-eabi/lib/thumb/arm946e-s\libc.a(libc_stdio_vfprintf.c.o)
 .text.vfprintf
                0x02012ee8      0x9c4 C:/msys64/opt/wonderful/toolchain/gcc-arm-none-eabi/lib/gcc/arm-none-eabi/15.2.1/../../../../arm-none-eabi/lib/thumb/arm946e-s\libc.a(libc_stdio_vfprintf.c.o)
                0x02012ee8                vfprintf
                0x02012ee8                __d_vfprintf
 .text.vprintf  0x020138ac       0x14 C:/msys64/opt/wonderful/toolchain/gcc-arm-none-eabi/lib/gcc/arm-none-eabi/15.2.1/../../../../arm-none-eabi/lib/thumb/arm946e-s\libc.a(libc_stdio_vprintf.c.o)
                0x020138ac                vprintf
 .text.mulShiftAll64
                0x020138c0      0x202 C:/msys64/opt/wonderful/toolchain/gcc-arm-none-eabi/lib/gcc/arm-none-eabi/15.2.1/../../../../arm-none-eabi/lib/thumb/arm946e-s\libc.a(libc_stdio_dtoa_ryu.c.o)
 *fill*         0x02013ac2        0x2 ff
 .text.div10    0x02013ac4       0x28 C:/msys64/opt/wonderful/toolchain/gcc-arm-none-eabi/lib/gcc/arm-none-eabi/15.2.1/../../../../arm-none-eabi/lib/thumb/arm946e-s\libc.a(libc_stdio_dtoa_ryu.c.o)
 .text.__dtoa_engine
                0x02013aec      0x4b8 C:/msys64/opt/wonderful/toolchain/gcc-arm-none-eabi/lib/gcc/arm-none-eabi/15.2.1/../../../../arm-none-eabi/lib/thumb/arm946e-s\libc.a(libc_stdio_dtoa_ryu.c.o)
                0x02013aec                __dtoa_engine
 .text.__log10Pow2
                0x02013fa4        0xc C:/msys64/opt/wonderful/toolchain/gcc-arm-none-eabi/lib/gcc/arm-none-eabi/15.2.1/../../../../arm-none-eabi/lib/thumb/arm946e-s\libc.a(libc_stdio_ryu_log10.c.o)
                0x02013fa4                __log10Pow2
 .text.__log10Pow5
                0x02013fb0        0xc C:/msys64/opt/wonderful/toolchain/gcc-arm-none-eabi/lib/gcc/arm-none-eabi/15.2.1/../../../../arm-none-eabi/lib/thumb/arm946e-s\libc.a(libc_stdio_ryu_log10.c.o)
                0x02013fb0                __log10Pow5
 .text.__pow5bits
                0x02013fbc       0x10 C:/msys64/opt/wonderful/toolchain/gcc-arm-none-eabi/lib/gcc/arm-none-eabi/15.2.1/../../../../arm-none-eabi/lib/thumb/arm946e-s\libc.a(libc_stdio_ryu_pow5bits.c.o)
                0x02013fbc                __pow5bits
 .text.__pow5Factor
                0x02013fcc       0x2c C:/msys64/opt/wonderful/toolchain/gcc-arm-none-eabi/lib/gcc/arm-none-eabi/15.2.1/../../../../arm-none-eabi/lib/thumb/arm946e-s\libc.a(libc_stdio_ryu_table.c.o)
                0x02013fcc                __pow5Factor
 .text.__double_computePow5
                0x02013ff8      0x100 C:/msys64/opt/wonderful/toolchain/gcc-arm-none-eabi/lib/gcc/arm-none-eabi/15.2.1/../../../../arm-none-eabi/lib/thumb/arm946e-s\libc.a(libc_stdio_ryu_table.c.o)
                0x02013ff8                __double_computePow5
 .text.__double_computeInvPow5
                0x020140f8       0xfc C:/msys64/opt/wonderful/toolchain/gcc-arm-none-eabi/lib/gcc/arm-none-eabi/15.2.1/../../../../arm-none-eabi/lib/thumb/arm946e-s\libc.a(libc_stdio_ryu_table.c.o)
                0x020140f8                __double_computeInvPow5
 .text.__umul128
                0x020141f4       0x6c C:/msys64/opt/wonderful/toolchain/gcc-arm-none-eabi/lib/gcc/arm-none-eabi/15.2.1/../../../../arm-none-eabi/lib/thumb/arm946e-s\libc.a(libc_stdio_ryu_umul128.c.o)
                0x020141f4                __umul128
 .text.__shiftright128
                0x02014260       0x28 C:/msys64/opt/wonderful/toolchain/gcc-arm-none-eabi/lib/gcc/arm-none-eabi/15.2.1/../../../../arm-none-eabi/lib/thumb/arm946e-s\libc.a(libc_stdio_ryu_umul128.c.o)
                0x02014260                __shiftright128
 .text.srand    0x02014288        0x8 C:/msys64/opt/wonderful/toolchain/gcc-arm-none-eabi/lib/gcc/arm-none-eabi/15.2.1/../../../../arm-none-eabi/lib/thumb/arm946e-s\libc.a(libc_stdlib_srand.c.o)
                0x02014288                srand
 .text.srandom  0x02014290       0x18 C:/msys64/opt/wonderful/toolchain/gcc-arm-none-eabi/lib/gcc/arm-none-eabi/15.2.1/../../../../arm-none-eabi/lib/thumb/arm946e-s\libc.a(libc_stdlib_srandom.c.o)
                0x02014290                srandom
 .text.exit     0x020142a8        0xe C:/msys64/opt/wonderful/toolchain/gcc-arm-none-eabi/lib/gcc/arm-none-eabi/15.2.1/../../../../arm-none-eabi/lib/thumb/arm946e-s\libc.a(libc_stdlib_pico-exit.c.o)
                0x020142a8                exit
 .text.memcmp   0x020142b6       0x1c C:/msys64/opt/wonderful/toolchain/gcc-arm-none-eabi/lib/gcc/arm-none-eabi/15.2.1/../../../../arm-none-eabi/lib/thumb/arm946e-s\libc.a(libc_string_memcmp.c.o)
                0x020142b6                memcmp
 .text.strchr   0x020142d2       0x1e C:/msys64/opt/wonderful/toolchain/gcc-arm-none-eabi/lib/gcc/arm-none-eabi/15.2.1/../../../../arm-none-eabi/lib/thumb/arm946e-s\libc.a(libc_string_strchr.c.o)
                0x020142d2                strchr
 .text.strdup   0x020142f0       0x20 C:/msys64/opt/wonderful/toolchain/gcc-arm-none-eabi/lib/gcc/arm-none-eabi/15.2.1/../../../../arm-none-eabi/lib/thumb/arm946e-s\libc.a(libc_string_strdup.c.o)
                0x020142f0                strdup
 .text.strncmp  0x02014310       0x24 C:/msys64/opt/wonderful/toolchain/gcc-arm-none-eabi/lib/gcc/arm-none-eabi/15.2.1/../../../../arm-none-eabi/lib/thumb/arm946e-s\libc.a(libc_string_strncmp.c.o)
                0x02014310                strncmp
 .text.strnlen  0x02014334       0x16 C:/msys64/opt/wonderful/toolchain/gcc-arm-none-eabi/lib/gcc/arm-none-eabi/15.2.1/../../../../arm-none-eabi/lib/thumb/arm946e-s\libc.a(libc_string_strnlen.c.o)
                0x02014334                strnlen
 .text.strstr   0x0201434a       0x2c C:/msys64/opt/wonderful/toolchain/gcc-arm-none-eabi/lib/gcc/arm-none-eabi/15.2.1/../../../../arm-none-eabi/lib/thumb/arm946e-s\libc.a(libc_string_strstr.c.o)
                0x0201434a                strstr
 .text.difftime
                0x02014376        0xc C:/msys64/opt/wonderful/toolchain/gcc-arm-none-eabi/lib/gcc/arm-none-eabi/15.2.1/../../../../arm-none-eabi/lib/thumb/arm946e-s\libc.a(libc_time_difftime.c.o)
                0x02014376                difftime
 *fill*         0x02014382        0x2 ff
 .text.localtime
                0x02014384       0x18 C:/msys64/opt/wonderful/toolchain/gcc-arm-none-eabi/lib/gcc/arm-none-eabi/15.2.1/../../../../arm-none-eabi/lib/thumb/arm946e-s\libc.a(libc_time_lcltime.c.o)
                0x02014384                localtime
 .text.localtime_r
                0x0201439c      0x1f8 C:/msys64/opt/wonderful/toolchain/gcc-arm-none-eabi/lib/gcc/arm-none-eabi/15.2.1/../../../../arm-none-eabi/lib/thumb/arm946e-s\libc.a(libc_time_lcltime_r.c.o)
                0x0201439c                localtime_r
 .text.time     0x02014594       0x28 C:/msys64/opt/wonderful/toolchain/gcc-arm-none-eabi/lib/gcc/arm-none-eabi/15.2.1/../../../../arm-none-eabi/lib/thumb/arm946e-s\libc.a(libc_time_time.c.o)
                0x02014594                time
 .text.__tzcalc_limits
                0x020145bc      0x178 C:/msys64/opt/wonderful/toolchain/gcc-arm-none-eabi/lib/gcc/arm-none-eabi/15.2.1/../../../../arm-none-eabi/lib/thumb/arm946e-s\libc.a(libc_time_tzcalc_limits.c.o)
                0x020145bc                __tzcalc_limits
 .text._tzset_unlocked
                0x02014734      0x3e0 C:/msys64/opt/wonderful/toolchain/gcc-arm-none-eabi/lib/gcc/arm-none-eabi/15.2.1/../../../../arm-none-eabi/lib/thumb/arm946e-s\libc.a(libc_time_tzset.c.o)
                0x02014734                _tzset_unlocked
 .text.ceil     0x02014b14       0xa4 C:/msys64/opt/wonderful/toolchain/gcc-arm-none-eabi/lib/gcc/arm-none-eabi/15.2.1/../../../../arm-none-eabi/lib/thumb/arm946e-s\libc.a(libm_machine_arm_s_ceil.c.o)
                0x02014b14                ceill
                0x02014b14                ceil
 .text.memmove  0x02014bb8       0x26 C:/msys64/opt/wonderful/toolchain/gcc-arm-none-eabi/lib/gcc/arm-none-eabi/15.2.1/../../../../arm-none-eabi/lib/thumb/arm946e-s\libc.a(memmove.c.o)
                0x02014bb8                __aeabi_memmove8
                0x02014bb8                __aeabi_memmove
                0x02014bb8                __aeabi_memmove4
                0x02014bb8                memmove
 *fill*         0x02014bde        0x2 ff
 .text.__libc_fini_array
                0x02014be0       0x1c C:/msys64/opt/wonderful/toolchain/gcc-arm-none-eabi/lib/gcc/arm-none-eabi/15.2.1/../../../../arm-none-eabi/lib/thumb/arm946e-s\libc.a(libc_misc_fini.c.o)
                0x02014be0                __libc_fini_array
 .text.__picolibc_non_atomic_load_ungetc
                0x02014bfc        0x4 C:/msys64/opt/wonderful/toolchain/gcc-arm-none-eabi/lib/gcc/arm-none-eabi/15.2.1/../../../../arm-none-eabi/lib/thumb/arm946e-s\libc.a(libc_stdio_atomic_load.c.o)
                0x02014bfc                __picolibc_non_atomic_load_ungetc
                0x02014bfc                __atomic_load_ungetc
 .text.__bufio_lock
                0x02014c00       0x18 C:/msys64/opt/wonderful/toolchain/gcc-arm-none-eabi/lib/gcc/arm-none-eabi/15.2.1/../../../../arm-none-eabi/lib/thumb/arm946e-s\libc.a(libc_stdio_bufio.c.o)
 .text.__bufio_flush_locked
                0x02014c18       0x66 C:/msys64/opt/wonderful/toolchain/gcc-arm-none-eabi/lib/gcc/arm-none-eabi/15.2.1/../../../../arm-none-eabi/lib/thumb/arm946e-s\libc.a(libc_stdio_bufio.c.o)
                0x02014c18                __bufio_flush_locked
 .text.__bufio_fill_locked
                0x02014c7e       0x2c C:/msys64/opt/wonderful/toolchain/gcc-arm-none-eabi/lib/gcc/arm-none-eabi/15.2.1/../../../../arm-none-eabi/lib/thumb/arm946e-s\libc.a(libc_stdio_bufio.c.o)
                0x02014c7e                __bufio_fill_locked
 .text.__bufio_flush
                0x02014caa       0x1a C:/msys64/opt/wonderful/toolchain/gcc-arm-none-eabi/lib/gcc/arm-none-eabi/15.2.1/../../../../arm-none-eabi/lib/thumb/arm946e-s\libc.a(libc_stdio_bufio.c.o)
                0x02014caa                __bufio_flush
 .text.__bufio_setdir_locked
                0x02014cc4       0x1a C:/msys64/opt/wonderful/toolchain/gcc-arm-none-eabi/lib/gcc/arm-none-eabi/15.2.1/../../../../arm-none-eabi/lib/thumb/arm946e-s\libc.a(libc_stdio_bufio.c.o)
                0x02014cc4                __bufio_setdir_locked
 .text.__bufio_put
                0x02014cde       0x50 C:/msys64/opt/wonderful/toolchain/gcc-arm-none-eabi/lib/gcc/arm-none-eabi/15.2.1/../../../../arm-none-eabi/lib/thumb/arm946e-s\libc.a(libc_stdio_bufio.c.o)
                0x02014cde                __bufio_put
 *fill*         0x02014d2e        0x2 ff
 .text.__bufio_get
                0x02014d30       0x70 C:/msys64/opt/wonderful/toolchain/gcc-arm-none-eabi/lib/gcc/arm-none-eabi/15.2.1/../../../../arm-none-eabi/lib/thumb/arm946e-s\libc.a(libc_stdio_bufio.c.o)
                0x02014d30                __bufio_get
 .text.__bufio_seek
                0x02014da0       0x6a C:/msys64/opt/wonderful/toolchain/gcc-arm-none-eabi/lib/gcc/arm-none-eabi/15.2.1/../../../../arm-none-eabi/lib/thumb/arm946e-s\libc.a(libc_stdio_bufio.c.o)
                0x02014da0                __bufio_seek
 .text.__bufio_setvbuf
                0x02014e0a       0x88 C:/msys64/opt/wonderful/toolchain/gcc-arm-none-eabi/lib/gcc/arm-none-eabi/15.2.1/../../../../arm-none-eabi/lib/thumb/arm946e-s\libc.a(libc_stdio_bufio.c.o)
                0x02014e0a                __bufio_setvbuf
 .text.__bufio_close
                0x02014e92       0x4a C:/msys64/opt/wonderful/toolchain/gcc-arm-none-eabi/lib/gcc/arm-none-eabi/15.2.1/../../../../arm-none-eabi/lib/thumb/arm946e-s\libc.a(libc_stdio_bufio.c.o)
                0x02014e92                __bufio_close
 .text.__dtox_engine
                0x02014edc      0x128 C:/msys64/opt/wonderful/toolchain/gcc-arm-none-eabi/lib/gcc/arm-none-eabi/15.2.1/../../../../arm-none-eabi/lib/thumb/arm946e-s\libc.a(libc_stdio_dtox_engine.c.o)
                0x02014edc                __dtox_engine
 .text.__picolibc_non_atomic_exchange_ungetc
                0x02015004        0x8 C:/msys64/opt/wonderful/toolchain/gcc-arm-none-eabi/lib/gcc/arm-none-eabi/15.2.1/../../../../arm-none-eabi/lib/thumb/arm946e-s\libc.a(libc_stdio_exchange.c.o)
                0x02015004                __picolibc_non_atomic_exchange_ungetc
                0x02015004                __atomic_exchange_ungetc
 .text.getc     0x0201500c       0x44 C:/msys64/opt/wonderful/toolchain/gcc-arm-none-eabi/lib/gcc/arm-none-eabi/15.2.1/../../../../arm-none-eabi/lib/thumb/arm946e-s\libc.a(libc_stdio_fgetc.c.o)
                0x0201500c                getc
                0x0201500c                fgetc
                0x0201500c                getc_unlocked
 .text.__file_str_put
                0x02015050       0x10 C:/msys64/opt/wonderful/toolchain/gcc-arm-none-eabi/lib/gcc/arm-none-eabi/15.2.1/../../../../arm-none-eabi/lib/thumb/arm946e-s\libc.a(libc_stdio_filestrput.c.o)
                0x02015050                __file_str_put
 .text.putc     0x02015060       0x2c C:/msys64/opt/wonderful/toolchain/gcc-arm-none-eabi/lib/gcc/arm-none-eabi/15.2.1/../../../../arm-none-eabi/lib/thumb/arm946e-s\libc.a(libc_stdio_fputc.c.o)
                0x02015060                putc
                0x02015060                fputc
                0x02015060                putc_unlocked
 .text.sscanf   0x0201508c       0x3c C:/msys64/opt/wonderful/toolchain/gcc-arm-none-eabi/lib/gcc/arm-none-eabi/15.2.1/../../../../arm-none-eabi/lib/thumb/arm946e-s\libc.a(libc_stdio_sscanf.c.o)
                0x0201508c                sscanf
 .text.strtoul  0x020150c8      0x12c C:/msys64/opt/wonderful/toolchain/gcc-arm-none-eabi/lib/gcc/arm-none-eabi/15.2.1/../../../../arm-none-eabi/lib/thumb/arm946e-s\libc.a(libc_stdio_strtoul.c.o)
                0x020150c8                strtoul
 .text.scanf_getc
                0x020151f4       0x14 C:/msys64/opt/wonderful/toolchain/gcc-arm-none-eabi/lib/gcc/arm-none-eabi/15.2.1/../../../../arm-none-eabi/lib/thumb/arm946e-s\libc.a(libc_stdio_vfscanf.c.o)
 .text.scanf_ungetc
                0x02015208       0x12 C:/msys64/opt/wonderful/toolchain/gcc-arm-none-eabi/lib/gcc/arm-none-eabi/15.2.1/../../../../arm-none-eabi/lib/thumb/arm946e-s\libc.a(libc_stdio_vfscanf.c.o)
 .text.skip_spaces
                0x0201521a       0x2a C:/msys64/opt/wonderful/toolchain/gcc-arm-none-eabi/lib/gcc/arm-none-eabi/15.2.1/../../../../arm-none-eabi/lib/thumb/arm946e-s\libc.a(libc_stdio_vfscanf.c.o)
 .text.putval   0x02015244       0x2a C:/msys64/opt/wonderful/toolchain/gcc-arm-none-eabi/lib/gcc/arm-none-eabi/15.2.1/../../../../arm-none-eabi/lib/thumb/arm946e-s\libc.a(libc_stdio_vfscanf.c.o)
 *fill*         0x0201526e        0x2 ff
 .text.vfscanf  0x02015270      0x9ac C:/msys64/opt/wonderful/toolchain/gcc-arm-none-eabi/lib/gcc/arm-none-eabi/15.2.1/../../../../arm-none-eabi/lib/thumb/arm946e-s\libc.a(libc_stdio_vfscanf.c.o)
                0x02015270                vfscanf
                0x02015270                __d_vfscanf
 .text.mulShift64
                0x02015c1c       0x62 C:/msys64/opt/wonderful/toolchain/gcc-arm-none-eabi/lib/gcc/arm-none-eabi/15.2.1/../../../../arm-none-eabi/lib/thumb/arm946e-s\libc.a(libc_stdio_atod_ryu.c.o)
 *fill*         0x02015c7e        0x2 ff
 .text.__atod_engine
                0x02015c80      0x158 C:/msys64/opt/wonderful/toolchain/gcc-arm-none-eabi/lib/gcc/arm-none-eabi/15.2.1/../../../../arm-none-eabi/lib/thumb/arm946e-s\libc.a(libc_stdio_atod_ryu.c.o)
                0x02015c80                __atod_engine
 .text.__atof_engine
                0x02015dd8      0x120 C:/msys64/opt/wonderful/toolchain/gcc-arm-none-eabi/lib/gcc/arm-none-eabi/15.2.1/../../../../arm-none-eabi/lib/thumb/arm946e-s\libc.a(libc_stdio_atof_ryu.c.o)
                0x02015dd8                __atof_engine
 .text.mulShift32
                0x02015ef8       0x44 C:/msys64/opt/wonderful/toolchain/gcc-arm-none-eabi/lib/gcc/arm-none-eabi/15.2.1/../../../../arm-none-eabi/lib/thumb/arm946e-s\libc.a(libc_stdio_ryu_divpow2.c.o)
 .text.__mulPow5InvDivPow2
                0x02015f3c       0x28 C:/msys64/opt/wonderful/toolchain/gcc-arm-none-eabi/lib/gcc/arm-none-eabi/15.2.1/../../../../arm-none-eabi/lib/thumb/arm946e-s\libc.a(libc_stdio_ryu_divpow2.c.o)
                0x02015f3c                __mulPow5InvDivPow2
 .text.__mulPow5divPow2
                0x02015f64       0x20 C:/msys64/opt/wonderful/toolchain/gcc-arm-none-eabi/lib/gcc/arm-none-eabi/15.2.1/../../../../arm-none-eabi/lib/thumb/arm946e-s\libc.a(libc_stdio_ryu_divpow2.c.o)
                0x02015f64                __mulPow5divPow2
 .text.__log2pow5
                0x02015f84        0xc C:/msys64/opt/wonderful/toolchain/gcc-arm-none-eabi/lib/gcc/arm-none-eabi/15.2.1/../../../../arm-none-eabi/lib/thumb/arm946e-s\libc.a(libc_stdio_ryu_log2pow5.c.o)
                0x02015f84                __log2pow5
 .text.__ceil_log2pow5
                0x02015f90       0x10 C:/msys64/opt/wonderful/toolchain/gcc-arm-none-eabi/lib/gcc/arm-none-eabi/15.2.1/../../../../arm-none-eabi/lib/thumb/arm946e-s\libc.a(libc_stdio_ryu_log2pow5.c.o)
                0x02015f90                __ceil_log2pow5
 .text.getenv   0x02015fa0        0xa C:/msys64/opt/wonderful/toolchain/gcc-arm-none-eabi/lib/gcc/arm-none-eabi/15.2.1/../../../../arm-none-eabi/lib/thumb/arm946e-s\libc.a(libc_stdlib_getenv.c.o)
                0x02015fa0                getenv
 *fill*         0x02015faa        0x2 ff
 .text._findenv
                0x02015fac       0x7c C:/msys64/opt/wonderful/toolchain/gcc-arm-none-eabi/lib/gcc/arm-none-eabi/15.2.1/../../../../arm-none-eabi/lib/thumb/arm946e-s\libc.a(libc_stdlib_getenv_r.c.o)
                0x02015fac                _findenv
 .text.__gettzinfo
                0x02016028        0x8 C:/msys64/opt/wonderful/toolchain/gcc-arm-none-eabi/lib/gcc/arm-none-eabi/15.2.1/../../../../arm-none-eabi/lib/thumb/arm946e-s\libc.a(libc_time_gettzinfo.c.o)
                0x02016028                __gettzinfo
 .text.gmtime_r
                0x02016030      0x1bc C:/msys64/opt/wonderful/toolchain/gcc-arm-none-eabi/lib/gcc/arm-none-eabi/15.2.1/../../../../arm-none-eabi/lib/thumb/arm946e-s\libc.a(libc_time_gmtime_r.c.o)
                0x02016030                gmtime_r
 .text.isnan    0x020161ec       0x18 C:/msys64/opt/wonderful/toolchain/gcc-arm-none-eabi/lib/gcc/arm-none-eabi/15.2.1/../../../../arm-none-eabi/lib/thumb/arm946e-s\libc.a(libm_common_s_isnan.c.o)
                0x020161ec                isnan
                0x020161ec                isnanl
                0x020161ec                __isnand
                0x020161ec                __isnanl
 .text.__file_str_get
                0x02016204       0x16 C:/msys64/opt/wonderful/toolchain/gcc-arm-none-eabi/lib/gcc/arm-none-eabi/15.2.1/../../../../arm-none-eabi/lib/thumb/arm946e-s\libc.a(libc_stdio_filestrget.c.o)
                0x02016204                __file_str_get
 .text.ungetc   0x0201621a       0x36 C:/msys64/opt/wonderful/toolchain/gcc-arm-none-eabi/lib/gcc/arm-none-eabi/15.2.1/../../../../arm-none-eabi/lib/thumb/arm946e-s\libc.a(libc_stdio_ungetc.c.o)
                0x0201621a                ungetc
 .text.__picolibc_non_atomic_compare_exchange_ungetc
                0x02016250       0x12 C:/msys64/opt/wonderful/toolchain/gcc-arm-none-eabi/lib/gcc/arm-none-eabi/15.2.1/../../../../arm-none-eabi/lib/thumb/arm946e-s\libc.a(libc_stdio_compare_exchange.c.o)
                0x02016250                __atomic_compare_exchange_ungetc
                0x02016250                __picolibc_non_atomic_compare_exchange_ungetc
 *fill*         0x02016262        0x2 ff
 .text.gettimeofday
                0x02016264       0x1c C:/msys64/opt/wonderful/thirdparty/blocksds/core/libs/libnds/lib\libnds9.a(syscalls.c.o)
                0x02016264                gettimeofday
 .text.gettimeofday.__stub
                0x02016280       0x40 linker stubs
 *(EXCLUDE_FILE(*.twl*) .gnu.warning)
 *(EXCLUDE_FILE(*.twl*) .gnu.linkonce.t*)
 *(.glue_7)
 .glue_7        0x020162c0        0x0 linker stubs
 *(.glue_7t)
 .glue_7t       0x020162c0        0x0 linker stubs
                0x020162c0                        . = ALIGN (0x4)

.vfp11_veneer   0x020162c0        0x0
 .vfp11_veneer  0x020162c0        0x0 linker stubs

.v4_bx          0x020162c0        0x0
 .v4_bx         0x020162c0        0x0 linker stubs

.iplt           0x020162c0        0x0
 .iplt          0x020162c0        0x0 C:/msys64/opt/wonderful/thirdparty/blocksds/core/sys/crts/ds_arm9_crt0.o

.fini           0x020162c0        0x8
 *(.fini)
 .fini          0x020162c0        0x8 C:/msys64/opt/wonderful/toolchain/gcc-arm-none-eabi/lib/gcc/arm-none-eabi/15.2.1/thumb/arm946e-s/crtn.o
                0x020162c8                        __text_end = .

.rodata         0x020162c8     0x206c
 *(EXCLUDE_FILE(*.twl*) .rodata)
 .rodata        0x020162c8       0x90 C:/msys64/opt/wonderful/thirdparty/blocksds/external/nflib/lib\libnflib.a(nf_sprite256.c.o)
 .rodata        0x02016358       0x14 C:/msys64/opt/wonderful/thirdparty/blocksds/core/libs/libnds/lib\libnds9.a(fatfs.c.o)
 .rodata        0x0201636c       0x40 C:/msys64/opt/wonderful/thirdparty/blocksds/core/libs/libnds/lib\libnds9.a(exceptions.c.o)
 *fill*         0x020163ac        0x4 ff
 .rodata        0x020163b0      0x340 C:/msys64/opt/wonderful/toolchain/gcc-arm-none-eabi/lib/gcc/arm-none-eabi/15.2.1/../../../../arm-none-eabi/lib/thumb/arm946e-s\libc.a(libc_stdio_ryu_table.c.o)
 .rodata        0x020166f0       0x18 C:/msys64/opt/wonderful/toolchain/gcc-arm-none-eabi/lib/gcc/arm-none-eabi/15.2.1/../../../../arm-none-eabi/lib/thumb/arm946e-s\libc.a(libc_time_month_lengths.c.o)
                0x020166f0                __month_lengths
 .rodata        0x02016708        0xb C:/msys64/opt/wonderful/toolchain/gcc-arm-none-eabi/lib/gcc/arm-none-eabi/15.2.1/../../../../arm-none-eabi/lib/thumb/arm946e-s\libc.a(libc_stdio_vfscanf.c.o)
 *fill*         0x02016713        0x1 ff
 .rodata        0x02016714        0x4 C:/msys64/opt/wonderful/toolchain/gcc-arm-none-eabi/lib/gcc/arm-none-eabi/15.2.1/../../../../arm-none-eabi/lib/thumb/arm946e-s\libc.a(libc_stdlib_environ.c.o)
 *all.rodata*(*)
 *(EXCLUDE_FILE(*.twl*) .roda)
 *(EXCLUDE_FILE(*.twl*) .rodata.*)
 .rodata.onCreate.str1.4
                0x02016718      0xf9c build/fnaf_ds/source/game.c.o
                                0x3c3 (size before relaxing)
 .rodata.onPostCreate.str1.4
                0x020176b4        0x0 build/fnaf_ds/source/game.c.o
                                 0x29 (size before relaxing)
 .rodata.onUpdate.str1.4
                0x020176b4        0x0 build/fnaf_ds/source/game.c.o
                                 0xec (size before relaxing)
 .rodata.initEverything.str1.4
                0x020176b4        0x0 build/fnaf_ds/source/init.c.o
                                 0x2b (size before relaxing)
 .rodata.menuCreate.str1.4
                0x020176b4        0x0 build/fnaf_ds/source/mainmenu.c.o
                                 0xf9 (size before relaxing)
 .rodata.CSWTCH.17
                0x020176b4        0xc build/fnaf_ds/source/mainmenu.c.o
 .rodata.newspaperStuff.str1.4
                0x020176c0        0x0 build/fnaf_ds/source/newspaper.c.o
                                 0x19 (size before relaxing)
 .rodata.NF_LoadSpriteGfx.str1.4
                0x020176c0        0x0 C:/msys64/opt/wonderful/thirdparty/blocksds/external/nflib/lib\libnflib.a(nf_sprite256.c.o)
                                 0x1a (size before relaxing)
 .rodata.NF_LoadSpritePal.str1.4
                0x020176c0        0x0 C:/msys64/opt/wonderful/thirdparty/blocksds/external/nflib/lib\libnflib.a(nf_sprite256.c.o)
                                 0x1a (size before relaxing)
 .rodata.NF_VramSpriteGfx.str1.4
                0x020176c0        0x0 C:/msys64/opt/wonderful/thirdparty/blocksds/external/nflib/lib\libnflib.a(nf_sprite256.c.o)
                                 0x20 (size before relaxing)
 .rodata.NF_VramSpritePal.str1.4
                0x020176c0        0x0 C:/msys64/opt/wonderful/thirdparty/blocksds/external/nflib/lib\libnflib.a(nf_sprite256.c.o)
                                 0x14 (size before relaxing)
 .rodata.NF_CreateSprite.str1.4
                0x020176c0        0x0 C:/msys64/opt/wonderful/thirdparty/blocksds/external/nflib/lib\libnflib.a(nf_sprite256.c.o)
                                 0x18 (size before relaxing)
 .rodata.NF_DeleteSprite.str1.4
                0x020176c0        0x0 C:/msys64/opt/wonderful/thirdparty/blocksds/external/nflib/lib\libnflib.a(nf_sprite256.c.o)
                                  0x3 (size before relaxing)
 .rodata.NF_LoadRawSound.str1.4
                0x020176c0        0x0 C:/msys64/opt/wonderful/thirdparty/blocksds/external/nflib/lib\libnflib.a(nf_sound.c.o)
                                 0x16 (size before relaxing)
 .rodata.NF_UnloadRawSound.str1.4
                0x020176c0        0x0 C:/msys64/opt/wonderful/thirdparty/blocksds/external/nflib/lib\libnflib.a(nf_sound.c.o)
                                  0xa (size before relaxing)
 .rodata.NF_SpriteFrame.str1.4
                0x020176c0        0x0 C:/msys64/opt/wonderful/thirdparty/blocksds/external/nflib/lib\libnflib.a(nf_2d.c.o)
                                 0x15 (size before relaxing)
 .rodata.NF_EnableSpriteRotScale.str1.4
                0x020176c0        0x0 C:/msys64/opt/wonderful/thirdparty/blocksds/external/nflib/lib\libnflib.a(nf_2d.c.o)
                                  0xf (size before relaxing)
 .rodata.NF_InitTiledBgBuffers.str1.4