Archive member included to satisfy reference by file (symbol)

C:/msys64/opt/wonderful/thirdparty/blocksds/external/nflib/lib\libnflib.a(nf_sprite256.c.o)
                              build/fnaf_ds/source/game.c.o (NF_InitSpriteBuffers)
C:/msys64/opt/wonderful/thirdparty/blocksds/external/nflib/lib\libnflib.a(nf_sound.c.o)
                              build/fnaf_ds/source/init.c.o (NF_InitRawSoundBuffers)
C:/msys64/opt/wonderful/thirdparty/blocksds/external/nflib/lib\libnflib.a(nf_affinebg.c.o)
                              build/fnaf_ds/source/init.c.o (NF_InitAffineBgSys)
C:/msys64/opt/wonderful/thirdparty/blocksds/external/nflib/lib\libnflib.a(nf_2d.c.o)
                              build/fnaf_ds/source/game.c.o (NF_Set2D)
C:/msys64/opt/wonderful/thirdparty/blocksds/external/nflib/lib\libnflib.a(nf_collision.c.o)
                              build/fnaf_ds/source/init.c.o (NF_InitCmapBuffers)
C:/msys64/opt/wonderful/thirdparty/blocksds/external/nflib/lib\libnflib.a(nf_tiledbg.c.o)
                              build/fnaf_ds/source/game.c.o (NF_InitTiledBgBuffers)
C:/msys64/opt/wonderful/thirdparty/blocksds/external/nflib/lib\libnflib.a(nf_text.c.o)
                              build/fnaf_ds/source/game.c.o (NF_InitTextSys)
C:/msys64/opt/wonderful/thirdparty/blocksds/external/nflib/lib\libnflib.a(nf_basic.c.o)
                              C:/msys64/opt/wonderful/thirdparty/blocksds/external/nflib/lib\libnflib.a(nf_sprite256.c.o) (NF_Error)
C:/msys64/opt/wonderful/thirdparty/blocksds/core/libs/libnds/lib\libnds9.a(cp15.s.o)
                              C:/msys64/opt/wonderful/thirdparty/blocksds/core/sys/crts/ds_arm9_crt0.o (CP15_FlushICache)
C:/msys64/opt/wonderful/thirdparty/blocksds/core/libs/libnds/lib\libnds9.a(mpu_setup.s.o)
                              C:/msys64/opt/wonderful/thirdparty/blocksds/core/sys/crts/ds_arm9_crt0.o (__libnds_mpu_setup)
C:/msys64/opt/wonderful/thirdparty/blocksds/core/libs/libnds/lib\libnds9.a(dma.s.o)
                              C:/msys64/opt/wonderful/thirdparty/blocksds/external/nflib/lib\libnflib.a(nf_basic.c.o) (dmaSetParams)
C:/msys64/opt/wonderful/thirdparty/blocksds/core/libs/libnds/lib\libnds9.a(memcpy.s.o)
                              C:/msys64/opt/wonderful/thirdparty/blocksds/external/nflib/lib\libnflib.a(nf_sprite256.c.o) (memcpy)
C:/msys64/opt/wonderful/thirdparty/blocksds/core/libs/libnds/lib\libnds9.a(memset.s.o)
                              C:/msys64/opt/wonderful/thirdparty/blocksds/external/nflib/lib\libnflib.a(nf_sprite256.c.o) (memset)
C:/msys64/opt/wonderful/thirdparty/blocksds/core/libs/libnds/lib\libnds9.a(console.c.o)
                              build/fnaf_ds/source/init.c.o (consoleDemoInit)
C:/msys64/opt/wonderful/thirdparty/blocksds/core/libs/libnds/lib\libnds9.a(chdir.c.o)
                              C:/msys64/opt/wonderful/thirdparty/blocksds/external/nflib/lib\libnflib.a(nf_basic.c.o) (chdir)
C:/msys64/opt/wonderful/thirdparty/blocksds/core/libs/libnds/lib\libnds9.a(crt0_argv.c.o)
                              C:/msys64/opt/wonderful/thirdparty/blocksds/core/sys/crts/ds_arm9_crt0.o (build_argv)
C:/msys64/opt/wonderful/thirdparty/blocksds/core/libs/libnds/lib\libnds9.a(fatfs.c.o)
                              C:/msys64/opt/wonderful/thirdparty/blocksds/core/libs/libnds/lib\libnds9.a(chdir.c.o) (fatfs_error_to_posix)
C:/msys64/opt/wonderful/thirdparty/blocksds/core/libs/libnds/lib\libnds9.a(filesystem.c.o)
                              C:/msys64/opt/wonderful/thirdparty/blocksds/external/nflib/lib\libnflib.a(nf_basic.c.o) (access)
C:/msys64/opt/wonderful/thirdparty/blocksds/core/libs/libnds/lib\libnds9.a(iob.c.o)
                              C:/msys64/opt/wonderful/thirdparty/blocksds/core/libs/libnds/lib\libnds9.a(console.c.o) (stderr)
C:/msys64/opt/wonderful/thirdparty/blocksds/core/libs/libnds/lib\libnds9.a(nitrofs.c.o)
                              C:/msys64/opt/wonderful/thirdparty/blocksds/core/libs/libnds/lib\libnds9.a(filesystem.c.o) (nitrofs_use_for_path)
C:/msys64/opt/wonderful/thirdparty/blocksds/core/libs/libnds/lib\libnds9.a(sound.c.o)
                              build/fnaf_ds/source/init.c.o (soundEnable)
C:/msys64/opt/wonderful/thirdparty/blocksds/core/libs/libnds/lib\libnds9.a(card.c.o)
                              C:/msys64/opt/wonderful/thirdparty/blocksds/core/libs/libnds/lib\libnds9.a(nitrofs.c.o) (cardReadArm7)
C:/msys64/opt/wonderful/thirdparty/blocksds/core/libs/libnds/lib\libnds9.a(dldi.c.o)
                              C:/msys64/opt/wonderful/thirdparty/blocksds/core/libs/libnds/lib\libnds9.a(nitrofs.c.o) (dldiGetMode)
C:/msys64/opt/wonderful/thirdparty/blocksds/core/libs/libnds/lib\libnds9.a(nandfs.c.o)
                              C:/msys64/opt/wonderful/thirdparty/blocksds/core/libs/libnds/lib\libnds9.a(fatfs.c.o) (nand_WriteProtect)
C:/msys64/opt/wonderful/thirdparty/blocksds/core/libs/libnds/lib\libnds9.a(sdmmc.c.o)
[...]
Memory Configuration

Name             Origin             Length             Attributes
ewram            0x02000000         0x00380000
dtcm             0x02ff0000         0x00004000
itcm             0x01000000         0x00008000
*default*        0x00000000         0xffffffff

Linker script and memory map

                0x00000000                        PROVIDE (__dtcm_data_size = 0x0)
                0x00000001                        ASSERT (((__dtcm_data_size & 0x3) == 0x0), __dtcm_data_size must be a multiple of 4)
                0x00004000                        PROVIDE (__dldi_size = 0x4000)
                0x00000040                        PROVIDE (__dtcm_reserved_size = 0x40)
                0x00000001                        ASSERT (((__dtcm_reserved_size & 0x3) == 0x0), __dtcm_reserved_size must be a multiple of 4)
                0x00000100                        PROVIDE (__svc_stack_size = 0x100)
                0x00000001                        ASSERT (((__svc_stack_size & 0x3) == 0x0), __svc_stack_size must be a multiple of 4)
                0x00000100                        PROVIDE (__irq_stack_size = 0x100)
                0x00000001                        ASSERT (((__irq_stack_size & 0x3) == 0x0), __irq_stack_size must be a multiple of 4)
                0x00000000                        PROVIDE (__usr_stack_size = 0x0)
                0x00000001                        ASSERT (((__usr_stack_size & 0x3) == 0x0), __usr_stack_size must be a multiple of 4)
                0x02380000                        __ewram_end = (ORIGIN (ewram) + LENGTH (ewram))
                0x02380000                        __eheap_end = (ORIGIN (ewram) + LENGTH (ewram))
                0x02ff0000                        __dtcm_start = ORIGIN (dtcm)
                0x02ff4000                        __dtcm_top = (ORIGIN (dtcm) + LENGTH (dtcm))
                0x02ff3ff8                        __irq_flags = (__dtcm_top - 0x8)
                0x02ff3ffc                        __irq_vector = (__dtcm_top - 0x4)
                0x02ff3fc0                        __sp_svc = (__dtcm_top - __dtcm_reserved_size)
                0x02ff3ec0                        __sp_irq = (__sp_svc - __svc_stack_size)
                0x02ff3dc0                        __sp_usr = ((__sp_irq - __irq_stack_size) - __dtcm_data_size)
                0x02ff0000                        __dtcm_data_start = (__dtcm_data_size > 0x0)?__sp_usr:ORIGIN (dtcm)
                0x02ff3dc0                        __dtcm_data_top = (__dtcm_data_size > 0x0)?(__sp_irq - __irq_stack_size):(__sp_usr - __usr_stack_size)
                0x0000000e                        __dldi_log2_size = (LOG2CEIL ((__dldi_size + 0x1)) - 0x1)

.secure         0x02000000      0x800
 *(.secure)
 .secure        0x02000000      0x800 C:/msys64/opt/wonderful/thirdparty/blocksds/core/libs/libnds/lib\libnds9.a(securearea.c.o)
                0x02000000                __secure_area__

.crt0           0x02000800      0x2f0
                0x02000800                        __text_start = .
 *(.crt0)
 .crt0          0x02000800      0x2f0 C:/msys64/opt/wonderful/thirdparty/blocksds/core/sys/crts/ds_arm9_crt0.o
                0x02000800                _start
                0x02000af0                        . = ALIGN (0x4)

.dldi           0x02000b00     0x4000
                0x02000b00                        __dldi_start = .
 *(.dldi)
 .dldi          0x02000b00       0x88 C:/msys64/opt/wonderful/thirdparty/blocksds/core/libs/libnds/lib\libnds9.a(dldi_stub.s.o)
                0x02000b00                _io_dldi_stub
                0x02000b88                        . = ALIGN (0x4)
                0x02000b88                        __dldi_data_end = .
                0x02004b00                        __dldi_end = (__dldi_data_end > __dldi_start)?(__dldi_start + __dldi_size):__dldi_start
                0x02004b00                        . = __dldi_end
 *fill*         0x02000b88     0x3f78 00
                0x02004b00                        . = ALIGN (0x4)

.plt
 *(.plt)

.init           0x02004b00        0x8
 *(SORT_NONE(.init))
 .init          0x02004b00        0x8 C:/msys64/opt/wonderful/toolchain/gcc-arm-none-eabi/lib/gcc/arm-none-eabi/15.2.1/thumb/arm946e-s/crtn.o

.text           0x02004b08    0x11bc8
 *(EXCLUDE_FILE(*.twl* *.itcm*) .text)
 .text          0x02004b08       0x14 C:/msys64/opt/wonderful/toolchain/gcc-arm-none-eabi/lib/gcc/arm-none-eabi/15.2.1/../../../../arm-none-eabi/lib/thumb/arm946e-s\libc.a(strcmp.S.o)
                0x02004b08                strcmp
 .text          0x02004b1c        0xe C:/msys64/opt/wonderful/toolchain/gcc-arm-none-eabi/lib/gcc/arm-none-eabi/15.2.1/../../../../arm-none-eabi/lib/thumb/arm946e-s\libc.a(strlen.S.o)
                0x02004b1c                strlen
 *fill*         0x02004b2a        0x2 ff
 .text          0x02004b2c       0x14 C:/msys64/opt/wonderful/toolchain/gcc-arm-none-eabi/lib/gcc/arm-none-eabi/15.2.1/thumb/arm946e-s\libgcc.a(_thumb1_case_uqi.o)
                0x02004b2c                __gnu_thumb1_case_uqi
 .text          0x02004b40       0x14 C:/msys64/opt/wonderful/toolchain/gcc-arm-none-eabi/lib/gcc/arm-none-eabi/15.2.1/thumb/arm946e-s\libgcc.a(_thumb1_case_uhi.o)
                0x02004b40                __gnu_thumb1_case_uhi
 .text          0x02004b54      0x214 C:/msys64/opt/wonderful/toolchain/gcc-arm-none-eabi/lib/gcc/arm-none-eabi/15.2.1/thumb/arm946e-s\libgcc.a(_udivsi3.o)
                0x02004b54                __aeabi_uidiv
                0x02004b54                __udivsi3
                0x02004d48                __aeabi_uidivmod
 .text          0x02004d68      0x248 C:/msys64/opt/wonderful/toolchain/gcc-arm-none-eabi/lib/gcc/arm-none-eabi/15.2.1/thumb/arm946e-s\libgcc.a(_divsi3.o)
                0x02004d68                __divsi3
                0x02004d68                __aeabi_idiv
                0x02004f90                __aeabi_idivmod
 .text          0x02004fb0        0x4 C:/msys64/opt/wonderful/toolchain/gcc-arm-none-eabi/lib/gcc/arm-none-eabi/15.2.1/thumb/arm946e-s\libgcc.a(_dvmd_tls.o)
                0x02004fb0                __aeabi_idiv0
                0x02004fb0                __aeabi_ldiv0
 .text          0x02004fb4       0x18 C:/msys64/opt/wonderful/toolchain/gcc-arm-none-eabi/lib/gcc/arm-none-eabi/15.2.1/thumb/arm946e-s\libgcc.a(_lshrdi3.o)
                0x02004fb4                __lshrdi3
                0x02004fb4                __aeabi_llsr
 .text          0x02004fcc       0x1c C:/msys64/opt/wonderful/toolchain/gcc-arm-none-eabi/lib/gcc/arm-none-eabi/15.2.1/thumb/arm946e-s\libgcc.a(_ashrdi3.o)
                0x02004fcc                __aeabi_lasr
                0x02004fcc                __ashrdi3
 .text          0x02004fe8       0x18 C:/msys64/opt/wonderful/toolchain/gcc-arm-none-eabi/lib/gcc/arm-none-eabi/15.2.1/thumb/arm946e-s\libgcc.a(_ashldi3.o)
                0x02004fe8                __aeabi_llsl
                0x02004fe8                __ashldi3
 .text          0x02005000      0x3c0 C:/msys64/opt/wonderful/toolchain/gcc-arm-none-eabi/lib/gcc/arm-none-eabi/15.2.1/thumb/arm946e-s\libgcc.a(_arm_addsubdf3.o)
                0x02005000                __aeabi_drsub
                0x02005008                __aeabi_dsub
                0x02005008                __subdf3
                0x0200500c                __aeabi_dadd
                0x0200500c                __adddf3
                0x020052b8                __floatunsidf
                0x020052b8                __aeabi_ui2d
                0x020052dc                __floatsidf
                0x020052dc                __aeabi_i2d
                0x02005304                __aeabi_f2d
                0x02005304                __extendsfdf2
                0x0200534c                __floatundidf
                0x0200534c                __aeabi_ul2d
                0x02005360                __floatdidf
                0x02005360                __aeabi_l2d
 .text          0x020053c0      0x470 C:/msys64/opt/wonderful/toolchain/gcc-arm-none-eabi/lib/gcc/arm-none-eabi/15.2.1/thumb/arm946e-s\libgcc.a(_arm_muldivdf3.o)
                0x020053c0                __aeabi_dmul
                0x020053c0                __muldf3
                0x0200562c                __divdf3
                0x0200562c                __aeabi_ddiv
 .text          0x02005830      0x12c C:/msys64/opt/wonderful/toolchain/gcc-arm-none-eabi/lib/gcc/arm-none-eabi/15.2.1/thumb/arm946e-s\libgcc.a(_arm_cmpdf2.o)
                0x02005830                __gtdf2
                0x02005830                __gedf2
                0x02005838                __ltdf2
                0x02005838                __ledf2
                0x02005840                __nedf2
                0x02005840                __eqdf2
                0x02005840                __cmpdf2
                0x020058c8                __aeabi_cdrcmple
                0x020058e4                __aeabi_cdcmpeq
                0x020058e4                __aeabi_cdcmple
                0x020058f8                __aeabi_dcmpeq
                0x0200590c                __aeabi_dcmplt
                0x02005920                __aeabi_dcmple
                0x02005934                __aeabi_dcmpge
                0x02005948                __aeabi_dcmpgt
 .text          0x0200595c       0xa0 C:/msys64/opt/wonderful/toolchain/gcc-arm-none-eabi/lib/gcc/arm-none-eabi/15.2.1/thumb/arm946e-s\libgcc.a(_arm_truncdfsf2.o)
                0x0200595c                __truncdfsf2
                0x0200595c                __aeabi_d2f
 .text          0x020059fc      0x250 C:/msys64/opt/wonderful/toolchain/gcc-arm-none-eabi/lib/gcc/arm-none-eabi/15.2.1/thumb/arm946e-s\libgcc.a(_arm_addsubsf3.o)
                0x020059fc                __aeabi_frsub
                0x02005a04                __subsf3
                0x02005a04                __aeabi_fsub
                0x02005a08                __aeabi_fadd
                0x02005a08                __addsf3
                0x02005b98                __aeabi_ui2f
                0x02005b98                __floatunsisf
                0x02005ba0                __aeabi_i2f
                0x02005ba0                __floatsisf
                0x02005bc0                __aeabi_ul2f
                0x02005bc0                __floatundisf
                0x02005bd0                __aeabi_l2f
                0x02005bd0                __floatdisf
 .text          0x02005c4c       0xfc C:/msys64/opt/wonderful/toolchain/gcc-arm-none-eabi/lib/gcc/arm-none-eabi/15.2.1/thumb/arm946e-s\libgcc.a(_arm_cmpsf2.o)
                0x02005c4c                __gesf2
                0x02005c4c                __gtsf2
                0x02005c54                __lesf2
                0x02005c54                __ltsf2
                0x02005c5c                __nesf2
                0x02005c5c                __eqsf2
                0x02005c5c                __cmpsf2
                0x02005cc0                __aeabi_cfrcmple
                0x02005cd0                __aeabi_cfcmpeq
                0x02005cd0                __aeabi_cfcmple
                0x02005ce4                __aeabi_fcmpeq
                0x02005cf8                __aeabi_fcmplt
                0x02005d0c                __aeabi_fcmple
                0x02005d20                __aeabi_fcmpge
                0x02005d34                __aeabi_fcmpgt
 .text          0x02005d48       0x5c C:/msys64/opt/wonderful/toolchain/gcc-arm-none-eabi/lib/gcc/arm-none-eabi/15.2.1/thumb/arm946e-s\libgcc.a(_arm_fixsfsi.o)
                0x02005d48                __aeabi_f2iz
                0x02005d48                __fixsfsi
 .text          0x02005da4        0x8 C:/msys64/opt/wonderful/toolchain/gcc-arm-none-eabi/lib/gcc/arm-none-eabi/15.2.1/thumb/arm946e-s\libgcc.a(_clzsi2.o)
                0x02005da4                __clzsi2
 .text          0x02005dac       0x14 C:/msys64/opt/wonderful/toolchain/gcc-arm-none-eabi/lib/gcc/arm-none-eabi/15.2.1/thumb/arm946e-s\libgcc.a(_clzdi2.o)
                0x02005dac                __clzdi2
 .text          0x02005dc0       0xd4 C:/msys64/opt/wonderful/toolchain/gcc-arm-none-eabi/lib/gcc/arm-none-eabi/15.2.1/thumb/arm946e-s\libgcc.a(_aeabi_ldivmod.o)
                0x02005dc0                __aeabi_ldivmod
 .text          0x02005e94       0x3c C:/msys64/opt/wonderful/toolchain/gcc-arm-none-eabi/lib/gcc/arm-none-eabi/15.2.1/thumb/arm946e-s\libgcc.a(_aeabi_uldivmod.o)
                0x02005e94                __aeabi_uldivmod
 .text          0x02005ed0      0x190 C:/msys64/opt/wonderful/toolchain/gcc-arm-none-eabi/lib/gcc/arm-none-eabi/15.2.1/thumb/arm946e-s\libgcc.a(_udivmoddi4.o)
                0x02005ed0                __udivmoddi4
 .text          0x02006060       0x14 C:/msys64/opt/wonderful/toolchain/gcc-arm-none-eabi/lib/gcc/arm-none-eabi/15.2.1/thumb/arm946e-s\libgcc.a(muldi3.o)
                0x02006060                __muldi3
                0x02006060                __aeabi_lmul
 *(EXCLUDE_FILE(*.twl* *.itcm*) .stub)
 *(EXCLUDE_FILE(*.twl* *.itcm*) .text.*)
 .text.daTimeShit
                0x02006074       0x64 build/fnaf_ds/source/daTime.c.o
                0x02006074                daTimeShit
 .text.foxyTime
                0x020060d8       0xf8 build/fnaf_ds/source/foxyAI.c.o
                0x020060d8                foxyTime
 .text.onCreate
                0x020061d0      0x4b8 build/fnaf_ds/source/game.c.o
                0x020061d0                onCreate
 .text.onPostCreate
                0x02006688       0x60 build/fnaf_ds/source/game.c.o
                0x02006688                onPostCreate
 .text.checkAnimatronics
                0x020066e8       0x70 build/fnaf_ds/source/game.c.o
                0x020066e8                checkAnimatronics
 .text.onUpdate
                0x02006758      0x78c build/fnaf_ds/source/game.c.o
                0x02006758                onUpdate
 .text.initEverything
                0x02006ee4       0xe0 build/fnaf_ds/source/init.c.o
                0x02006ee4                initEverything
 .text.startup.main
                0x02006fc4        0xc build/fnaf_ds/source/main.c.o
                0x02006fc4                main
 .text.menuCreate
                0x02006fd0      0x284 build/fnaf_ds/source/mainmenu.c.o
                0x02006fd0                menuCreate
 .text.menuUpdate
                0x02007254      0x310 build/fnaf_ds/source/mainmenu.c.o
                0x02007254                menuUpdate
 .text.newspaperStuff
                0x02007564       0x88 build/fnaf_ds/source/newspaper.c.o
                0x02007564                newspaperStuff
 .text.NF_InitSpriteBuffers
                0x020075ec       0x5c C:/msys64/opt/wonderful/thirdparty/blocksds/external/nflib/lib\libnflib.a(nf_sprite256.c.o)
                0x020075ec                NF_InitSpriteBuffers
 .text.NF_ResetSpriteBuffers
                0x02007648       0x34 C:/msys64/opt/wonderful/thirdparty/blocksds/external/nflib/lib\libnflib.a(nf_sprite256.c.o)
                0x02007648                NF_ResetSpriteBuffers
 .text.NF_InitSpriteSys
                0x0200767c      0x1f8 C:/msys64/opt/wonderful/thirdparty/blocksds/external/nflib/lib\libnflib.a(nf_sprite256.c.o)
                0x0200767c                NF_InitSpriteSys
 .text.NF_LoadSpriteGfx
                0x02007874       0x94 C:/msys64/opt/wonderful/thirdparty/blocksds/external/nflib/lib\libnflib.a(nf_sprite256.c.o)
                0x02007874                NF_LoadSpriteGfx
 .text.NF_UnloadSpriteGfx
                0x02007908       0x64 C:/msys64/opt/wonderful/thirdparty/blocksds/external/nflib/lib\libnflib.a(nf_sprite256.c.o)
                0x02007908                NF_UnloadSpriteGfx
 .text.NF_LoadSpritePal
                0x0200796c       0x7c C:/msys64/opt/wonderful/thirdparty/blocksds/external/nflib/lib\libnflib.a(nf_sprite256.c.o)
                0x0200796c                NF_LoadSpritePal
 .text.NF_UnloadSpritePal
                0x020079e8       0x5c C:/msys64/opt/wonderful/thirdparty/blocksds/external/nflib/lib\libnflib.a(nf_sprite256.c.o)
                0x020079e8                NF_UnloadSpritePal
 .text.NF_VramSpriteGfx
                0x02007a44      0x27c C:/msys64/opt/wonderful/thirdparty/blocksds/external/nflib/lib\libnflib.a(nf_sprite256.c.o)
                0x02007a44                NF_VramSpriteGfx
 .text.NF_VramSpriteGfxDefrag
                0x02007cc0      0x200 C:/msys64/opt/wonderful/thirdparty/blocksds/external/nflib/lib\libnflib.a(nf_sprite256.c.o)
                0x02007cc0                NF_VramSpriteGfxDefrag
 .text.NF_FreeSpriteGfx
                0x02007ec0       0xd4 C:/msys64/opt/wonderful/thirdparty/blocksds/external/nflib/lib\libnflib.a(nf_sprite256.c.o)
                0x02007ec0                NF_FreeSpriteGfx
 .text.NF_VramSpritePal
                0x02007f94       0xb0 C:/msys64/opt/wonderful/thirdparty/blocksds/external/nflib/lib\libnflib.a(nf_sprite256.c.o)
                0x02007f94                NF_VramSpritePal
 .text.NF_CreateSprite
                0x02008044      0x1c8 C:/msys64/opt/wonderful/thirdparty/blocksds/external/nflib/lib\libnflib.a(nf_sprite256.c.o)
                0x02008044                NF_CreateSprite
 .text.NF_DeleteSprite
                0x0200820c       0x84 C:/msys64/opt/wonderful/thirdparty/blocksds/external/nflib/lib\libnflib.a(nf_sprite256.c.o)
                0x0200820c                NF_DeleteSprite
 .text.NF_SpriteOamSet
                0x02008290       0xc0 C:/msys64/opt/wonderful/thirdparty/blocksds/external/nflib/lib\libnflib.a(nf_sprite256.c.o)
                0x02008290                NF_SpriteOamSet
 .text.NF_InitRawSoundBuffers
                0x02008350       0x34 C:/msys64/opt/wonderful/thirdparty/blocksds/external/nflib/lib\libnflib.a(nf_sound.c.o)
                0x02008350                NF_InitRawSoundBuffers
 .text.NF_ResetRawSoundBuffers
                0x02008384       0x44 C:/msys64/opt/wonderful/thirdparty/blocksds/external/nflib/lib\libnflib.a(nf_sound.c.o)
                0x02008384                NF_ResetRawSoundBuffers
 .text.NF_LoadRawSound
                0x020083c8       0xa8 C:/msys64/opt/wonderful/thirdparty/blocksds/external/nflib/lib\libnflib.a(nf_sound.c.o)
                0x020083c8                NF_LoadRawSound
 .text.NF_UnloadRawSound
                0x02008470       0x58 C:/msys64/opt/wonderful/thirdparty/blocksds/external/nflib/lib\libnflib.a(nf_sound.c.o)
                0x02008470                NF_UnloadRawSound
 .text.NF_PlayRawSound
                0x020084c8       0x70 C:/msys64/opt/wonderful/thirdparty/blocksds/external/nflib/lib\libnflib.a(nf_sound.c.o)
                0x020084c8                NF_PlayRawSound
 .text.NF_InitAffineBgSys
                0x02008538       0xd0 C:/msys64/opt/wonderful/thirdparty/blocksds/external/nflib/lib\libnflib.a(nf_affinebg.c.o)
                0x02008538                NF_InitAffineBgSys
 .text.NF_Set2D
                0x02008608       0x64 C:/msys64/opt/wonderful/thirdparty/blocksds/external/nflib/lib\libnflib.a(nf_2d.c.o)
                0x02008608                NF_Set2D
 .text.NF_ShowBg
                0x0200866c       0x74 C:/msys64/opt/wonderful/thirdparty/blocksds/external/nflib/lib\libnflib.a(nf_2d.c.o)
                0x0200866c                NF_ShowBg
 .text.NF_HideBg
                0x020086e0       0x9c C:/msys64/opt/wonderful/thirdparty/blocksds/external/nflib/lib\libnflib.a(nf_2d.c.o)
                0x020086e0                NF_HideBg
 .text.NF_ScrollBg
                0x0200877c      0x2fc C:/msys64/opt/wonderful/thirdparty/blocksds/external/nflib/lib\libnflib.a(nf_2d.c.o)
                0x0200877c                NF_ScrollBg
 .text.NF_SpriteFrame
                0x02008a78       0xbc C:/msys64/opt/wonderful/thirdparty/blocksds/external/nflib/lib\libnflib.a(nf_2d.c.o)
                0x02008a78                NF_SpriteFrame
 .text.NF_EnableSpriteRotScale
                0x02008b34       0x74 C:/msys64/opt/wonderful/thirdparty/blocksds/external/nflib/lib\libnflib.a(nf_2d.c.o)
                0x02008b34                NF_EnableSpriteRotScale
 .text.NF_SpriteRotScale
                0x02008ba8       0xa8 C:/msys64/opt/wonderful/thirdparty/blocksds/external/nflib/lib\libnflib.a(nf_2d.c.o)
                0x02008ba8                NF_SpriteRotScale
 .text.NF_InitCmapBuffers
                0x02008c50       0xb4 C:/msys64/opt/wonderful/thirdparty/blocksds/external/nflib/lib\libnflib.a(nf_collision.c.o)
                0x02008c50                NF_InitCmapBuffers
 .text.NF_InitTiledBgBuffers
                0x02008d04       0x98 C:/msys64/opt/wonderful/thirdparty/blocksds/external/nflib/lib\libnflib.a(nf_tiledbg.c.o)
                0x02008d04                NF_InitTiledBgBuffers
 .text.NF_ResetTiledBgBuffers
                0x02008d9c       0x5c C:/msys64/opt/wonderful/thirdparty/blocksds/external/nflib/lib\libnflib.a(nf_tiledbg.c.o)
                0x02008d9c                NF_ResetTiledBgBuffers
 .text.NF_InitTiledBgSys
                0x02008df8      0x148 C:/msys64/opt/wonderful/thirdparty/blocksds/external/nflib/lib\libnflib.a(nf_tiledbg.c.o)
                0x02008df8                NF_InitTiledBgSys
 .text.NF_LoadTiledBg
                0x02008f40      0x1a4 C:/msys64/opt/wonderful/thirdparty/blocksds/external/nflib/lib\libnflib.a(nf_tiledbg.c.o)
                0x02008f40                NF_LoadTiledBg
 .text.NF_UnloadTiledBg
                0x020090e4       0x9c C:/msys64/opt/wonderful/thirdparty/blocksds/external/nflib/lib\libnflib.a(nf_tiledbg.c.o)
                0x020090e4                NF_UnloadTiledBg
 .text.NF_DeleteTiledBg
                0x02009180      0x17c C:/msys64/opt/wonderful/thirdparty/blocksds/external/nflib/lib\libnflib.a(nf_tiledbg.c.o)
                0x02009180                NF_DeleteTiledBg
 .text.NF_CreateTiledBg
                0x020092fc      0x5ac C:/msys64/opt/wonderful/thirdparty/blocksds/external/nflib/lib\libnflib.a(nf_tiledbg.c.o)
                0x020092fc                NF_CreateTiledBg
 .text.NF_GetTileMapAddress
                0x020098a8       0x90 C:/msys64/opt/wonderful/thirdparty/blocksds/external/nflib/lib\libnflib.a(nf_tiledbg.c.o)
                0x020098a8                NF_GetTileMapAddress
 .text.NF_SetTileOfMap
                0x02009938       0x44 C:/msys64/opt/wonderful/thirdparty/blocksds/external/nflib/lib\libnflib.a(nf_tiledbg.c.o)
                0x02009938                NF_SetTileOfMap
 .text.NF_UpdateVramMap
                0x0200997c       0xf8 C:/msys64/opt/wonderful/thirdparty/blocksds/external/nflib/lib\libnflib.a(nf_tiledbg.c.o)
                0x0200997c                NF_UpdateVramMap
 .text.NF_RotateTileGfx
                0x02009a74      0x100 C:/msys64/opt/wonderful/thirdparty/blocksds/external/nflib/lib\libnflib.a(nf_tiledbg.c.o)
                0x02009a74                NF_RotateTileGfx
 .text.NF_InitTextSys
                0x02009b74       0x34 C:/msys64/opt/wonderful/thirdparty/blocksds/external/nflib/lib\libnflib.a(nf_text.c.o)
                0x02009b74                NF_InitTextSys
 .text.NF_LoadTextFont
                0x02009ba8      0x1d8 C:/msys64/opt/wonderful/thirdparty/blocksds/external/nflib/lib\libnflib.a(nf_text.c.o)
                0x02009ba8                NF_LoadTextFont
 .text.NF_CreateTextLayer
                0x02009d80       0x8c C:/msys64/opt/wonderful/thirdparty/blocksds/external/nflib/lib\libnflib.a(nf_text.c.o)
                0x02009d80                NF_CreateTextLayer
 .text.NF_WriteText
                0x02009e0c      0x2a4 C:/msys64/opt/wonderful/thirdparty/blocksds/external/nflib/lib\libnflib.a(nf_text.c.o)
                0x02009e0c                NF_WriteText
 .text.NF_UpdateTextLayers
                0x0200a0b0       0x38 C:/msys64/opt/wonderful/thirdparty/blocksds/external/nflib/lib\libnflib.a(nf_text.c.o)
                0x0200a0b0                NF_UpdateTextLayers
 .text.NF_Error
                0x0200a0e8      0x2d8 C:/msys64/opt/wonderful/thirdparty/blocksds/external/nflib/lib\libnflib.a(nf_basic.c.o)
                0x0200a0e8                NF_Error
 .text.NF_SetRootFolder
                0x0200a3c0      0x1e0 C:/msys64/opt/wonderful/thirdparty/blocksds/external/nflib/lib\libnflib.a(nf_basic.c.o)
                0x0200a3c0                NF_SetRootFolder
 .text.NF_DmaMemCopy
                0x0200a5a0       0x70 C:/msys64/opt/wonderful/thirdparty/blocksds/external/nflib/lib\libnflib.a(nf_basic.c.o)
                0x0200a5a0                NF_DmaMemCopy
 .text.NF_FileLoad
                0x0200a610       0xac C:/msys64/opt/wonderful/thirdparty/blocksds/external/nflib/lib\libnflib.a(nf_basic.c.o)
                0x0200a610                NF_FileLoad
 .text.CP15_FlushICache
                0x0200a6bc        0xc C:/msys64/opt/wonderful/thirdparty/blocksds/core/libs/libnds/lib\libnds9.a(cp15.s.o)
                0x0200a6bc                CP15_FlushICache
 .text.CP15_FlushDCache
                0x0200a6c8        0xc C:/msys64/opt/wonderful/thirdparty/blocksds/core/libs/libnds/lib\libnds9.a(cp15.s.o)
                0x0200a6c8                CP15_FlushDCache
 .text.CP15_CleanAndFlushDCache
                0x0200a6d4       0x34 C:/msys64/opt/wonderful/thirdparty/blocksds/core/libs/libnds/lib\libnds9.a(cp15.s.o)
                0x0200a6d4                CP15_CleanAndFlushDCache
 .text.__libnds_mpu_setup
                0x0200a708      0x1c4 C:/msys64/opt/wonderful/thirdparty/blocksds/core/libs/libnds/lib\libnds9.a(mpu_setup.s.o)
                0x0200a708                __libnds_mpu_setup
 .text.CP15_MPUDisable
                0x0200a8cc       0x3c C:/msys64/opt/wonderful/thirdparty/blocksds/core/libs/libnds/lib\libnds9.a(mpu_setup.s.o)
                0x0200a8cc                CP15_MPUDisable
 .text.memUncached
                0x0200a908       0x20 C:/msys64/opt/wonderful/thirdparty/blocksds/core/libs/libnds/lib\libnds9.a(mpu_setup.s.o)
                0x0200a908                memUncached
 .text.dmaSetParams
                0x0200a928       0x1c C:/msys64/opt/wonderful/thirdparty/blocksds/core/libs/libnds/lib\libnds9.a(dma.s.o)
                0x0200a928                dmaSetParams
 .text.__aeabi_memcpy
                0x0200a944       0xc8 C:/msys64/opt/wonderful/thirdparty/blocksds/core/libs/libnds/lib\libnds9.a(memcpy.s.o)
                0x0200a944                __aeabi_memcpy
                0x0200a97c                __aeabi_memcpy4
                0x0200a97c                __aeabi_memcpy8
                0x0200a9e8                __ndsabi_memcpy2
 .text.__ndsabi_memcpy1
                0x0200aa0c       0x14 C:/msys64/opt/wonderful/thirdparty/blocksds/core/libs/libnds/lib\libnds9.a(memcpy.s.o)
                0x0200aa0c                __ndsabi_memcpy1
 .text.memcpy   0x0200aa20       0x10 C:/msys64/opt/wonderful/thirdparty/blocksds/core/libs/libnds/lib\libnds9.a(memcpy.s.o)
                0x0200aa20                memcpy
 .text.__aeabi_memset
                0x0200aa30       0x9c C:/msys64/opt/wonderful/thirdparty/blocksds/core/libs/libnds/lib\libnds9.a(memset.s.o)
                0x0200aa30                __aeabi_memset
                0x0200aa54                __aeabi_memset8
                0x0200aa54                __aeabi_memset4
                0x0200aa60                __ndsabi_wordset4
                0x0200aa64                __ndsabi_lwordset4
 .text.__ndsabi_memset1
                0x0200aacc       0x10 C:/msys64/opt/wonderful/thirdparty/blocksds/core/libs/libnds/lib\libnds9.a(memset.s.o)
                0x0200aacc                __ndsabi_memset1
 .text.memset   0x0200aadc       0x1c C:/msys64/opt/wonderful/thirdparty/blocksds/core/libs/libnds/lib\libnds9.a(memset.s.o)
                0x0200aadc                memset
 .text.newRow   0x0200aaf8       0x88 C:/msys64/opt/wonderful/thirdparty/blocksds/core/libs/libnds/lib\libnds9.a(console.c.o)
 .text.consolePrintChar.part.0
                0x0200ab80      0x100 C:/msys64/opt/wonderful/thirdparty/blocksds/core/libs/libnds/lib\libnds9.a(console.c.o)
 .text.consolePrintChar
                0x0200ac80       0x2c C:/msys64/opt/wonderful/thirdparty/blocksds/core/libs/libnds/lib\libnds9.a(console.c.o)
                0x0200ac80                consolePrintChar
 .text.con_write
                0x0200acac      0x330 C:/msys64/opt/wonderful/thirdparty/blocksds/core/libs/libnds/lib\libnds9.a(console.c.o)
 .text.consoleLoadFont
                0x0200afdc      0x24c C:/msys64/opt/wonderful/thirdparty/blocksds/core/libs/libnds/lib\libnds9.a(console.c.o)
                0x0200afdc                consoleLoadFont
 .text.consoleInitEx
                0x0200b228      0x19c C:/msys64/opt/wonderful/thirdparty/blocksds/core/libs/libnds/lib\libnds9.a(console.c.o)
                0x0200b228                consoleInitEx
 .text.consoleDemoInit
                0x0200b3c4       0x48 C:/msys64/opt/wonderful/thirdparty/blocksds/core/libs/libnds/lib\libnds9.a(console.c.o)
                0x0200b3c4                consoleDemoInit
 .text.consoleSetCursor
                0x0200b40c       0x24 C:/msys64/opt/wonderful/thirdparty/blocksds/core/libs/libnds/lib\libnds9.a(console.c.o)
                0x0200b40c                consoleSetCursor
 .text.consoleSetColor
                0x0200b430       0x18 C:/msys64/opt/wonderful/thirdparty/blocksds/core/libs/libnds/lib\libnds9.a(console.c.o)
                0x0200b430                consoleSetColor
 .text.consoleArm7Flush
                0x0200b448       0x90 C:/msys64/opt/wonderful/thirdparty/blocksds/core/libs/libnds/lib\libnds9.a(console.c.o)
                0x0200b448                consoleArm7Flush
 .text.chdir    0x0200b4d8      0x11c C:/msys64/opt/wonderful/thirdparty/blocksds/core/libs/libnds/lib\libnds9.a(chdir.c.o)
                0x0200b4d8                chdir
 .text.build_argv
                0x0200b5f4       0x58 C:/msys64/opt/wonderful/thirdparty/blocksds/core/libs/libnds/lib\libnds9.a(crt0_argv.c.o)
                0x0200b5f4                build_argv
 .text.fatfs_error_to_posix
                0x0200b64c       0x24 C:/msys64/opt/wonderful/thirdparty/blocksds/core/libs/libnds/lib\libnds9.a(fatfs.c.o)
                0x0200b64c                fatfs_error_to_posix
 .text.fatfs_timestamp_to_fattime
                0x0200b670       0x28 C:/msys64/opt/wonderful/thirdparty/blocksds/core/libs/libnds/lib\libnds9.a(fatfs.c.o)
                0x0200b670                fatfs_timestamp_to_fattime
 .text.get_dirname
                0x0200b698       0x98 C:/msys64/opt/wonderful/thirdparty/blocksds/core/libs/libnds/lib\libnds9.a(fatfs.c.o)
                0x0200b698                get_dirname
 .text.fatGetDefaultCwd
                0x0200b730       0x70 C:/msys64/opt/wonderful/thirdparty/blocksds/core/libs/libnds/lib\libnds9.a(fatfs.c.o)
                0x0200b730                fatGetDefaultCwd
 .text.nandInit
                0x0200b7a0       0xe0 C:/msys64/opt/wonderful/thirdparty/blocksds/core/libs/libnds/lib\libnds9.a(fatfs.c.o)
                0x0200b7a0                nandInit
 .text.fatInit.part.0
                0x0200b880      0x1d0 C:/msys64/opt/wonderful/thirdparty/blocksds/core/libs/libnds/lib\libnds9.a(fatfs.c.o)
 .text.fatInitDefault
                0x0200ba50       0x24 C:/msys64/opt/wonderful/thirdparty/blocksds/core/libs/libnds/lib\libnds9.a(fatfs.c.o)
                0x0200ba50                fatInitDefault
 .text.fatInitLookupCache
                0x0200ba74       0x60 C:/msys64/opt/wonderful/thirdparty/blocksds/core/libs/libnds/lib\libnds9.a(fatfs.c.o)
                0x0200ba74                fatInitLookupCache
 .text.open     0x0200bad4       0xfc C:/msys64/opt/wonderful/thirdparty/blocksds/core/libs/libnds/lib\libnds9.a(filesystem.c.o)
                0x0200bad4                open
 .text.read     0x0200bbd0       0x70 C:/msys64/opt/wonderful/thirdparty/blocksds/core/libs/libnds/lib\libnds9.a(filesystem.c.o)
                0x0200bbd0                read
 .text.write    0x0200bc40       0xa0 C:/msys64/opt/wonderful/thirdparty/blocksds/core/libs/libnds/lib\libnds9.a(filesystem.c.o)
                0x0200bc40                write
 .text.close    0x0200bce0       0x7c C:/msys64/opt/wonderful/thirdparty/blocksds/core/libs/libnds/lib\libnds9.a(filesystem.c.o)
                0x0200bce0                close
 .text.lseek    0x0200bd5c       0x74 C:/msys64/opt/wonderful/thirdparty/blocksds/core/libs/libnds/lib\libnds9.a(filesystem.c.o)
                0x0200bd5c                lseek
 .text.access   0x0200bdd0       0x98 C:/msys64/opt/wonderful/thirdparty/blocksds/core/libs/libnds/lib\libnds9.a(filesystem.c.o)
                0x0200bdd0                access
 .text.putc_buffered
                0x0200be68       0x94 C:/msys64/opt/wonderful/thirdparty/blocksds/core/libs/libnds/lib\libnds9.a(iob.c.o)
 .text.stderr_putc_buffered
                0x0200befc       0x20 C:/msys64/opt/wonderful/thirdparty/blocksds/core/libs/libnds/lib\libnds9.a(iob.c.o)
 .text.stdin_getc_keyboard
                0x0200bf1c       0xf0 C:/msys64/opt/wonderful/thirdparty/blocksds/core/libs/libnds/lib\libnds9.a(iob.c.o)
 .text.stdout_putc_buffered
                0x0200c00c       0x40 C:/msys64/opt/wonderful/thirdparty/blocksds/core/libs/libnds/lib\libnds9.a(iob.c.o)
 .text.nitrofs_read_internal_cart
                0x0200c04c       0xa4 C:/msys64/opt/wonderful/thirdparty/blocksds/core/libs/libnds/lib\libnds9.a(nitrofs.c.o)
 .text.nitrofs_read_internal
                0x0200c0f0       0x54 C:/msys64/opt/wonderful/thirdparty/blocksds/core/libs/libnds/lib\libnds9.a(nitrofs.c.o)
 .text.nitrofs_dir_state_init
                0x0200c144       0x9c C:/msys64/opt/wonderful/thirdparty/blocksds/core/libs/libnds/lib\libnds9.a(nitrofs.c.o)
 .text.nitrofs_dir_state_next
                0x0200c1e0       0xb0 C:/msys64/opt/wonderful/thirdparty/blocksds/core/libs/libnds/lib\libnds9.a(nitrofs.c.o)
 .text.nitrofs_dir_step
                0x0200c290       0xf0 C:/msys64/opt/wonderful/thirdparty/blocksds/core/libs/libnds/lib\libnds9.a(nitrofs.c.o)
 .text.nitrofs_use_for_path
                0x0200c380       0x30 C:/msys64/opt/wonderful/thirdparty/blocksds/core/libs/libnds/lib\libnds9.a(nitrofs.c.o)
                0x0200c380                nitrofs_use_for_path
 .text.nitrofs_path_resolve
                0x0200c3b0       0x68 C:/msys64/opt/wonderful/thirdparty/blocksds/core/libs/libnds/lib\libnds9.a(nitrofs.c.o)
                0x0200c3b0                nitrofs_path_resolve
 .text.nitrofs_chdir
                0x0200c418       0x24 C:/msys64/opt/wonderful/thirdparty/blocksds/core/libs/libnds/lib\libnds9.a(nitrofs.c.o)
                0x0200c418                nitrofs_chdir
 .text.nitrofs_read
                0x0200c43c       0x30 C:/msys64/opt/wonderful/thirdparty/blocksds/core/libs/libnds/lib\libnds9.a(nitrofs.c.o)
                0x0200c43c                nitrofs_read
 .text.nitrofs_lseek
                0x0200c46c       0x58 C:/msys64/opt/wonderful/thirdparty/blocksds/core/libs/libnds/lib\libnds9.a(nitrofs.c.o)
                0x0200c46c                nitrofs_lseek
 .text.nitrofs_close
                0x0200c4c4       0x10 C:/msys64/opt/wonderful/thirdparty/blocksds/core/libs/libnds/lib\libnds9.a(nitrofs.c.o)
                0x0200c4c4                nitrofs_close
 .text.nitroFSOpenById
                0x0200c4d4       0x6c C:/msys64/opt/wonderful/thirdparty/blocksds/core/libs/libnds/lib\libnds9.a(nitrofs.c.o)
                0x0200c4d4                nitroFSOpenById
 .text.nitrofs_open
                0x0200c540       0x4c C:/msys64/opt/wonderful/thirdparty/blocksds/core/libs/libnds/lib\libnds9.a(nitrofs.c.o)
                0x0200c540                nitrofs_open
 .text.nitroFSInit
                0x0200c58c      0x234 C:/msys64/opt/wonderful/thirdparty/blocksds/core/libs/libnds/lib\libnds9.a(nitrofs.c.o)
                0x0200c58c                nitroFSInit
 .text.soundEnable
                0x0200c7c0       0x10 C:/msys64/opt/wonderful/thirdparty/blocksds/core/libs/libnds/lib\libnds9.a(sound.c.o)
                0x0200c7c0                soundEnable
 .text.soundPlaySampleChannel
                0x0200c7d0       0x7c C:/msys64/opt/wonderful/thirdparty/blocksds/core/libs/libnds/lib\libnds9.a(sound.c.o)
                0x0200c7d0                soundPlaySampleChannel
 .text.soundKill
                0x0200c84c       0x14 C:/msys64/opt/wonderful/thirdparty/blocksds/core/libs/libnds/lib\libnds9.a(sound.c.o)
                0x0200c84c                soundKill
 .text.cardReadArm7
                0x0200c860       0x6c C:/msys64/opt/wonderful/thirdparty/blocksds/core/libs/libnds/lib\libnds9.a(card.c.o)
                0x0200c860                cardReadArm7
 .text.dldi_arm7_read_sectors
                0x0200c8cc       0x5c C:/msys64/opt/wonderful/thirdparty/blocksds/core/libs/libnds/lib\libnds9.a(dldi.c.o)
 .text.dldi_arm7_shutdown
                0x0200c928       0x3c C:/msys64/opt/wonderful/thirdparty/blocksds/core/libs/libnds/lib\libnds9.a(dldi.c.o)
 .text.dldi_arm7_clear_status
                0x0200c964       0x3c C:/msys64/opt/wonderful/thirdparty/blocksds/core/libs/libnds/lib\libnds9.a(dldi.c.o)
 .text.dldi_arm7_is_inserted
                0x0200c9a0       0x3c C:/msys64/opt/wonderful/thirdparty/blocksds/core/libs/libnds/lib\libnds9.a(dldi.c.o)
 .text.dldi_arm7_startup
                0x0200c9dc       0x50 C:/msys64/opt/wonderful/thirdparty/blocksds/core/libs/libnds/lib\libnds9.a(dldi.c.o)
 .text.dldi_arm7_write_sectors
                0x0200ca2c       0x5c C:/msys64/opt/wonderful/thirdparty/blocksds/core/libs/libnds/lib\libnds9.a(dldi.c.o)
 .text.dldiGetMode
                0x0200ca88        0xc C:/msys64/opt/wonderful/thirdparty/blocksds/core/libs/libnds/lib\libnds9.a(dldi.c.o)
                0x0200ca88                dldiGetMode
 .text.dldiGetInternal
                0x0200ca94       0xac C:/msys64/opt/wonderful/thirdparty/blocksds/core/libs/libnds/lib\libnds9.a(dldi.c.o)
                0x0200ca94                dldiGetInternal
 .text.dldiGetStubDataEnd
                0x0200cb40       0x1c C:/msys64/opt/wonderful/thirdparty/blocksds/core/libs/libnds/lib\libnds9.a(dldi.c.o)
                0x0200cb40                dldiGetStubDataEnd
 .text.dldiGetStubEnd
                0x0200cb5c        0x8 C:/msys64/opt/wonderful/thirdparty/blocksds/core/libs/libnds/lib\libnds9.a(dldi.c.o)
                0x0200cb5c                dldiGetStubEnd
 .text.get_io_dsinand
                0x0200cb64       0x18 C:/msys64/opt/wonderful/thirdparty/blocksds/core/libs/libnds/lib\libnds9.a(nandfs.c.o)
                0x0200cb64                get_io_dsinand
 .text.get_io_dsisd
                0x0200cb7c       0x24 C:/msys64/opt/wonderful/thirdparty/blocksds/core/libs/libnds/lib\libnds9.a(sdmmc.c.o)
                0x0200cb7c                get_io_dsisd
 .text.initSystem
                0x0200cba0      0x128 C:/msys64/opt/wonderful/thirdparty/blocksds/core/libs/libnds/lib\libnds9.a(initSystem.c.o)
                0x0200cba0                initSystem
 .text.scanKeys
                0x0200ccc8       0xcc C:/msys64/opt/wonderful/thirdparty/blocksds/core/libs/libnds/lib\libnds9.a(keys.c.o)
                0x0200ccc8                scanKeys
 .text.keysHeld
                0x0200cd94        0xc C:/msys64/opt/wonderful/thirdparty/blocksds/core/libs/libnds/lib\libnds9.a(keys.c.o)
                0x0200cd94                keysHeld
 .text.keysDown
                0x0200cda0        0xc C:/msys64/opt/wonderful/thirdparty/blocksds/core/libs/libnds/lib\libnds9.a(keys.c.o)
                0x0200cda0                keysDown
 .text.touchRead
                0x0200cdac       0x24 C:/msys64/opt/wonderful/thirdparty/blocksds/core/libs/libnds/lib\libnds9.a(keys.c.o)
                0x0200cdac                touchRead
 .text.setTransferInputData
                0x0200cdd0       0x1c C:/msys64/opt/wonderful/thirdparty/blocksds/core/libs/libnds/lib\libnds9.a(keys.c.o)
                0x0200cdd0                setTransferInputData
 .text.systemValueHandler
                0x0200cdec       0xc4 C:/msys64/opt/wonderful/thirdparty/blocksds/core/libs/libnds/lib\libnds9.a(system.c.o)
                0x0200cdec                systemValueHandler
 .text.systemMsgHandler
                0x0200ceb0       0x2c C:/msys64/opt/wonderful/thirdparty/blocksds/core/libs/libnds/lib\libnds9.a(system.c.o)
                0x0200ceb0                systemMsgHandler
 .text.memBufferIsInMainRam
                0x0200cedc       0x1c C:/msys64/opt/wonderful/thirdparty/blocksds/core/libs/libnds/lib\libnds9.a(system.c.o)
                0x0200cedc                memBufferIsInMainRam
 .text.sinLutLookup
                0x0200cef8       0x4c C:/msys64/opt/wonderful/thirdparty/blocksds/core/libs/libnds/lib\libnds9.a(trig.c.o)
                0x0200cef8                sinLutLookup
 .text.sinLerp  0x0200cf44       0x38 C:/msys64/opt/wonderful/thirdparty/blocksds/core/libs/libnds/lib\libnds9.a(trig.c.o)
                0x0200cf44                sinLerp
 .text.cosLerp  0x0200cf7c       0x44 C:/msys64/opt/wonderful/thirdparty/blocksds/core/libs/libnds/lib\libnds9.a(trig.c.o)
                0x0200cf7c                cosLerp
 .text.checkIfText
                0x0200cfc0       0x6c C:/msys64/opt/wonderful/thirdparty/blocksds/core/libs/libnds/lib\libnds9.a(background.c.o)
                0x0200cfc0                checkIfText
 .text.bgUpdate
                0x0200d02c       0xe8 C:/msys64/opt/wonderful/thirdparty/blocksds/core/libs/libnds/lib\libnds9.a(background.c.o)
                0x0200d02c                bgUpdate
 .text.bgInit_call
                0x0200d114       0xa8 C:/msys64/opt/wonderful/thirdparty/blocksds/core/libs/libnds/lib\libnds9.a(background.c.o)
                0x0200d114                bgInit_call
 .text.bgInitSub_call
                0x0200d1bc       0xb0 C:/msys64/opt/wonderful/thirdparty/blocksds/core/libs/libnds/lib\libnds9.a(background.c.o)
                0x0200d1bc                bgInitSub_call
 .text.oamInit  0x0200d26c      0x100 C:/msys64/opt/wonderful/thirdparty/blocksds/core/libs/libnds/lib\libnds9.a(sprite.c.o)
                0x0200d26c                oamInit
 .text.oamGfxPtrToOffset
                0x0200d36c       0x34 C:/msys64/opt/wonderful/thirdparty/blocksds/core/libs/libnds/lib\libnds9.a(sprite.c.o)
                0x0200d36c                oamGfxPtrToOffset
 .text.oamSet   0x0200d3a0      0x10c C:/msys64/opt/wonderful/thirdparty/blocksds/core/libs/libnds/lib\libnds9.a(sprite.c.o)
                0x0200d3a0                oamSet
 .text.oamUpdate
                0x0200d4ac       0x50 C:/msys64/opt/wonderful/thirdparty/blocksds/core/libs/libnds/lib\libnds9.a(sprite.c.o)
                0x0200d4ac                oamUpdate
 .text.oamRotateScale
                0x0200d4fc       0x4c C:/msys64/opt/wonderful/thirdparty/blocksds/core/libs/libnds/lib\libnds9.a(sprite.c.o)
                0x0200d4fc                oamRotateScale
 .text.oamAllocReset
                0x0200d548       0x1c C:/msys64/opt/wonderful/thirdparty/blocksds/core/libs/libnds/lib\libnds9.a(sprite_alloc.c.o)
                0x0200d548                oamAllocReset
 .text.setBrightness
                0x0200d564       0x40 C:/msys64/opt/wonderful/thirdparty/blocksds/core/libs/libnds/lib\libnds9.a(video.c.o)
                0x0200d564                setBrightness
 .text.vramDefault
                0x0200d5a4       0xe4 C:/msys64/opt/wonderful/thirdparty/blocksds/core/libs/libnds/lib\libnds9.a(video.c.o)
                0x0200d5a4                vramDefault
 .text.cardPolledTransfer
                0x0200d688       0x5c C:/msys64/opt/wonderful/thirdparty/blocksds/core/libs/libnds/lib\libnds9.a(card.c.o)
                0x0200d688                cardPolledTransfer
 .text.cardRead
                0x0200d6e4      0x190 C:/msys64/opt/wonderful/thirdparty/blocksds/core/libs/libnds/lib\libnds9.a(card.c.o)
                0x0200d6e4                cardRead
 .text.cothread_delete_internal
                0x0200d874       0xa0 C:/msys64/opt/wonderful/thirdparty/blocksds/core/libs/libnds/lib\libnds9.a(threads.c.o)
 .text.cothread_main
                0x0200d914       0x1c C:/msys64/opt/wonderful/thirdparty/blocksds/core/libs/libnds/lib\libnds9.a(threads.c.o)
                0x0200d914                cothread_main
 .text.cothread_yield
                0x0200d930       0x20 C:/msys64/opt/wonderful/thirdparty/blocksds/core/libs/libnds/lib\libnds9.a(threads.c.o)
                0x0200d930                cothread_yield
 .text.cothread_yield_irq
                0x0200d950       0xa8 C:/msys64/opt/wonderful/thirdparty/blocksds/core/libs/libnds/lib\libnds9.a(threads.c.o)
                0x0200d950                cothread_yield_irq
 .text.cothread_start
                0x0200d9f8      0x114 C:/msys64/opt/wonderful/thirdparty/blocksds/core/libs/libnds/lib\libnds9.a(threads.c.o)
                0x0200d9f8                cothread_start
 .text.setExceptionHandler
                0x0200db0c       0x18 C:/msys64/opt/wonderful/thirdparty/blocksds/core/libs/libnds/lib\libnds9.a(exceptions.c.o)
                0x0200db0c                setExceptionHandler
 .text.libndsCrash
                0x0200db24        0xc C:/msys64/opt/wonderful/thirdparty/blocksds/core/libs/libnds/lib\libnds9.a(exceptions.c.o)
                0x0200db24                libndsCrash
 .text.fifo_buffer_wait_block
                0x0200db30       0x74 C:/msys64/opt/wonderful/thirdparty/blocksds/core/libs/libnds/lib\libnds9.a(fifosystem.c.o)
 .text.fifoFillTxFifoFromBuffer
                0x0200dba4       0xa0 C:/msys64/opt/wonderful/thirdparty/blocksds/core/libs/libnds/lib\libnds9.a(fifosystem.c.o)
 .text.fifoInternalSendInterrupt
                0x0200dc44        0x8 C:/msys64/opt/wonderful/thirdparty/blocksds/core/libs/libnds/lib\libnds9.a(fifosystem.c.o)
 .text.fifoInternalSend
                0x0200dc4c       0xd8 C:/msys64/opt/wonderful/thirdparty/blocksds/core/libs/libnds/lib\libnds9.a(fifosystem.c.o)
 .text.fifoSendValue32
                0x0200dd24       0x3c C:/msys64/opt/wonderful/thirdparty/blocksds/core/libs/libnds/lib\libnds9.a(fifosystem.c.o)
                0x0200dd24                fifoSendValue32
 .text.fifoSendDatamsg
                0x0200dd60       0x84 C:/msys64/opt/wonderful/thirdparty/blocksds/core/libs/libnds/lib\libnds9.a(fifosystem.c.o)
                0x0200dd60                fifoSendDatamsg
 .text.fifoGetDatamsg
                0x0200dde4       0xe0 C:/msys64/opt/wonderful/thirdparty/blocksds/core/libs/libnds/lib\libnds9.a(fifosystem.c.o)
                0x0200dde4                fifoGetDatamsg
 .text.fifoReadRxFifoAndProcessBuffer
                0x0200dec4      0x344 C:/msys64/opt/wonderful/thirdparty/blocksds/core/libs/libnds/lib\libnds9.a(fifosystem.c.o)
 .text.fifoGetValue32
                0x0200e208       0x7c C:/msys64/opt/wonderful/thirdparty/blocksds/core/libs/libnds/lib\libnds9.a(fifosystem.c.o)
                0x0200e208                fifoGetValue32
 .text.fifoInternalRecvInterrupt
                0x0200e284        0x8 C:/msys64/opt/wonderful/thirdparty/blocksds/core/libs/libnds/lib\libnds9.a(fifosystem.c.o)
 .text.fifoSetValue32Handler
                0x0200e28c       0x80 C:/msys64/opt/wonderful/thirdparty/blocksds/core/libs/libnds/lib\libnds9.a(fifosystem.c.o)
                0x0200e28c                fifoSetValue32Handler
 .text.fifoSetDatamsgHandler
                0x0200e30c       0xa8 C:/msys64/opt/wonderful/thirdparty/blocksds/core/libs/libnds/lib\libnds9.a(fifosystem.c.o)
                0x0200e30c                fifoSetDatamsgHandler
 .text.fifoCheckValue32
                0x0200e3b4       0x34 C:/msys64/opt/wonderful/thirdparty/blocksds/core/libs/libnds/lib\libnds9.a(fifosystem.c.o)
                0x0200e3b4                fifoCheckValue32
 .text.fifoInit
                0x0200e3e8      0x138 C:/msys64/opt/wonderful/thirdparty/blocksds/core/libs/libnds/lib\libnds9.a(fifosystem.c.o)
                0x0200e3e8                fifoInit
 .text.fifoMutexAcquire
                0x0200e520       0x34 C:/msys64/opt/wonderful/thirdparty/blocksds/core/libs/libnds/lib\libnds9.a(fifosystem.c.o)
                0x0200e520                fifoMutexAcquire
 .text.fifoMutexRelease
                0x0200e554       0x20 C:/msys64/opt/wonderful/thirdparty/blocksds/core/libs/libnds/lib\libnds9.a(fifosystem.c.o)
                0x0200e554                fifoMutexRelease
 .text.irqSet   0x0200e574       0x90 C:/msys64/opt/wonderful/thirdparty/blocksds/core/libs/libnds/lib\libnds9.a(interrupts.c.o)
                0x0200e574                irqSet
 .text.irqInit  0x0200e604       0x44 C:/msys64/opt/wonderful/thirdparty/blocksds/core/libs/libnds/lib\libnds9.a(interrupts.c.o)
                0x0200e604                irqInit
 .text.irqEnable
                0x0200e648       0x64 C:/msys64/opt/wonderful/thirdparty/blocksds/core/libs/libnds/lib\libnds9.a(interrupts.c.o)
                0x0200e648                irqEnable
 .text.systemErrorExit
                0x0200e6ac        0x4 C:/msys64/opt/wonderful/thirdparty/blocksds/core/libs/libnds/lib\libnds9.a(exit.c.o)
                0x0200e6ac                systemErrorExit
 .text.__libnds_exit
                0x0200e6b0        0x8 C:/msys64/opt/wonderful/thirdparty/blocksds/core/libs/libnds/lib\libnds9.a(exit.c.o)
                0x0200e6b0                __libnds_exit
 .text._exit    0x0200e6b8       0xb8 C:/msys64/opt/wonderful/thirdparty/blocksds/core/libs/libnds/lib\libnds9.a(exit.c.o)
                0x0200e6b8                _exit
 .text.reduceHeapSize
                0x0200e770       0x2c C:/msys64/opt/wonderful/thirdparty/blocksds/core/libs/libnds/lib\libnds9.a(heapfuncs.c.o)
                0x0200e770                reduceHeapSize
 .text.__retarget_lock_init_recursive
                0x0200e79c       0x44 C:/msys64/opt/wonderful/thirdparty/blocksds/core/libs/libnds/lib\libnds9.a(locks.c.o)
                0x0200e79c                __retarget_lock_init_recursive
 .text.__retarget_lock_acquire_recursive
                0x0200e7e0       0x70 C:/msys64/opt/wonderful/thirdparty/blocksds/core/libs/libnds/lib\libnds9.a(locks.c.o)
                0x0200e7e0                __retarget_lock_acquire_recursive
 .text.__retarget_lock_release_recursive
                0x0200e850       0x58 C:/msys64/opt/wonderful/thirdparty/blocksds/core/libs/libnds/lib\libnds9.a(locks.c.o)
                0x0200e850                __retarget_lock_release_recursive
 .text.__retarget_lock_init
                0x0200e8a8        0x8 C:/msys64/opt/wonderful/thirdparty/blocksds/core/libs/libnds/lib\libnds9.a(locks.c.o)
                0x0200e8a8                __retarget_lock_init
 .text.__retarget_lock_close
                0x0200e8b0       0x30 C:/msys64/opt/wonderful/thirdparty/blocksds/core/libs/libnds/lib\libnds9.a(locks.c.o)
                0x0200e8b0                __retarget_lock_close
 .text.__retarget_lock_acquire
                0x0200e8e0        0x8 C:/msys64/opt/wonderful/thirdparty/blocksds/core/libs/libnds/lib\libnds9.a(locks.c.o)
                0x0200e8e0                __retarget_lock_acquire
 .text.__retarget_lock_release
                0x0200e8e8        0x8 C:/msys64/opt/wonderful/thirdparty/blocksds/core/libs/libnds/lib\libnds9.a(locks.c.o)
                0x0200e8e8                __retarget_lock_release
 .text.sbrk     0x0200e8f0       0x44 C:/msys64/opt/wonderful/thirdparty/blocksds/core/libs/libnds/lib\libnds9.a(sbrk.c.o)
                0x0200e8f0                sbrk
 .text.__ndsabi_coro_make_noctx
                0x0200e934       0x28 C:/msys64/opt/wonderful/thirdparty/blocksds/core/libs/libnds/lib\libnds9.a(coroutine.c.o)
                0x0200e934                __ndsabi_coro_make_noctx
 .text.tchar2uni
                0x0200e95c       0xb4 C:/msys64/opt/wonderful/thirdparty/blocksds/core/libs/libnds/lib\libnds9.a(ff.c.o)
 .text.get_ldnumber
                0x0200ea10       0xdc C:/msys64/opt/wonderful/thirdparty/blocksds/core/libs/libnds/lib\libnds9.a(ff.c.o)
 .text.put_utf  0x0200eaec       0xfc C:/msys64/opt/wonderful/thirdparty/blocksds/core/libs/libnds/lib\libnds9.a(ff.c.o)
 .text.get_fileinfo
                0x0200ebe8      0x190 C:/msys64/opt/wonderful/thirdparty/blocksds/core/libs/libnds/lib\libnds9.a(ff.c.o)
 .text.dir_clear
                0x0200ed78      0x10c C:/msys64/opt/wonderful/thirdparty/blocksds/core/libs/libnds/lib\libnds9.a(ff.c.o)
 .text.unlock_volume.part.0.isra.0
                0x0200ee84        0x8 C:/msys64/opt/wonderful/thirdparty/blocksds/core/libs/libnds/lib\libnds9.a(ff.c.o)
 .text.sync_fs  0x0200ee8c       0xb8 C:/msys64/opt/wonderful/thirdparty/blocksds/core/libs/libnds/lib\libnds9.a(ff.c.o)
 .text.move_window
                0x0200ef44       0x78 C:/msys64/opt/wonderful/thirdparty/blocksds/core/libs/libnds/lib\libnds9.a(ff.c.o)
 .text.put_fat.part.0
                0x0200efbc      0x10c C:/msys64/opt/wonderful/thirdparty/blocksds/core/libs/libnds/lib\libnds9.a(ff.c.o)
 .text.get_fat.isra.0
                0x0200f0c8       0xb8 C:/msys64/opt/wonderful/thirdparty/blocksds/core/libs/libnds/lib\libnds9.a(ff.c.o)
 .text.remove_chain
                0x0200f180       0x84 C:/msys64/opt/wonderful/thirdparty/blocksds/core/libs/libnds/lib\libnds9.a(ff.c.o)
 .text.create_chain
                0x0200f204      0x124 C:/msys64/opt/wonderful/thirdparty/blocksds/core/libs/libnds/lib\libnds9.a(ff.c.o)
 .text.dir_next
                0x0200f328       0xd4 C:/msys64/opt/wonderful/thirdparty/blocksds/core/libs/libnds/lib\libnds9.a(ff.c.o)
 .text.dir_sdi  0x0200f3fc       0x9c C:/msys64/opt/wonderful/thirdparty/blocksds/core/libs/libnds/lib\libnds9.a(ff.c.o)
 .text.dir_alloc
                0x0200f498       0x4c C:/msys64/opt/wonderful/thirdparty/blocksds/core/libs/libnds/lib\libnds9.a(ff.c.o)
 .text.dir_find
                0x0200f4e4      0x1d0 C:/msys64/opt/wonderful/thirdparty/blocksds/core/libs/libnds/lib\libnds9.a(ff.c.o)
 .text.follow_path
                0x0200f6b4      0x41c C:/msys64/opt/wonderful/thirdparty/blocksds/core/libs/libnds/lib\libnds9.a(ff.c.o)
 .text.dir_register
                0x0200fad0      0x304 C:/msys64/opt/wonderful/thirdparty/blocksds/core/libs/libnds/lib\libnds9.a(ff.c.o)
 .text.validate
                0x0200fdd4       0x58 C:/msys64/opt/wonderful/thirdparty/blocksds/core/libs/libnds/lib\libnds9.a(ff.c.o)
 .text.check_fs
                0x0200fe2c      0x150 C:/msys64/opt/wonderful/thirdparty/blocksds/core/libs/libnds/lib\libnds9.a(ff.c.o)
 .text.mount_volume
                0x0200ff7c      0x354 C:/msys64/opt/wonderful/thirdparty/blocksds/core/libs/libnds/lib\libnds9.a(ff.c.o)
 .text.f_mount  0x020102d0       0x9c C:/msys64/opt/wonderful/thirdparty/blocksds/core/libs/libnds/lib\libnds9.a(ff.c.o)
                0x020102d0                libnds_f_mount
 .text.f_open   0x0201036c      0x2c0 C:/msys64/opt/wonderful/thirdparty/blocksds/core/libs/libnds/lib\libnds9.a(ff.c.o)
                0x0201036c                libnds_f_open
 .text.f_read   0x0201062c      0x298 C:/msys64/opt/wonderful/thirdparty/blocksds/core/libs/libnds/lib\libnds9.a(ff.c.o)
                0x0201062c                libnds_f_read
 .text.f_write  0x020108c4      0x2ec C:/msys64/opt/wonderful/thirdparty/blocksds/core/libs/libnds/lib\libnds9.a(ff.c.o)
                0x020108c4                libnds_f_write
 .text.f_sync   0x02010bb0       0xd8 C:/msys64/opt/wonderful/thirdparty/blocksds/core/libs/libnds/lib\libnds9.a(ff.c.o)
                0x02010bb0                libnds_f_sync
 .text.f_close  0x02010c88       0x30 C:/msys64/opt/wonderful/thirdparty/blocksds/core/libs/libnds/lib\libnds9.a(ff.c.o)
                0x02010c88                libnds_f_close
 .text.f_chdrive
                0x02010cb8       0x24 C:/msys64/opt/wonderful/thirdparty/blocksds/core/libs/libnds/lib\libnds9.a(ff.c.o)
                0x02010cb8                libnds_f_chdrive
 .text.f_chdir  0x02010cdc       0xb0 C:/msys64/opt/wonderful/thirdparty/blocksds/core/libs/libnds/lib\libnds9.a(ff.c.o)
                0x02010cdc                libnds_f_chdir
 .text.f_lseek  0x02010d8c      0x310 C:/msys64/opt/wonderful/thirdparty/blocksds/core/libs/libnds/lib\libnds9.a(ff.c.o)
                0x02010d8c                libnds_f_lseek
 .text.f_stat   0x0201109c       0xd8 C:/msys64/opt/wonderful/thirdparty/blocksds/core/libs/libnds/lib\libnds9.a(ff.c.o)
                0x0201109c                libnds_f_stat
 .text.ff_uni2oem
                0x02011174       0x40 C:/msys64/opt/wonderful/thirdparty/blocksds/core/libs/libnds/lib\libnds9.a(ffunicode.c.o)
                0x02011174                libnds_ff_uni2oem
 .text.ff_oem2uni
                0x020111b4       0x2c C:/msys64/opt/wonderful/thirdparty/blocksds/core/libs/libnds/lib\libnds9.a(ffunicode.c.o)
                0x020111b4                libnds_ff_oem2uni
 .text.ff_wtoupper
                0x020111e0       0xcc C:/msys64/opt/wonderful/thirdparty/blocksds/core/libs/libnds/lib\libnds9.a(ffunicode.c.o)
                0x020111e0                libnds_ff_wtoupper
 .text.__aeabi_read_tp
                0x020112ac        0xc C:/msys64/opt/wonderful/thirdparty/blocksds/core/libs/libnds/lib\libnds9.a(aeabi_read_tp.s.o)
                0x020112ac                __aeabi_read_tp
 .text.enterException
                0x020112b8       0xd4 C:/msys64/opt/wonderful/thirdparty/blocksds/core/libs/libnds/lib\libnds9.a(exceptionHandler.s.o)
                0x020112b8                enterException
                0x0201132c                exceptionC
                0x02011330                exceptionStack
                0x02011334                exceptionRegisters
 .text.__ndsabi_coro_resume
                0x0201138c       0x18 C:/msys64/opt/wonderful/thirdparty/blocksds/core/libs/libnds/lib\libnds9.a(coroutine.s.o)
                0x0201138c                __ndsabi_coro_resume
 .text.__ndsabi_coro_yield
                0x020113a4       0x1c C:/msys64/opt/wonderful/thirdparty/blocksds/core/libs/libnds/lib\libnds9.a(coroutine.s.o)
                0x020113a4                __ndsabi_coro_yield
 .text.__ndsabi_coro_pop_noctx
                0x020113c0       0x34 C:/msys64/opt/wonderful/thirdparty/blocksds/core/libs/libnds/lib\libnds9.a(coroutine.s.o)
                0x020113c0                __ndsabi_coro_pop_noctx
 .text.keyboardShiftState.part.0
                0x020113f4       0x78 C:/msys64/opt/wonderful/thirdparty/blocksds/core/libs/libnds/lib\libnds9.a(keyboard.c.o)
 .text.swapKeyGfx.part.0
                0x0201146c      0x134 C:/msys64/opt/wonderful/thirdparty/blocksds/core/libs/libnds/lib\libnds9.a(keyboard.c.o)
 .text.keyboardGetKey
                0x020115a0       0x64 C:/msys64/opt/wonderful/thirdparty/blocksds/core/libs/libnds/lib\libnds9.a(keyboard.c.o)
                0x020115a0                keyboardGetKey
 .text.keyboardUpdate
                0x02011604      0x11c C:/msys64/opt/wonderful/thirdparty/blocksds/core/libs/libnds/lib\libnds9.a(keyboard.c.o)
                0x02011604                keyboardUpdate
 .text.keyboardShow
                0x02011720      0x140 C:/msys64/opt/wonderful/thirdparty/blocksds/core/libs/libnds/lib\libnds9.a(keyboard.c.o)
                0x02011720                keyboardShow
 .text.keyboardHide
                0x02011860       0x90 C:/msys64/opt/wonderful/thirdparty/blocksds/core/libs/libnds/lib\libnds9.a(keyboard.c.o)
                0x02011860                keyboardHide
 .text.cache_initialized
                0x020118f0       0x10 C:/msys64/opt/wonderful/thirdparty/blocksds/core/libs/libnds/lib\libnds9.a(cache.c.o)
                0x020118f0                cache_initialized
 .text.cache_init
                0x02011900       0xac C:/msys64/opt/wonderful/thirdparty/blocksds/core/libs/libnds/lib\libnds9.a(cache.c.o)
                0x02011900                cache_init
 .text.cache_sector_get
                0x020119ac       0x70 C:/msys64/opt/wonderful/thirdparty/blocksds/core/libs/libnds/lib\libnds9.a(cache.c.o)
                0x020119ac                cache_sector_get
 .text.cache_sector_add
                0x02011a1c       0xb0 C:/msys64/opt/wonderful/thirdparty/blocksds/core/libs/libnds/lib\libnds9.a(cache.c.o)
                0x02011a1c                cache_sector_add
 .text.cache_sector_invalidate
                0x02011acc       0x4c C:/msys64/opt/wonderful/thirdparty/blocksds/core/libs/libnds/lib\libnds9.a(cache.c.o)
                0x02011acc                cache_sector_invalidate
 .text.disk_status
                0x02011b18       0x6c C:/msys64/opt/wonderful/thirdparty/blocksds/core/libs/libnds/lib\libnds9.a(diskio.c.o)
                0x02011b18                libnds_disk_status
 .text.disk_initialize
                0x02011b84       0x74 C:/msys64/opt/wonderful/thirdparty/blocksds/core/libs/libnds/lib\libnds9.a(diskio.c.o)
                0x02011b84                libnds_disk_initialize
 .text.disk_read
                0x02011bf8      0x104 C:/msys64/opt/wonderful/thirdparty/blocksds/core/libs/libnds/lib\libnds9.a(diskio.c.o)
                0x02011bf8                libnds_disk_read
 .text.disk_write
                0x02011cfc       0xbc C:/msys64/opt/wonderful/thirdparty/blocksds/core/libs/libnds/lib\libnds9.a(diskio.c.o)
                0x02011cfc                libnds_disk_write
 .text.disk_ioctl
                0x02011db8       0x48 C:/msys64/opt/wonderful/thirdparty/blocksds/core/libs/libnds/lib\libnds9.a(diskio.c.o)
                0x02011db8                libnds_disk_ioctl
 .text.get_fattime
                0x02011e00       0x1c C:/msys64/opt/wonderful/thirdparty/blocksds/core/libs/libnds/lib\libnds9.a(diskio.c.o)
                0x02011e00                libnds_ff_get_fattime
 .text.ff_mutex_create
                0x02011e1c       0x10 C:/msys64/opt/wonderful/thirdparty/blocksds/core/libs/libnds/lib\libnds9.a(ffsystem.c.o)
                0x02011e1c                libnds_ff_mutex_create
 .text.ff_mutex_delete
                0x02011e2c        0x4 C:/msys64/opt/wonderful/thirdparty/blocksds/core/libs/libnds/lib\libnds9.a(ffsystem.c.o)
                0x02011e2c                libnds_ff_mutex_delete
 .text.ff_mutex_take
                0x02011e30       0x18 C:/msys64/opt/wonderful/thirdparty/blocksds/core/libs/libnds/lib\libnds9.a(ffsystem.c.o)
                0x02011e30                libnds_ff_mutex_take
 .text.ff_mutex_give
                0x02011e48       0x1c C:/msys64/opt/wonderful/thirdparty/blocksds/core/libs/libnds/lib\libnds9.a(ffsystem.c.o)
                0x02011e48                libnds_ff_mutex_give
 .text.__sassert
                0x02011e64       0x90 C:/msys64/opt/wonderful/thirdparty/blocksds/core/libs/libnds/lib\libnds9.a(sassert.c.o)
                0x02011e64                __sassert
 .text.releaseCrashHandler
                0x02011ef4       0x7c C:/msys64/opt/wonderful/thirdparty/blocksds/core/libs/libnds/lib\libnds9.a(exceptions.c.o)
 .text.exceptionStatePrint
                0x02011f70       0xf4 C:/msys64/opt/wonderful/thirdparty/blocksds/core/libs/libnds/lib\libnds9.a(exceptions.c.o)
                0x02011f70                exceptionStatePrint
 .text.releaseExceptionHandler
                0x02012064       0x10 C:/msys64/opt/wonderful/thirdparty/blocksds/core/libs/libnds/lib\libnds9.a(exceptions.c.o)
                0x02012064                releaseExceptionHandler
 .text.getCPSR  0x02012074        0x8 C:/msys64/opt/wonderful/thirdparty/blocksds/core/libs/libnds/lib\libnds9.a(cpu.s.o)
                0x02012074                getCPSR
 .text.calloc   0x0201207c       0xb4 C:/msys64/opt/wonderful/toolchain/gcc-arm-none-eabi/lib/gcc/arm-none-eabi/15.2.1/../../../../arm-none-eabi/lib/thumb/arm946e-s\libc.a(malloc-calloc.c.o)
                0x0201207c                calloc
 .text.malloc_trim
                0x02012130       0x9c C:/msys64/opt/wonderful/toolchain/gcc-arm-none-eabi/lib/gcc/arm-none-eabi/15.2.1/../../../../arm-none-eabi/lib/thumb/arm946e-s\libc.a(malloc-free.c.o)
                0x02012130                malloc_trim
 .text.free     0x020121cc      0x164 C:/msys64/opt/wonderful/toolchain/gcc-arm-none-eabi/lib/gcc/arm-none-eabi/15.2.1/../../../../arm-none-eabi/lib/thumb/arm946e-s\libc.a(malloc-free.c.o)
                0x020121cc                free
                0x020121cc                __malloc_free
 .text.malloc   0x02012330      0x434 C:/msys64/opt/wonderful/toolchain/gcc-arm-none-eabi/lib/gcc/arm-none-eabi/15.2.1/../../../../arm-none-eabi/lib/thumb/arm946e-s\libc.a(malloc-malloc.c.o)
                0x02012330                __malloc_malloc
                0x02012330                malloc
 .text.realloc  0x02012764      0x35c C:/msys64/opt/wonderful/toolchain/gcc-arm-none-eabi/lib/gcc/arm-none-eabi/15.2.1/../../../../arm-none-eabi/lib/thumb/arm946e-s\libc.a(malloc-realloc.c.o)
                0x02012764                realloc
 .text.__libc_init_array
                0x02012ac0       0x1c C:/msys64/opt/wonderful/toolchain/gcc-arm-none-eabi/lib/gcc/arm-none-eabi/15.2.1/../../../../arm-none-eabi/lib/thumb/arm946e-s\libc.a(libc_misc_init.c.o)
                0x02012ac0                __libc_init_array
 .text.fclose   0x02012adc       0x18 C:/msys64/opt/wonderful/toolchain/gcc-arm-none-eabi/lib/gcc/arm-none-eabi/15.2.1/../../../../arm-none-eabi/lib/thumb/arm946e-s\libc.a(libc_stdio_fclose.c.o)
                0x02012adc                fclose
 .text.fdopen   0x02012af4       0xa0 C:/msys64/opt/wonderful/toolchain/gcc-arm-none-eabi/lib/gcc/arm-none-eabi/15.2.1/../../../../arm-none-eabi/lib/thumb/arm946e-s\libc.a(libc_stdio_fdopen.c.o)
                0x02012af4                fdopen
 .text.fflush   0x02012b94       0x10 C:/msys64/opt/wonderful/toolchain/gcc-arm-none-eabi/lib/gcc/arm-none-eabi/15.2.1/../../../../arm-none-eabi/lib/thumb/arm946e-s\libc.a(libc_stdio_fflush.c.o)
                0x02012b94                fflush
 .text.fileno   0x02012ba4       0x10 C:/msys64/opt/wonderful/toolchain/gcc-arm-none-eabi/lib/gcc/arm-none-eabi/15.2.1/../../../../arm-none-eabi/lib/thumb/arm946e-s\libc.a(libc_stdio_fileno.c.o)
                0x02012ba4                fileno
 .text.fopen    0x02012bb4       0x3a C:/msys64/opt/wonderful/toolchain/gcc-arm-none-eabi/lib/gcc/arm-none-eabi/15.2.1/../../../../arm-none-eabi/lib/thumb/arm946e-s\libc.a(libc_stdio_fopen.c.o)
                0x02012bb4                fopen
 *fill*         0x02012bee        0x2 ff
 .text.fread    0x02012bf0      0x1b8 C:/msys64/opt/wonderful/toolchain/gcc-arm-none-eabi/lib/gcc/arm-none-eabi/15.2.1/../../../../arm-none-eabi/lib/thumb/arm946e-s\libc.a(libc_stdio_fread.c.o)
                0x02012bf0                fread
 .text.fseek    0x02012da8       0x40 C:/msys64/opt/wonderful/toolchain/gcc-arm-none-eabi/lib/gcc/arm-none-eabi/15.2.1/../../../../arm-none-eabi/lib/thumb/arm946e-s\libc.a(libc_stdio_fseek.c.o)
                0x02012da8                fseek
 .text.fseeko   0x02012de8       0x40 C:/msys64/opt/wonderful/toolchain/gcc-arm-none-eabi/lib/gcc/arm-none-eabi/15.2.1/../../../../arm-none-eabi/lib/thumb/arm946e-s\libc.a(libc_stdio_fseeko.c.o)
                0x02012de8                fseeko
 .text.ftell    0x02012e28       0x3c C:/msys64/opt/wonderful/toolchain/gcc-arm-none-eabi/lib/gcc/arm-none-eabi/15.2.1/../../../../arm-none-eabi/lib/thumb/arm946e-s\libc.a(libc_stdio_ftell.c.o)
                0x02012e28                ftell
 .text.fwrite   0x02012e64      0x16e C:/msys64/opt/wonderful/toolchain/gcc-arm-none-eabi/lib/gcc/arm-none-eabi/15.2.1/../../../../arm-none-eabi/lib/thumb/arm946e-s\libc.a(libc_stdio_fwrite.c.o)
                0x02012e64                fwrite
 *fill*         0x02012fd2        0x2 ff
 .text.printf   0x02012fd4       0x20 C:/msys64/opt/wonderful/toolchain/gcc-arm-none-eabi/lib/gcc/arm-none-eabi/15.2.1/../../../../arm-none-eabi/lib/thumb/arm946e-s\libc.a(libc_stdio_printf.c.o)
                0x02012fd4                printf
 .text.putchar  0x02012ff4       0x10 C:/msys64/opt/wonderful/toolchain/gcc-arm-none-eabi/lib/gcc/arm-none-eabi/15.2.1/../../../../arm-none-eabi/lib/thumb/arm946e-s\libc.a(libc_stdio_putchar.c.o)
                0x02012ff4                putchar_unlocked
                0x02012ff4                putchar
 .text.puts     0x02013004       0x44 C:/msys64/opt/wonderful/toolchain/gcc-arm-none-eabi/lib/gcc/arm-none-eabi/15.2.1/../../../../arm-none-eabi/lib/thumb/arm946e-s\libc.a(libc_stdio_puts.c.o)
                0x02013004                puts
 .text.rewind   0x02013048       0x16 C:/msys64/opt/wonderful/toolchain/gcc-arm-none-eabi/lib/gcc/arm-none-eabi/15.2.1/../../../../arm-none-eabi/lib/thumb/arm946e-s\libc.a(libc_stdio_rewind.c.o)
                0x02013048                rewind
 .text.setvbuf  0x0201305e       0x18 C:/msys64/opt/wonderful/toolchain/gcc-arm-none-eabi/lib/gcc/arm-none-eabi/15.2.1/../../../../arm-none-eabi/lib/thumb/arm946e-s\libc.a(libc_stdio_setvbuf.c.o)
                0x0201305e                setvbuf
 *fill*         0x02013076        0x2 ff
 .text.__stdio_flags
                0x02013078       0x58 C:/msys64/opt/wonderful/toolchain/gcc-arm-none-eabi/lib/gcc/arm-none-eabi/15.2.1/../../../../arm-none-eabi/lib/thumb/arm946e-s\libc.a(libc_stdio_sflags.c.o)
                0x02013078                __stdio_flags
 .text.snprintf
                0x020130d0       0x54 C:/msys64/opt/wonderful/toolchain/gcc-arm-none-eabi/lib/gcc/arm-none-eabi/15.2.1/../../../../arm-none-eabi/lib/thumb/arm946e-s\libc.a(libc_stdio_snprintf.c.o)
                0x020130d0                snprintf
 .text.__ultoa_invert
                0x02013124       0x52 C:/msys64/opt/wonderful/toolchain/gcc-arm-none-eabi/lib/gcc/arm-none-eabi/15.2.1/../../../../arm-none-eabi/lib/thumb/arm946e-s\libc.a(libc_stdio_vfprintf.c.o)
 *fill*         0x02013176        0x2 ff
 .text.skip_to_arg
                0x02013178      0x13c C:/msys64/opt/wonderful/toolchain/gcc-arm-none-eabi/lib/gcc/arm-none-eabi/15.2.1/../../../../arm-none-eabi/lib/thumb/arm946e-s\libc.a(libc_stdio_vfprintf.c.o)
 .text.vfprintf
                0x020132b4      0x9c4 C:/msys64/opt/wonderful/toolchain/gcc-arm-none-eabi/lib/gcc/arm-none-eabi/15.2.1/../../../../arm-none-eabi/lib/thumb/arm946e-s\libc.a(libc_stdio_vfprintf.c.o)
                0x020132b4                vfprintf
                0x020132b4                __d_vfprintf
 .text.vprintf  0x02013c78       0x14 C:/msys64/opt/wonderful/toolchain/gcc-arm-none-eabi/lib/gcc/arm-none-eabi/15.2.1/../../../../arm-none-eabi/lib/thumb/arm946e-s\libc.a(libc_stdio_vprintf.c.o)
                0x02013c78                vprintf
 .text.mulShiftAll64
                0x02013c8c      0x202 C:/msys64/opt/wonderful/toolchain/gcc-arm-none-eabi/lib/gcc/arm-none-eabi/15.2.1/../../../../arm-none-eabi/lib/thumb/arm946e-s\libc.a(libc_stdio_dtoa_ryu.c.o)
 *fill*         0x02013e8e        0x2 ff
 .text.div10    0x02013e90       0x28 C:/msys64/opt/wonderful/toolchain/gcc-arm-none-eabi/lib/gcc/arm-none-eabi/15.2.1/../../../../arm-none-eabi/lib/thumb/arm946e-s\libc.a(libc_stdio_dtoa_ryu.c.o)
 .text.__dtoa_engine
                0x02013eb8      0x4b8 C:/msys64/opt/wonderful/toolchain/gcc-arm-none-eabi/lib/gcc/arm-none-eabi/15.2.1/../../../../arm-none-eabi/lib/thumb/arm946e-s\libc.a(libc_stdio_dtoa_ryu.c.o)
                0x02013eb8                __dtoa_engine
 .text.__log10Pow2
                0x02014370        0xc C:/msys64/opt/wonderful/toolchain/gcc-arm-none-eabi/lib/gcc/arm-none-eabi/15.2.1/../../../../arm-none-eabi/lib/thumb/arm946e-s\libc.a(libc_stdio_ryu_log10.c.o)
                0x02014370                __log10Pow2
 .text.__log10Pow5
                0x0201437c        0xc C:/msys64/opt/wonderful/toolchain/gcc-arm-none-eabi/lib/gcc/arm-none-eabi/15.2.1/../../../../arm-none-eabi/lib/thumb/arm946e-s\libc.a(libc_stdio_ryu_log10.c.o)
                0x0201437c                __log10Pow5
 .text.__pow5bits
                0x02014388       0x10 C:/msys64/opt/wonderful/toolchain/gcc-arm-none-eabi/lib/gcc/arm-none-eabi/15.2.1/../../../../arm-none-eabi/lib/thumb/arm946e-s\libc.a(libc_stdio_ryu_pow5bits.c.o)
                0x02014388                __pow5bits
 .text.__pow5Factor
                0x02014398       0x2c C:/msys64/opt/wonderful/toolchain/gcc-arm-none-eabi/lib/gcc/arm-none-eabi/15.2.1/../../../../arm-none-eabi/lib/thumb/arm946e-s\libc.a(libc_stdio_ryu_table.c.o)
                0x02014398                __pow5Factor
 .text.__double_computePow5
                0x020143c4      0x100 C:/msys64/opt/wonderful/toolchain/gcc-arm-none-eabi/lib/gcc/arm-none-eabi/15.2.1/../../../../arm-none-eabi/lib/thumb/arm946e-s\libc.a(libc_stdio_ryu_table.c.o)
                0x020143c4                __double_computePow5
 .text.__double_computeInvPow5
                0x020144c4       0xfc C:/msys64/opt/wonderful/toolchain/gcc-arm-none-eabi/lib/gcc/arm-none-eabi/15.2.1/../../../../arm-none-eabi/lib/thumb/arm946e-s\libc.a(libc_stdio_ryu_table.c.o)
                0x020144c4                __double_computeInvPow5
 .text.__umul128
                0x020145c0       0x6c C:/msys64/opt/wonderful/toolchain/gcc-arm-none-eabi/lib/gcc/arm-none-eabi/15.2.1/../../../../arm-none-eabi/lib/thumb/arm946e-s\libc.a(libc_stdio_ryu_umul128.c.o)
                0x020145c0                __umul128
 .text.__shiftright128
                0x0201462c       0x28 C:/msys64/opt/wonderful/toolchain/gcc-arm-none-eabi/lib/gcc/arm-none-eabi/15.2.1/../../../../arm-none-eabi/lib/thumb/arm946e-s\libc.a(libc_stdio_ryu_umul128.c.o)
                0x0201462c                __shiftright128
 .text.rand     0x02014654        0xc C:/msys64/opt/wonderful/toolchain/gcc-arm-none-eabi/lib/gcc/arm-none-eabi/15.2.1/../../../../arm-none-eabi/lib/thumb/arm946e-s\libc.a(libc_stdlib_rand.c.o)
                0x02014654                rand
 .text.random   0x02014660       0x34 C:/msys64/opt/wonderful/toolchain/gcc-arm-none-eabi/lib/gcc/arm-none-eabi/15.2.1/../../../../arm-none-eabi/lib/thumb/arm946e-s\libc.a(libc_stdlib_random.c.o)
                0x02014660                random
 .text.srand    0x02014694        0x8 C:/msys64/opt/wonderful/toolchain/gcc-arm-none-eabi/lib/gcc/arm-none-eabi/15.2.1/../../../../arm-none-eabi/lib/thumb/arm946e-s\libc.a(libc_stdlib_srand.c.o)
                0x02014694                srand
 .text.srandom  0x0201469c       0x18 C:/msys64/opt/wonderful/toolchain/gcc-arm-none-eabi/lib/gcc/arm-none-eabi/15.2.1/../../../../arm-none-eabi/lib/thumb/arm946e-s\libc.a(libc_stdlib_srandom.c.o)
                0x0201469c                srandom
 .text.exit     0x020146b4        0xe C:/msys64/opt/wonderful/toolchain/gcc-arm-none-eabi/lib/gcc/arm-none-eabi/15.2.1/../../../../arm-none-eabi/lib/thumb/arm946e-s\libc.a(libc_stdlib_pico-exit.c.o)
                0x020146b4                exit
 .text.memcmp   0x020146c2       0x1c C:/msys64/opt/wonderful/toolchain/gcc-arm-none-eabi/lib/gcc/arm-none-eabi/15.2.1/../../../../arm-none-eabi/lib/thumb/arm946e-s\libc.a(libc_string_memcmp.c.o)
                0x020146c2                memcmp
 .text.strchr   0x020146de       0x1e C:/msys64/opt/wonderful/toolchain/gcc-arm-none-eabi/lib/gcc/arm-none-eabi/15.2.1/../../../../arm-none-eabi/lib/thumb/arm946e-s\libc.a(libc_string_strchr.c.o)
                0x020146de                strchr
 .text.strdup   0x020146fc       0x20 C:/msys64/opt/wonderful/toolchain/gcc-arm-none-eabi/lib/gcc/arm-none-eabi/15.2.1/../../../../arm-none-eabi/lib/thumb/arm946e-s\libc.a(libc_string_strdup.c.o)
                0x020146fc                strdup
 .text.strncmp  0x0201471c       0x24 C:/msys64/opt/wonderful/toolchain/gcc-arm-none-eabi/lib/gcc/arm-none-eabi/15.2.1/../../../../arm-none-eabi/lib/thumb/arm946e-s\libc.a(libc_string_strncmp.c.o)
                0x0201471c                strncmp
 .text.strnlen  0x02014740       0x16 C:/msys64/opt/wonderful/toolchain/gcc-arm-none-eabi/lib/gcc/arm-none-eabi/15.2.1/../../../../arm-none-eabi/lib/thumb/arm946e-s\libc.a(libc_string_strnlen.c.o)
                0x02014740                strnlen
 .text.strstr   0x02014756       0x2c C:/msys64/opt/wonderful/toolchain/gcc-arm-none-eabi/lib/gcc/arm-none-eabi/15.2.1/../../../../arm-none-eabi/lib/thumb/arm946e-s\libc.a(libc_string_strstr.c.o)
                0x02014756                strstr
 .text.difftime
                0x02014782        0xc C:/msys64/opt/wonderful/toolchain/gcc-arm-none-eabi/lib/gcc/arm-none-eabi/15.2.1/../../../../arm-none-eabi/lib/thumb/arm946e-s\libc.a(libc_time_difftime.c.o)
                0x02014782                difftime
 *fill*         0x0201478e        0x2 ff
 .text.localtime
                0x02014790       0x18 C:/msys64/opt/wonderful/toolchain/gcc-arm-none-eabi/lib/gcc/arm-none-eabi/15.2.1/../../../../arm-none-eabi/lib/thumb/arm946e-s\libc.a(libc_time_lcltime.c.o)
                0x02014790                localtime
 .text.localtime_r
                0x020147a8      0x1f8 C:/msys64/opt/wonderful/toolchain/gcc-arm-none-eabi/lib/gcc/arm-none-eabi/15.2.1/../../../../arm-none-eabi/lib/thumb/arm946e-s\libc.a(libc_time_lcltime_r.c.o)
                0x020147a8                localtime_r
 .text.time     0x020149a0       0x28 C:/msys64/opt/wonderful/toolchain/gcc-arm-none-eabi/lib/gcc/arm-none-eabi/15.2.1/../../../../arm-none-eabi/lib/thumb/arm946e-s\libc.a(libc_time_time.c.o)
                0x020149a0                time
 .text.__tzcalc_limits
                0x020149c8      0x178 C:/msys64/opt/wonderful/toolchain/gcc-arm-none-eabi/lib/gcc/arm-none-eabi/15.2.1/../../../../arm-none-eabi/lib/thumb/arm946e-s\libc.a(libc_time_tzcalc_limits.c.o)
                0x020149c8                __tzcalc_limits
 .text._tzset_unlocked
                0x02014b40      0x3e0 C:/msys64/opt/wonderful/toolchain/gcc-arm-none-eabi/lib/gcc/arm-none-eabi/15.2.1/../../../../arm-none-eabi/lib/thumb/arm946e-s\libc.a(libc_time_tzset.c.o)
                0x02014b40                _tzset_unlocked
 .text.ceil     0x02014f20       0xa4 C:/msys64/opt/wonderful/toolchain/gcc-arm-none-eabi/lib/gcc/arm-none-eabi/15.2.1/../../../../arm-none-eabi/lib/thumb/arm946e-s\libc.a(libm_machine_arm_s_ceil.c.o)
                0x02014f20                ceill
                0x02014f20                ceil
 .text.memmove  0x02014fc4       0x26 C:/msys64/opt/wonderful/toolchain/gcc-arm-none-eabi/lib/gcc/arm-none-eabi/15.2.1/../../../../arm-none-eabi/lib/thumb/arm946e-s\libc.a(memmove.c.o)
                0x02014fc4                __aeabi_memmove8
                0x02014fc4                __aeabi_memmove
                0x02014fc4                __aeabi_memmove4
                0x02014fc4                memmove
 *fill*         0x02014fea        0x2 ff
 .text.__libc_fini_array
                0x02014fec       0x1c C:/msys64/opt/wonderful/toolchain/gcc-arm-none-eabi/lib/gcc/arm-none-eabi/15.2.1/../../../../arm-none-eabi/lib/thumb/arm946e-s\libc.a(libc_misc_fini.c.o)
                0x02014fec                __libc_fini_array
 .text.__picolibc_non_atomic_load_ungetc
                0x02015008        0x4 C:/msys64/opt/wonderful/toolchain/gcc-arm-none-eabi/lib/gcc/arm-none-eabi/15.2.1/../../../../arm-none-eabi/lib/thumb/arm946e-s\libc.a(libc_stdio_atomic_load.c.o)
                0x02015008                __picolibc_non_atomic_load_ungetc
                0x02015008                __atomic_load_ungetc
 .text.__bufio_lock
                0x0201500c       0x18 C:/msys64/opt/wonderful/toolchain/gcc-arm-none-eabi/lib/gcc/arm-none-eabi/15.2.1/../../../../arm-none-eabi/lib/thumb/arm946e-s\libc.a(libc_stdio_bufio.c.o)
 .text.__bufio_flush_locked
                0x02015024       0x66 C:/msys64/opt/wonderful/toolchain/gcc-arm-none-eabi/lib/gcc/arm-none-eabi/15.2.1/../../../../arm-none-eabi/lib/thumb/arm946e-s\libc.a(libc_stdio_bufio.c.o)
                0x02015024                __bufio_flush_locked
 .text.__bufio_fill_locked
                0x0201508a       0x2c C:/msys64/opt/wonderful/toolchain/gcc-arm-none-eabi/lib/gcc/arm-none-eabi/15.2.1/../../../../arm-none-eabi/lib/thumb/arm946e-s\libc.a(libc_stdio_bufio.c.o)
                0x0201508a                __bufio_fill_locked
 .text.__bufio_flush
                0x020150b6       0x1a C:/msys64/opt/wonderful/toolchain/gcc-arm-none-eabi/lib/gcc/arm-none-eabi/15.2.1/../../../../arm-none-eabi/lib/thumb/arm946e-s\libc.a(libc_stdio_bufio.c.o)
                0x020150b6                __bufio_flush
 .text.__bufio_setdir_locked
                0x020150d0       0x1a C:/msys64/opt/wonderful/toolchain/gcc-arm-none-eabi/lib/gcc/arm-none-eabi/15.2.1/../../../../arm-none-eabi/lib/thumb/arm946e-s\libc.a(libc_stdio_bufio.c.o)
                0x020150d0                __bufio_setdir_locked
 .text.__bufio_put
                0x020150ea       0x50 C:/msys64/opt/wonderful/toolchain/gcc-arm-none-eabi/lib/gcc/arm-none-eabi/15.2.1/../../../../arm-none-eabi/lib/thumb/arm946e-s\libc.a(libc_stdio_bufio.c.o)
                0x020150ea                __bufio_put
 *fill*         0x0201513a        0x2 ff
 .text.__bufio_get
                0x0201513c       0x70 C:/msys64/opt/wonderful/toolchain/gcc-arm-none-eabi/lib/gcc/arm-none-eabi/15.2.1/../../../../arm-none-eabi/lib/thumb/arm946e-s\libc.a(libc_stdio_bufio.c.o)
                0x0201513c                __bufio_get
 .text.__bufio_seek
                0x020151ac       0x6a C:/msys64/opt/wonderful/toolchain/gcc-arm-none-eabi/lib/gcc/arm-none-eabi/15.2.1/../../../../arm-none-eabi/lib/thumb/arm946e-s\libc.a(libc_stdio_bufio.c.o)
                0x020151ac                __bufio_seek
 .text.__bufio_setvbuf
                0x02015216       0x88 C:/msys64/opt/wonderful/toolchain/gcc-arm-none-eabi/lib/gcc/arm-none-eabi/15.2.1/../../../../arm-none-eabi/lib/thumb/arm946e-s\libc.a(libc_stdio_bufio.c.o)
                0x02015216                __bufio_setvbuf
 .text.__bufio_close
                0x0201529e       0x4a C:/msys64/opt/wonderful/toolchain/gcc-arm-none-eabi/lib/gcc/arm-none-eabi/15.2.1/../../../../arm-none-eabi/lib/thumb/arm946e-s\libc.a(libc_stdio_bufio.c.o)
                0x0201529e                __bufio_close
 .text.__dtox_engine
                0x020152e8      0x128 C:/msys64/opt/wonderful/toolchain/gcc-arm-none-eabi/lib/gcc/arm-none-eabi/15.2.1/../../../../arm-none-eabi/lib/thumb/arm946e-s\libc.a(libc_stdio_dtox_engine.c.o)
                0x020152e8                __dtox_engine
 .text.__picolibc_non_atomic_exchange_ungetc
                0x02015410        0x8 C:/msys64/opt/wonderful/toolchain/gcc-arm-none-eabi/lib/gcc/arm-none-eabi/15.2.1/../../../../arm-none-eabi/lib/thumb/arm946e-s\libc.a(libc_stdio_exchange.c.o)
                0x02015410                __picolibc_non_atomic_exchange_ungetc
                0x02015410                __atomic_exchange_ungetc
 .text.getc     0x02015418       0x44 C:/msys64/opt/wonderful/toolchain/gcc-arm-none-eabi/lib/gcc/arm-none-eabi/15.2.1/../../../../arm-none-eabi/lib/thumb/arm946e-s\libc.a(libc_stdio_fgetc.c.o)
                0x02015418                getc
                0x02015418                fgetc
                0x02015418                getc_unlocked
 .text.__file_str_put
                0x0201545c       0x10 C:/msys64/opt/wonderful/toolchain/gcc-arm-none-eabi/lib/gcc/arm-none-eabi/15.2.1/../../../../arm-none-eabi/lib/thumb/arm946e-s\libc.a(libc_stdio_filestrput.c.o)
                0x0201545c                __file_str_put
 .text.putc     0x0201546c       0x2c C:/msys64/opt/wonderful/toolchain/gcc-arm-none-eabi/lib/gcc/arm-none-eabi/15.2.1/../../../../arm-none-eabi/lib/thumb/arm946e-s\libc.a(libc_stdio_fputc.c.o)
                0x0201546c                putc
                0x0201546c                fputc
                0x0201546c                putc_unlocked
 .text.sscanf   0x02015498       0x3c C:/msys64/opt/wonderful/toolchain/gcc-arm-none-eabi/lib/gcc/arm-none-eabi/15.2.1/../../../../arm-none-eabi/lib/thumb/arm946e-s\libc.a(libc_stdio_sscanf.c.o)
                0x02015498                sscanf
 .text.strtoul  0x020154d4      0x12c C:/msys64/opt/wonderful/toolchain/gcc-arm-none-eabi/lib/gcc/arm-none-eabi/15.2.1/../../../../arm-none-eabi/lib/thumb/arm946e-s\libc.a(libc_stdio_strtoul.c.o)
                0x020154d4                strtoul
 .text.scanf_getc
                0x02015600       0x14 C:/msys64/opt/wonderful/toolchain/gcc-arm-none-eabi/lib/gcc/arm-none-eabi/15.2.1/../../../../arm-none-eabi/lib/thumb/arm946e-s\libc.a(libc_stdio_vfscanf.c.o)
 .text.scanf_ungetc
                0x02015614       0x12 C:/msys64/opt/wonderful/toolchain/gcc-arm-none-eabi/lib/gcc/arm-none-eabi/15.2.1/../../../../arm-none-eabi/lib/thumb/arm946e-s\libc.a(libc_stdio_vfscanf.c.o)
 .text.skip_spaces
                0x02015626       0x2a C:/msys64/opt/wonderful/toolchain/gcc-arm-none-eabi/lib/gcc/arm-none-eabi/15.2.1/../../../../arm-none-eabi/lib/thumb/arm946e-s\libc.a(libc_stdio_vfscanf.c.o)
 .text.putval   0x02015650       0x2a C:/msys64/opt/wonderful/toolchain/gcc-arm-none-eabi/lib/gcc/arm-none-eabi/15.2.1/../../../../arm-none-eabi/lib/thumb/arm946e-s\libc.a(libc_stdio_vfscanf.c.o)
 *fill*         0x0201567a        0x2 ff
 .text.vfscanf  0x0201567c      0x9ac C:/msys64/opt/wonderful/toolchain/gcc-arm-none-eabi/lib/gcc/arm-none-eabi/15.2.1/../../../../arm-none-eabi/lib/thumb/arm946e-s\libc.a(libc_stdio_vfscanf.c.o)
                0x0201567c                vfscanf
                0x0201567c                __d_vfscanf
 .text.mulShift64
                0x02016028       0x62 C:/msys64/opt/wonderful/toolchain/gcc-arm-none-eabi/lib/gcc/arm-none-eabi/15.2.1/../../../../arm-none-eabi/lib/thumb/arm946e-s\libc.a(libc_stdio_atod_ryu.c.o)
 *fill*         0x0201608a        0x2 ff
 .text.__atod_engine
                0x0201608c      0x158 C:/msys64/opt/wonderful/toolchain/gcc-arm-none-eabi/lib/gcc/arm-none-eabi/15.2.1/../../../../arm-none-eabi/lib/thumb/arm946e-s\libc.a(libc_stdio_atod_ryu.c.o)
                0x0201608c                __atod_engine
 .text.__atof_engine
                0x020161e4      0x120 C:/msys64/opt/wonderful/toolchain/gcc-arm-none-eabi/lib/gcc/arm-none-eabi/15.2.1/../../../../arm-none-eabi/lib/thumb/arm946e-s\libc.a(libc_stdio_atof_ryu.c.o)
                0x020161e4                __atof_engine
 .text.mulShift32
                0x02016304       0x44 C:/msys64/opt/wonderful/toolchain/gcc-arm-none-eabi/lib/gcc/arm-none-eabi/15.2.1/../../../../arm-none-eabi/lib/thumb/arm946e-s\libc.a(libc_stdio_ryu_divpow2.c.o)
 .text.__mulPow5InvDivPow2
                0x02016348       0x28 C:/msys64/opt/wonderful/toolchain/gcc-arm-none-eabi/lib/gcc/arm-none-eabi/15.2.1/../../../../arm-none-eabi/lib/thumb/arm946e-s\libc.a(libc_stdio_ryu_divpow2.c.o)
                0x02016348                __mulPow5InvDivPow2
 .text.__mulPow5divPow2
                0x02016370       0x20 C:/msys64/opt/wonderful/toolchain/gcc-arm-none-eabi/lib/gcc/arm-none-eabi/15.2.1/../../../../arm-none-eabi/lib/thumb/arm946e-s\libc.a(libc_stdio_ryu_divpow2.c.o)
                0x02016370                __mulPow5divPow2
 .text.__log2pow5
                0x02016390        0xc C:/msys64/opt/wonderful/toolchain/gcc-arm-none-eabi/lib/gcc/arm-none-eabi/15.2.1/../../../../arm-none-eabi/lib/thumb/arm946e-s\libc.a(libc_stdio_ryu_log2pow5.c.o)
                0x02016390                __log2pow5
 .text.__ceil_log2pow5
                0x0201639c       0x10 C:/msys64/opt/wonderful/toolchain/gcc-arm-none-eabi/lib/gcc/arm-none-eabi/15.2.1/../../../../arm-none-eabi/lib/thumb/arm946e-s\libc.a(libc_stdio_ryu_log2pow5.c.o)
                0x0201639c                __ceil_log2pow5
 .text.getenv   0x020163ac        0xa C:/msys64/opt/wonderful/toolchain/gcc-arm-none-eabi/lib/gcc/arm-none-eabi/15.2.1/../../../../arm-none-eabi/lib/thumb/arm946e-s\libc.a(libc_stdlib_getenv.c.o)
                0x020163ac                getenv
 *fill*         0x020163b6        0x2 ff
 .text._findenv
                0x020163b8       0x7c C:/msys64/opt/wonderful/toolchain/gcc-arm-none-eabi/lib/gcc/arm-none-eabi/15.2.1/../../../../arm-none-eabi/lib/thumb/arm946e-s\libc.a(libc_stdlib_getenv_r.c.o)
                0x020163b8                _findenv
 .text.__gettzinfo
                0x02016434        0x8 C:/msys64/opt/wonderful/toolchain/gcc-arm-none-eabi/lib/gcc/arm-none-eabi/15.2.1/../../../../arm-none-eabi/lib/thumb/arm946e-s\libc.a(libc_time_gettzinfo.c.o)
                0x02016434                __gettzinfo
 .text.gmtime_r
                0x0201643c      0x1bc C:/msys64/opt/wonderful/toolchain/gcc-arm-none-eabi/lib/gcc/arm-none-eabi/15.2.1/../../../../arm-none-eabi/lib/thumb/arm946e-s\libc.a(libc_time_gmtime_r.c.o)
                0x0201643c                gmtime_r
 .text.isnan    0x020165f8       0x18 C:/msys64/opt/wonderful/toolchain/gcc-arm-none-eabi/lib/gcc/arm-none-eabi/15.2.1/../../../../arm-none-eabi/lib/thumb/arm946e-s\libc.a(libm_common_s_isnan.c.o)
                0x020165f8                isnan
                0x020165f8                isnanl
                0x020165f8                __isnand
                0x020165f8                __isnanl
 .text.__file_str_get
                0x02016610       0x16 C:/msys64/opt/wonderful/toolchain/gcc-arm-none-eabi/lib/gcc/arm-none-eabi/15.2.1/../../../../arm-none-eabi/lib/thumb/arm946e-s\libc.a(libc_stdio_filestrget.c.o)
                0x02016610                __file_str_get
 .text.ungetc   0x02016626       0x36 C:/msys64/opt/wonderful/toolchain/gcc-arm-none-eabi/lib/gcc/arm-none-eabi/15.2.1/../../../../arm-none-eabi/lib/thumb/arm946e-s\libc.a(libc_stdio_ungetc.c.o)
                0x02016626                ungetc
 .text.__picolibc_non_atomic_compare_exchange_ungetc
                0x0201665c       0x12 C:/msys64/opt/wonderful/toolchain/gcc-arm-none-eabi/lib/gcc/arm-none-eabi/15.2.1/../../../../arm-none-eabi/lib/thumb/arm946e-s\libc.a(libc_stdio_compare_exchange.c.o)
                0x0201665c                __atomic_compare_exchange_ungetc
                0x0201665c                __picolibc_non_atomic_compare_exchange_ungetc
 *fill*         0x0201666e        0x2 ff
 .text.gettimeofday
                0x02016670       0x1c C:/msys64/opt/wonderful/thirdparty/blocksds/core/libs/libnds/lib\libnds9.a(syscalls.c.o)
                0x02016670                gettimeofday
 *fill*         0x0201668c        0x4 ff
 .text.gettimeofday.__stub
                0x02016690       0x40 linker stubs
 *(EXCLUDE_FILE(*.twl*) .gnu.warning)
 *(EXCLUDE_FILE(*.twl*) .gnu.linkonce.t*)
 *(.glue_7)
 .glue_7        0x020166d0        0x0 linker stubs
 *(.glue_7t)
 .glue_7t       0x020166d0        0x0 linker stubs
                0x020166d0                        . = ALIGN (0x4)

.vfp11_veneer   0x020166d0        0x0
 .vfp11_veneer  0x020166d0        0x0 linker stubs

.v4_bx          0x020166d0        0x0
 .v4_bx         0x020166d0        0x0 linker stubs

.iplt           0x020166d0        0x0
 .iplt          0x020166d0        0x0 C:/msys64/opt/wonderful/thirdparty/blocksds/core/sys/crts/ds_arm9_crt0.o

.fini           0x020166d0        0x8
 *(.fini)
 .fini          0x020166d0        0x8 C:/msys64/opt/wonderful/toolchain/gcc-arm-none-eabi/lib/gcc/arm-none-eabi/15.2.1/thumb/arm946e-s/crtn.o
                0x020166d8                        __text_end = .

.rodata         0x020166d8     0x20bc
 *(EXCLUDE_FILE(*.twl*) .rodata)
 .rodata        0x020166d8       0x90 C:/msys64/opt/wonderful/thirdparty/blocksds/external/nflib/lib\libnflib.a(nf_sprite256.c.o)
 .rodata        0x02016768       0x14 C:/msys64/opt/wonderful/thirdparty/blocksds/core/libs/libnds/lib\libnds9.a(fatfs.c.o)
 .rodata        0x0201677c       0x40 C:/msys64/opt/wonderful/thirdparty/blocksds/core/libs/libnds/lib\libnds9.a(exceptions.c.o)
 *fill*         0x020167bc        0x4 ff
 .rodata        0x020167c0      0x340 C:/msys64/opt/wonderful/toolchain/gcc-arm-none-eabi/lib/gcc/arm-none-eabi/15.2.1/../../../../arm-none-eabi/lib/thumb/arm946e-s\libc.a(libc_stdio_ryu_table.c.o)
 .rodata        0x02016b00       0x18 C:/msys64/opt/wonderful/toolchain/gcc-arm-none-eabi/lib/gcc/arm-none-eabi/15.2.1/../../../../arm-none-eabi/lib/thumb/arm946e-s\libc.a(libc_time_month_lengths.c.o)
                0x02016b00                __month_lengths
 .rodata        0x02016b18        0xb C:/msys64/opt/wonderful/toolchain/gcc-arm-none-eabi/lib/gcc/arm-none-eabi/15.2.1/../../../../arm-none-eabi/lib/thumb/arm946e-s\libc.a(libc_stdio_vfscanf.c.o)
 *fill*         0x02016b23        0x1 ff
 .rodata        0x02016b24        0x4 C:/msys64/opt/wonderful/toolchain/gcc-arm-none-eabi/lib/gcc/arm-none-eabi/15.2.1/../../../../arm-none-eabi/lib/thumb/arm946e-s\libc.a(libc_stdlib_environ.c.o)
 *all.rodata*(*)
 *(EXCLUDE_FILE(*.twl*) .roda)
 *(EXCLUDE_FILE(*.twl*) .rodata.*)
 .rodata.onCreate.str1.4
                0x02016b28      0xfec build/fnaf_ds/source/game.c.o
                                0x413 (size before relaxing)
 .rodata.onPostCreate.str1.4
                0x02017b14        0x0 build/fnaf_ds/source/game.c.o
                                 0x29 (size before relaxing)
 .rodata.onUpdate.str1.4
                0x02017b14        0x0 build/fnaf_ds/source/game.c.o
                                 0xec (size before relaxing)
 .rodata.initEverything.str1.4
                0x02017b14        0x0 build/fnaf_ds/source/init.c.o
                                 0x2b (size before relaxing)
 .rodata.menuCreate.str1.4
                0x02017b14        0x0 build/fnaf_ds/source/mainmenu.c.o
                                 0xf9 (size before relaxing)
 .rodata.CSWTCH.17
                0x02017b14        0xc build/fnaf_ds/source/mainmenu.c.o
 .rodata.newspaperStuff.str1.4
                0x02017b20        0x0 build/fnaf_ds/source/newspaper.c.o
                                 0x19 (size before relaxing)
 .rodata.NF_LoadSpriteGfx.str1.4
                0x02017b20        0x0 C:/msys64/opt/wonderful/thirdparty/blocksds/external/nflib/lib\libnflib.a(nf_sprite256.c.o)
                                 0x1a (size before relaxing)
 .rodata.NF_LoadSpritePal.str1.4
                0x02017b20        0x0 C:/msys64/opt/wonderful/thirdparty/blocksds/external/nflib/lib\libnflib.a(nf_sprite256.c.o)
                                 0x1a (size before relaxing)
 .rodata.NF_VramSpriteGfx.str1.4
                0x02017b20        0x0 C:/msys64/opt/wonderful/thirdparty/blocksds/external/nflib/lib\libnflib.a(nf_sprite256.c.o)
                                 0x20 (size before relaxing)
 .rodata.NF_VramSpritePal.str1.4
                0x02017b20        0x0 C:/msys64/opt/wonderful/thirdparty/blocksds/external/nflib/lib\libnflib.a(nf_sprite256.c.o)
                                 0x14 (size before relaxing)
 .rodata.NF_CreateSprite.str1.4
                0x02017b20        0x0 C:/msys64/opt/wonderful/thirdparty/blocksds/external/nflib/lib\libnflib.a(nf_sprite256.c.o)
                                 0x18 (size before relaxing)
 .rodata.NF_DeleteSprite.str1.4
                0x02017b20        0x0 C:/msys64/opt/wonderful/thirdparty/blocksds/external/nflib/lib\libnflib.a(nf_sprite256.c.o)
                                  0x3 (size before relaxing)